Archive member included to satisfy reference by file (symbol)

/opt/st/stm32cubeide_1.0.2/plugins/com.st.stm32cube.ide.mcu.externaltools.gnu-tools-for-stm32.7-2018-q2-update.linux64_1.0.0.201904181610/tools/bin/../lib/gcc/arm-none-eabi/7.3.1/../../../../arm-none-eabi/lib/thumb/v7-m/libstdc++_nano.a(del_ops.o)
                              Src/Odometry.o (operator delete(void*, unsigned int))
/opt/st/stm32cubeide_1.0.2/plugins/com.st.stm32cube.ide.mcu.externaltools.gnu-tools-for-stm32.7-2018-q2-update.linux64_1.0.0.201904181610/tools/bin/../lib/gcc/arm-none-eabi/7.3.1/../../../../arm-none-eabi/lib/thumb/v7-m/libstdc++_nano.a(new_op.o)
                              Src/Odometry.o (operator new(unsigned int))
/opt/st/stm32cubeide_1.0.2/plugins/com.st.stm32cube.ide.mcu.externaltools.gnu-tools-for-stm32.7-2018-q2-update.linux64_1.0.0.201904181610/tools/bin/../lib/gcc/arm-none-eabi/7.3.1/../../../../arm-none-eabi/lib/thumb/v7-m/libstdc++_nano.a(new_handler.o)
                              /opt/st/stm32cubeide_1.0.2/plugins/com.st.stm32cube.ide.mcu.externaltools.gnu-tools-for-stm32.7-2018-q2-update.linux64_1.0.0.201904181610/tools/bin/../lib/gcc/arm-none-eabi/7.3.1/../../../../arm-none-eabi/lib/thumb/v7-m/libstdc++_nano.a(new_op.o) (std::get_new_handler())
/opt/st/stm32cubeide_1.0.2/plugins/com.st.stm32cube.ide.mcu.externaltools.gnu-tools-for-stm32.7-2018-q2-update.linux64_1.0.0.201904181610/tools/bin/../lib/gcc/arm-none-eabi/7.3.1/../../../../arm-none-eabi/lib/thumb/v7-m/libstdc++_nano.a(del_op.o)
                              /opt/st/stm32cubeide_1.0.2/plugins/com.st.stm32cube.ide.mcu.externaltools.gnu-tools-for-stm32.7-2018-q2-update.linux64_1.0.0.201904181610/tools/bin/../lib/gcc/arm-none-eabi/7.3.1/../../../../arm-none-eabi/lib/thumb/v7-m/libstdc++_nano.a(del_ops.o) (operator delete(void*))
/opt/st/stm32cubeide_1.0.2/plugins/com.st.stm32cube.ide.mcu.externaltools.gnu-tools-for-stm32.7-2018-q2-update.linux64_1.0.0.201904181610/tools/bin/../lib/gcc/arm-none-eabi/7.3.1/../../../../arm-none-eabi/lib/thumb/v7-m/libm.a(lib_a-sf_cos.o)
                              Src/Odometry.o (cosf)
/opt/st/stm32cubeide_1.0.2/plugins/com.st.stm32cube.ide.mcu.externaltools.gnu-tools-for-stm32.7-2018-q2-update.linux64_1.0.0.201904181610/tools/bin/../lib/gcc/arm-none-eabi/7.3.1/../../../../arm-none-eabi/lib/thumb/v7-m/libm.a(lib_a-sf_sin.o)
                              Src/Odometry.o (sinf)
/opt/st/stm32cubeide_1.0.2/plugins/com.st.stm32cube.ide.mcu.externaltools.gnu-tools-for-stm32.7-2018-q2-update.linux64_1.0.0.201904181610/tools/bin/../lib/gcc/arm-none-eabi/7.3.1/../../../../arm-none-eabi/lib/thumb/v7-m/libm.a(lib_a-wf_asin.o)
                              Src/MadgwickAHRS.o (asinf)
/opt/st/stm32cubeide_1.0.2/plugins/com.st.stm32cube.ide.mcu.externaltools.gnu-tools-for-stm32.7-2018-q2-update.linux64_1.0.0.201904181610/tools/bin/../lib/gcc/arm-none-eabi/7.3.1/../../../../arm-none-eabi/lib/thumb/v7-m/libm.a(lib_a-wf_atan2.o)
                              Src/MadgwickAHRS.o (atan2f)
/opt/st/stm32cubeide_1.0.2/plugins/com.st.stm32cube.ide.mcu.externaltools.gnu-tools-for-stm32.7-2018-q2-update.linux64_1.0.0.201904181610/tools/bin/../lib/gcc/arm-none-eabi/7.3.1/../../../../arm-none-eabi/lib/thumb/v7-m/libm.a(lib_a-wf_sqrt.o)
                              Src/MadgwickAHRS.o (sqrtf)
/opt/st/stm32cubeide_1.0.2/plugins/com.st.stm32cube.ide.mcu.externaltools.gnu-tools-for-stm32.7-2018-q2-update.linux64_1.0.0.201904181610/tools/bin/../lib/gcc/arm-none-eabi/7.3.1/../../../../arm-none-eabi/lib/thumb/v7-m/libm.a(lib_a-ef_asin.o)
                              /opt/st/stm32cubeide_1.0.2/plugins/com.st.stm32cube.ide.mcu.externaltools.gnu-tools-for-stm32.7-2018-q2-update.linux64_1.0.0.201904181610/tools/bin/../lib/gcc/arm-none-eabi/7.3.1/../../../../arm-none-eabi/lib/thumb/v7-m/libm.a(lib_a-wf_asin.o) (__ieee754_asinf)
/opt/st/stm32cubeide_1.0.2/plugins/com.st.stm32cube.ide.mcu.externaltools.gnu-tools-for-stm32.7-2018-q2-update.linux64_1.0.0.201904181610/tools/bin/../lib/gcc/arm-none-eabi/7.3.1/../../../../arm-none-eabi/lib/thumb/v7-m/libm.a(lib_a-ef_atan2.o)
                              /opt/st/stm32cubeide_1.0.2/plugins/com.st.stm32cube.ide.mcu.externaltools.gnu-tools-for-stm32.7-2018-q2-update.linux64_1.0.0.201904181610/tools/bin/../lib/gcc/arm-none-eabi/7.3.1/../../../../arm-none-eabi/lib/thumb/v7-m/libm.a(lib_a-wf_atan2.o) (__ieee754_atan2f)
/opt/st/stm32cubeide_1.0.2/plugins/com.st.stm32cube.ide.mcu.externaltools.gnu-tools-for-stm32.7-2018-q2-update.linux64_1.0.0.201904181610/tools/bin/../lib/gcc/arm-none-eabi/7.3.1/../../../../arm-none-eabi/lib/thumb/v7-m/libm.a(lib_a-ef_rem_pio2.o)
                              /opt/st/stm32cubeide_1.0.2/plugins/com.st.stm32cube.ide.mcu.externaltools.gnu-tools-for-stm32.7-2018-q2-update.linux64_1.0.0.201904181610/tools/bin/../lib/gcc/arm-none-eabi/7.3.1/../../../../arm-none-eabi/lib/thumb/v7-m/libm.a(lib_a-sf_cos.o) (__ieee754_rem_pio2f)
[...]
Memory Configuration

Name             Origin             Length             Attributes
RAM              0x0000000020000000 0x0000000000005000 xrw
FLASH            0x0000000008000000 0x0000000000010000 xr
*default*        0x0000000000000000 0xffffffffffffffff

Linker script and memory map

LOAD /opt/st/stm32cubeide_1.0.2/plugins/com.st.stm32cube.ide.mcu.externaltools.gnu-tools-for-stm32.7-2018-q2-update.linux64_1.0.0.201904181610/tools/bin/../lib/gcc/arm-none-eabi/7.3.1/thumb/v7-m/crti.o
LOAD /opt/st/stm32cubeide_1.0.2/plugins/com.st.stm32cube.ide.mcu.externaltools.gnu-tools-for-stm32.7-2018-q2-update.linux64_1.0.0.201904181610/tools/bin/../lib/gcc/arm-none-eabi/7.3.1/thumb/v7-m/crtbegin.o
LOAD /opt/st/stm32cubeide_1.0.2/plugins/com.st.stm32cube.ide.mcu.externaltools.gnu-tools-for-stm32.7-2018-q2-update.linux64_1.0.0.201904181610/tools/bin/../lib/gcc/arm-none-eabi/7.3.1/../../../../arm-none-eabi/lib/thumb/v7-m/crt0.o
LOAD Drivers/STM32F1xx_HAL_Driver/Src/stm32f1xx_hal.o
LOAD Drivers/STM32F1xx_HAL_Driver/Src/stm32f1xx_hal_adc.o
LOAD Drivers/STM32F1xx_HAL_Driver/Src/stm32f1xx_hal_adc_ex.o
LOAD Drivers/STM32F1xx_HAL_Driver/Src/stm32f1xx_hal_can.o
LOAD Drivers/STM32F1xx_HAL_Driver/Src/stm32f1xx_hal_cec.o
LOAD Drivers/STM32F1xx_HAL_Driver/Src/stm32f1xx_hal_cortex.o
LOAD Drivers/STM32F1xx_HAL_Driver/Src/stm32f1xx_hal_crc.o
LOAD Drivers/STM32F1xx_HAL_Driver/Src/stm32f1xx_hal_dac.o
LOAD Drivers/STM32F1xx_HAL_Driver/Src/stm32f1xx_hal_dac_ex.o
LOAD Drivers/STM32F1xx_HAL_Driver/Src/stm32f1xx_hal_dma.o
LOAD Drivers/STM32F1xx_HAL_Driver/Src/stm32f1xx_hal_eth.o
LOAD Drivers/STM32F1xx_HAL_Driver/Src/stm32f1xx_hal_flash.o
LOAD Drivers/STM32F1xx_HAL_Driver/Src/stm32f1xx_hal_flash_ex.o
LOAD Drivers/STM32F1xx_HAL_Driver/Src/stm32f1xx_hal_gpio.o
LOAD Drivers/STM32F1xx_HAL_Driver/Src/stm32f1xx_hal_gpio_ex.o
LOAD Drivers/STM32F1xx_HAL_Driver/Src/stm32f1xx_hal_hcd.o
LOAD Drivers/STM32F1xx_HAL_Driver/Src/stm32f1xx_hal_i2c.o
LOAD Drivers/STM32F1xx_HAL_Driver/Src/stm32f1xx_hal_i2s.o
LOAD Drivers/STM32F1xx_HAL_Driver/Src/stm32f1xx_hal_irda.o
LOAD Drivers/STM32F1xx_HAL_Driver/Src/stm32f1xx_hal_iwdg.o
LOAD Drivers/STM32F1xx_HAL_Driver/Src/stm32f1xx_hal_mmc.o
LOAD Drivers/STM32F1xx_HAL_Driver/Src/stm32f1xx_hal_nand.o
LOAD Drivers/STM32F1xx_HAL_Driver/Src/stm32f1xx_hal_nor.o
LOAD Drivers/STM32F1xx_HAL_Driver/Src/stm32f1xx_hal_pccard.o
LOAD Drivers/STM32F1xx_HAL_Driver/Src/stm32f1xx_hal_pcd.o
LOAD Drivers/STM32F1xx_HAL_Driver/Src/stm32f1xx_hal_pcd_ex.o
LOAD Drivers/STM32F1xx_HAL_Driver/Src/stm32f1xx_hal_pwr.o
LOAD Drivers/STM32F1xx_HAL_Driver/Src/stm32f1xx_hal_rcc.o
LOAD Drivers/STM32F1xx_HAL_Driver/Src/stm32f1xx_hal_rcc_ex.o
LOAD Drivers/STM32F1xx_HAL_Driver/Src/stm32f1xx_hal_rtc.o
LOAD Drivers/STM32F1xx_HAL_Driver/Src/stm32f1xx_hal_rtc_ex.o
LOAD Drivers/STM32F1xx_HAL_Driver/Src/stm32f1xx_hal_sd.o
LOAD Drivers/STM32F1xx_HAL_Driver/Src/stm32f1xx_hal_smartcard.o
LOAD Drivers/STM32F1xx_HAL_Driver/Src/stm32f1xx_hal_spi.o
LOAD Drivers/STM32F1xx_HAL_Driver/Src/stm32f1xx_hal_spi_ex.o
LOAD Drivers/STM32F1xx_HAL_Driver/Src/stm32f1xx_hal_sram.o
LOAD Drivers/STM32F1xx_HAL_Driver/Src/stm32f1xx_hal_tim.o
LOAD Drivers/STM32F1xx_HAL_Driver/Src/stm32f1xx_hal_tim_ex.o
LOAD Drivers/STM32F1xx_HAL_Driver/Src/stm32f1xx_hal_uart.o
LOAD Drivers/STM32F1xx_HAL_Driver/Src/stm32f1xx_hal_usart.o
LOAD Drivers/STM32F1xx_HAL_Driver/Src/stm32f1xx_hal_wwdg.o
LOAD Drivers/STM32F1xx_HAL_Driver/Src/stm32f1xx_ll_adc.o
LOAD Drivers/STM32F1xx_HAL_Driver/Src/stm32f1xx_ll_crc.o
LOAD Drivers/STM32F1xx_HAL_Driver/Src/stm32f1xx_ll_dac.o
LOAD Drivers/STM32F1xx_HAL_Driver/Src/stm32f1xx_ll_dma.o
LOAD Drivers/STM32F1xx_HAL_Driver/Src/stm32f1xx_ll_exti.o
LOAD Drivers/STM32F1xx_HAL_Driver/Src/stm32f1xx_ll_fsmc.o
LOAD Drivers/STM32F1xx_HAL_Driver/Src/stm32f1xx_ll_gpio.o
LOAD Drivers/STM32F1xx_HAL_Driver/Src/stm32f1xx_ll_i2c.o
LOAD Drivers/STM32F1xx_HAL_Driver/Src/stm32f1xx_ll_pwr.o
LOAD Drivers/STM32F1xx_HAL_Driver/Src/stm32f1xx_ll_rcc.o
LOAD Drivers/STM32F1xx_HAL_Driver/Src/stm32f1xx_ll_rtc.o
LOAD Drivers/STM32F1xx_HAL_Driver/Src/stm32f1xx_ll_sdmmc.o
LOAD Drivers/STM32F1xx_HAL_Driver/Src/stm32f1xx_ll_spi.o
LOAD Drivers/STM32F1xx_HAL_Driver/Src/stm32f1xx_ll_tim.o
LOAD Drivers/STM32F1xx_HAL_Driver/Src/stm32f1xx_ll_usart.o
LOAD Drivers/STM32F1xx_HAL_Driver/Src/stm32f1xx_ll_usb.o
LOAD Drivers/STM32F1xx_HAL_Driver/Src/stm32f1xx_ll_utils.o
LOAD Src/MPU9250.o
LOAD Src/MadgwickAHRS.o
LOAD Src/Odometry.o
LOAD Src/can.o
LOAD Src/led.o
LOAD Src/main.o
LOAD Src/stm32f1xx_hal_msp.o
LOAD Src/stm32f1xx_it.o
LOAD Src/system_stm32f1xx.o
LOAD startup/startup_stm32f103xb.o
START GROUP
LOAD /opt/st/stm32cubeide_1.0.2/plugins/com.st.stm32cube.ide.mcu.externaltools.gnu-tools-for-stm32.7-2018-q2-update.linux64_1.0.0.201904181610/tools/bin/../lib/gcc/arm-none-eabi/7.3.1/../../../../arm-none-eabi/lib/thumb/v7-m/libstdc++_nano.a
LOAD /opt/st/stm32cubeide_1.0.2/plugins/com.st.stm32cube.ide.mcu.externaltools.gnu-tools-for-stm32.7-2018-q2-update.linux64_1.0.0.201904181610/tools/bin/../lib/gcc/arm-none-eabi/7.3.1/../../../../arm-none-eabi/lib/thumb/v7-m/libsupc++_nano.a
END GROUP
LOAD /opt/st/stm32cubeide_1.0.2/plugins/com.st.stm32cube.ide.mcu.externaltools.gnu-tools-for-stm32.7-2018-q2-update.linux64_1.0.0.201904181610/tools/bin/../lib/gcc/arm-none-eabi/7.3.1/../../../../arm-none-eabi/lib/thumb/v7-m/libstdc++_nano.a
LOAD /opt/st/stm32cubeide_1.0.2/plugins/com.st.stm32cube.ide.mcu.externaltools.gnu-tools-for-stm32.7-2018-q2-update.linux64_1.0.0.201904181610/tools/bin/../lib/gcc/arm-none-eabi/7.3.1/../../../../arm-none-eabi/lib/thumb/v7-m/libm.a
LOAD /opt/st/stm32cubeide_1.0.2/plugins/com.st.stm32cube.ide.mcu.externaltools.gnu-tools-for-stm32.7-2018-q2-update.linux64_1.0.0.201904181610/tools/bin/../lib/gcc/arm-none-eabi/7.3.1/../../../../arm-none-eabi/lib/thumb/v7-m/libc.a
START GROUP
LOAD /opt/st/stm32cubeide_1.0.2/plugins/com.st.stm32cube.ide.mcu.externaltools.gnu-tools-for-stm32.7-2018-q2-update.linux64_1.0.0.201904181610/tools/bin/../lib/gcc/arm-none-eabi/7.3.1/thumb/v7-m/libgcc.a
LOAD /opt/st/stm32cubeide_1.0.2/plugins/com.st.stm32cube.ide.mcu.externaltools.gnu-tools-for-stm32.7-2018-q2-update.linux64_1.0.0.201904181610/tools/bin/../lib/gcc/arm-none-eabi/7.3.1/../../../../arm-none-eabi/lib/thumb/v7-m/libc.a
END GROUP
START GROUP
LOAD /opt/st/stm32cubeide_1.0.2/plugins/com.st.stm32cube.ide.mcu.externaltools.gnu-tools-for-stm32.7-2018-q2-update.linux64_1.0.0.201904181610/tools/bin/../lib/gcc/arm-none-eabi/7.3.1/thumb/v7-m/libgcc.a
LOAD /opt/st/stm32cubeide_1.0.2/plugins/com.st.stm32cube.ide.mcu.externaltools.gnu-tools-for-stm32.7-2018-q2-update.linux64_1.0.0.201904181610/tools/bin/../lib/gcc/arm-none-eabi/7.3.1/../../../../arm-none-eabi/lib/thumb/v7-m/libc.a
LOAD /opt/st/stm32cubeide_1.0.2/plugins/com.st.stm32cube.ide.mcu.externaltools.gnu-tools-for-stm32.7-2018-q2-update.linux64_1.0.0.201904181610/tools/bin/../lib/gcc/arm-none-eabi/7.3.1/../../../../arm-none-eabi/lib/thumb/v7-m/libnosys.a
END GROUP
START GROUP
LOAD /opt/st/stm32cubeide_1.0.2/plugins/com.st.stm32cube.ide.mcu.externaltools.gnu-tools-for-stm32.7-2018-q2-update.linux64_1.0.0.201904181610/tools/bin/../lib/gcc/arm-none-eabi/7.3.1/thumb/v7-m/libgcc.a
LOAD /opt/st/stm32cubeide_1.0.2/plugins/com.st.stm32cube.ide.mcu.externaltools.gnu-tools-for-stm32.7-2018-q2-update.linux64_1.0.0.201904181610/tools/bin/../lib/gcc/arm-none-eabi/7.3.1/../../../../arm-none-eabi/lib/thumb/v7-m/libc.a
LOAD /opt/st/stm32cubeide_1.0.2/plugins/com.st.stm32cube.ide.mcu.externaltools.gnu-tools-for-stm32.7-2018-q2-update.linux64_1.0.0.201904181610/tools/bin/../lib/gcc/arm-none-eabi/7.3.1/../../../../arm-none-eabi/lib/thumb/v7-m/libnosys.a
END GROUP
LOAD /opt/st/stm32cubeide_1.0.2/plugins/com.st.stm32cube.ide.mcu.externaltools.gnu-tools-for-stm32.7-2018-q2-update.linux64_1.0.0.201904181610/tools/bin/../lib/gcc/arm-none-eabi/7.3.1/thumb/v7-m/crtend.o
LOAD /opt/st/stm32cubeide_1.0.2/plugins/com.st.stm32cube.ide.mcu.externaltools.gnu-tools-for-stm32.7-2018-q2-update.linux64_1.0.0.201904181610/tools/bin/../lib/gcc/arm-none-eabi/7.3.1/thumb/v7-m/crtn.o
                0x0000000020005000                _estack = 0x20005000
                0x0000000000000200                _Min_Heap_Size = 0x200
                0x0000000000000400                _Min_Stack_Size = 0x400

.isr_vector     0x0000000008000000      0x10c
                0x0000000008000000                . = ALIGN (0x4)
 *(.isr_vector)
 .isr_vector    0x0000000008000000      0x10c startup/startup_stm32f103xb.o
                0x0000000008000000                g_pfnVectors
                0x000000000800010c                . = ALIGN (0x4)

.text           0x000000000800010c     0x63e8
                0x000000000800010c                . = ALIGN (0x4)
 *(.text)
 .text          0x000000000800010c       0x40 /opt/st/stm32cubeide_1.0.2/plugins/com.st.stm32cube.ide.mcu.externaltools.gnu-tools-for-stm32.7-2018-q2-update.linux64_1.0.0.201904181610/tools/bin/../lib/gcc/arm-none-eabi/7.3.1/thumb/v7-m/crtbegin.o
 .text          0x000000000800014c      0x378 /opt/st/stm32cubeide_1.0.2/plugins/com.st.stm32cube.ide.mcu.externaltools.gnu-tools-for-stm32.7-2018-q2-update.linux64_1.0.0.201904181610/tools/bin/../lib/gcc/arm-none-eabi/7.3.1/thumb/v7-m/libgcc.a(_arm_addsubdf3.o)
                0x000000000800014c                __aeabi_drsub
                0x0000000008000154                __aeabi_dsub
                0x0000000008000154                __subdf3
                0x0000000008000158                __adddf3
                0x0000000008000158                __aeabi_dadd
                0x00000000080003d0                __aeabi_ui2d
                0x00000000080003d0                __floatunsidf
                0x00000000080003f0                __floatsidf
                0x00000000080003f0                __aeabi_i2d
                0x0000000008000414                __extendsfdf2
                0x0000000008000414                __aeabi_f2d
                0x0000000008000458                __aeabi_ul2d
                0x0000000008000458                __floatundidf
                0x0000000008000468                __floatdidf
                0x0000000008000468                __aeabi_l2d
 .text          0x00000000080004c4      0x424 /opt/st/stm32cubeide_1.0.2/plugins/com.st.stm32cube.ide.mcu.externaltools.gnu-tools-for-stm32.7-2018-q2-update.linux64_1.0.0.201904181610/tools/bin/../lib/gcc/arm-none-eabi/7.3.1/thumb/v7-m/libgcc.a(_arm_muldivdf3.o)
                0x00000000080004c4                __aeabi_dmul
                0x00000000080004c4                __muldf3
                0x0000000008000718                __aeabi_ddiv
                0x0000000008000718                __divdf3
 .text          0x00000000080008e8       0xa0 /opt/st/stm32cubeide_1.0.2/plugins/com.st.stm32cube.ide.mcu.externaltools.gnu-tools-for-stm32.7-2018-q2-update.linux64_1.0.0.201904181610/tools/bin/../lib/gcc/arm-none-eabi/7.3.1/thumb/v7-m/libgcc.a(_arm_truncdfsf2.o)
                0x00000000080008e8                __aeabi_d2f
                0x00000000080008e8                __truncdfsf2
 .text          0x0000000008000988      0x21c /opt/st/stm32cubeide_1.0.2/plugins/com.st.stm32cube.ide.mcu.externaltools.gnu-tools-for-stm32.7-2018-q2-update.linux64_1.0.0.201904181610/tools/bin/../lib/gcc/arm-none-eabi/7.3.1/thumb/v7-m/libgcc.a(_arm_addsubsf3.o)
                0x0000000008000988                __aeabi_frsub
                0x0000000008000990                __subsf3
                0x0000000008000990                __aeabi_fsub
                0x0000000008000994                __aeabi_fadd
                0x0000000008000994                __addsf3
                0x0000000008000af4                __aeabi_ui2f
                0x0000000008000af4                __floatunsisf
                0x0000000008000afc                __aeabi_i2f
                0x0000000008000afc                __floatsisf
                0x0000000008000b18                __floatundisf
                0x0000000008000b18                __aeabi_ul2f
                0x0000000008000b28                __floatdisf
                0x0000000008000b28                __aeabi_l2f
 .text          0x0000000008000ba4      0x2a0 /opt/st/stm32cubeide_1.0.2/plugins/com.st.stm32cube.ide.mcu.externaltools.gnu-tools-for-stm32.7-2018-q2-update.linux64_1.0.0.201904181610/tools/bin/../lib/gcc/arm-none-eabi/7.3.1/thumb/v7-m/libgcc.a(_arm_muldivsf3.o)
                0x0000000008000ba4                __mulsf3
                0x0000000008000ba4                __aeabi_fmul
                0x0000000008000d0c                __divsf3
                0x0000000008000d0c                __aeabi_fdiv
 .text          0x0000000008000e44       0xec /opt/st/stm32cubeide_1.0.2/plugins/com.st.stm32cube.ide.mcu.externaltools.gnu-tools-for-stm32.7-2018-q2-update.linux64_1.0.0.201904181610/tools/bin/../lib/gcc/arm-none-eabi/7.3.1/thumb/v7-m/libgcc.a(_arm_cmpsf2.o)
                0x0000000008000e44                __gtsf2
                0x0000000008000e44                __gesf2
                0x0000000008000e4c                __lesf2
                0x0000000008000e4c                __ltsf2
                0x0000000008000e54                __nesf2
                0x0000000008000e54                __eqsf2
                0x0000000008000e54                __cmpsf2
                0x0000000008000eb4                __aeabi_cfrcmple
                0x0000000008000ebc                __aeabi_cfcmple
                0x0000000008000ebc                __aeabi_cfcmpeq
                0x0000000008000ecc                __aeabi_fcmpeq
                0x0000000008000ee0                __aeabi_fcmplt
                0x0000000008000ef4                __aeabi_fcmple
                0x0000000008000f08                __aeabi_fcmpge
                0x0000000008000f1c                __aeabi_fcmpgt
 .text          0x0000000008000f30       0x2c /opt/st/stm32cubeide_1.0.2/plugins/com.st.stm32cube.ide.mcu.externaltools.gnu-tools-for-stm32.7-2018-q2-update.linux64_1.0.0.201904181610/tools/bin/../lib/gcc/arm-none-eabi/7.3.1/thumb/v7-m/libgcc.a(_arm_unordsf2.o)
                0x0000000008000f30                __aeabi_fcmpun
                0x0000000008000f30                __unordsf2
 .text          0x0000000008000f5c       0x4c /opt/st/stm32cubeide_1.0.2/plugins/com.st.stm32cube.ide.mcu.externaltools.gnu-tools-for-stm32.7-2018-q2-update.linux64_1.0.0.201904181610/tools/bin/../lib/gcc/arm-none-eabi/7.3.1/thumb/v7-m/libgcc.a(_arm_fixsfsi.o)
                0x0000000008000f5c                __fixsfsi
                0x0000000008000f5c                __aeabi_f2iz
 *(.text*)
 .text.HAL_InitTick
                0x0000000008000fa8       0x48 Drivers/STM32F1xx_HAL_Driver/Src/stm32f1xx_hal.o
                0x0000000008000fa8                HAL_InitTick
 .text.HAL_Init
                0x0000000008000ff0       0x24 Drivers/STM32F1xx_HAL_Driver/Src/stm32f1xx_hal.o
                0x0000000008000ff0                HAL_Init
 .text.HAL_IncTick
                0x0000000008001014       0x18 Drivers/STM32F1xx_HAL_Driver/Src/stm32f1xx_hal.o
                0x0000000008001014                HAL_IncTick
 .text.HAL_GetTick
                0x000000000800102c        0xc Drivers/STM32F1xx_HAL_Driver/Src/stm32f1xx_hal.o
                0x000000000800102c                HAL_GetTick
 .text.HAL_Delay
                0x0000000008001038       0x24 Drivers/STM32F1xx_HAL_Driver/Src/stm32f1xx_hal.o
                0x0000000008001038                HAL_Delay
 .text.HAL_CAN_Init
                0x000000000800105c       0xf6 Drivers/STM32F1xx_HAL_Driver/Src/stm32f1xx_hal_can.o
                0x000000000800105c                HAL_CAN_Init
 .text.HAL_CAN_ConfigFilter
                0x0000000008001152       0xd8 Drivers/STM32F1xx_HAL_Driver/Src/stm32f1xx_hal_can.o
                0x0000000008001152                HAL_CAN_ConfigFilter
 .text.HAL_CAN_Start
                0x000000000800122a       0x56 Drivers/STM32F1xx_HAL_Driver/Src/stm32f1xx_hal_can.o
                0x000000000800122a                HAL_CAN_Start
 .text.HAL_CAN_AddTxMessage
                0x0000000008001280       0x9a Drivers/STM32F1xx_HAL_Driver/Src/stm32f1xx_hal_can.o
                0x0000000008001280                HAL_CAN_AddTxMessage
 .text.HAL_CAN_ActivateNotification
                0x000000000800131a       0x22 Drivers/STM32F1xx_HAL_Driver/Src/stm32f1xx_hal_can.o
                0x000000000800131a                HAL_CAN_ActivateNotification
 .text.HAL_NVIC_SetPriorityGrouping
                0x000000000800133c       0x24 Drivers/STM32F1xx_HAL_Driver/Src/stm32f1xx_hal_cortex.o
                0x000000000800133c                HAL_NVIC_SetPriorityGrouping
 .text.HAL_NVIC_SetPriority
                0x0000000008001360       0x68 Drivers/STM32F1xx_HAL_Driver/Src/stm32f1xx_hal_cortex.o
                0x0000000008001360                HAL_NVIC_SetPriority
 .text.HAL_NVIC_EnableIRQ
                0x00000000080013c8       0x18 Drivers/STM32F1xx_HAL_Driver/Src/stm32f1xx_hal_cortex.o
                0x00000000080013c8                HAL_NVIC_EnableIRQ
 .text.HAL_SYSTICK_Config
                0x00000000080013e0       0x2c Drivers/STM32F1xx_HAL_Driver/Src/stm32f1xx_hal_cortex.o
                0x00000000080013e0                HAL_SYSTICK_Config
 .text.HAL_DMA_Abort_IT
                0x000000000800140c       0x90 Drivers/STM32F1xx_HAL_Driver/Src/stm32f1xx_hal_dma.o
                0x000000000800140c                HAL_DMA_Abort_IT
 .text.HAL_GPIO_Init
                0x000000000800149c      0x1c0 Drivers/STM32F1xx_HAL_Driver/Src/stm32f1xx_hal_gpio.o
                0x000000000800149c                HAL_GPIO_Init
 .text.HAL_GPIO_WritePin
                0x000000000800165c        0xa Drivers/STM32F1xx_HAL_Driver/Src/stm32f1xx_hal_gpio.o
                0x000000000800165c                HAL_GPIO_WritePin
 *fill*         0x0000000008001666        0x2 
 .text.HAL_RCC_OscConfig
                0x0000000008001668      0x318 Drivers/STM32F1xx_HAL_Driver/Src/stm32f1xx_hal_rcc.o
                0x0000000008001668                HAL_RCC_OscConfig
 .text.HAL_RCC_GetSysClockFreq
                0x0000000008001980       0x74 Drivers/STM32F1xx_HAL_Driver/Src/stm32f1xx_hal_rcc.o
                0x0000000008001980                HAL_RCC_GetSysClockFreq
 .text.HAL_RCC_ClockConfig
                0x00000000080019f4      0x160 Drivers/STM32F1xx_HAL_Driver/Src/stm32f1xx_hal_rcc.o
                0x00000000080019f4                HAL_RCC_ClockConfig
 .text.HAL_RCC_GetPCLK1Freq
                0x0000000008001b54       0x20 Drivers/STM32F1xx_HAL_Driver/Src/stm32f1xx_hal_rcc.o
                0x0000000008001b54                HAL_RCC_GetPCLK1Freq
 .text.HAL_RCC_GetPCLK2Freq
                0x0000000008001b74       0x20 Drivers/STM32F1xx_HAL_Driver/Src/stm32f1xx_hal_rcc.o
                0x0000000008001b74                HAL_RCC_GetPCLK2Freq
 .text.HAL_SPI_Init
                0x0000000008001b94       0x76 Drivers/STM32F1xx_HAL_Driver/Src/stm32f1xx_hal_spi_ex.o
                0x0000000008001b94                HAL_SPI_Init
 .text.HAL_TIM_Base_Start_IT
                0x0000000008001c0a       0x16 Drivers/STM32F1xx_HAL_Driver/Src/stm32f1xx_hal_tim.o
                0x0000000008001c0a                HAL_TIM_Base_Start_IT
 .text.HAL_TIM_Encoder_Start
                0x0000000008001c20       0x44 Drivers/STM32F1xx_HAL_Driver/Src/stm32f1xx_hal_tim.o
                0x0000000008001c20                HAL_TIM_Encoder_Start
 .text.HAL_TIM_ConfigClockSource
                0x0000000008001c64      0x172 Drivers/STM32F1xx_HAL_Driver/Src/stm32f1xx_hal_tim.o
                0x0000000008001c64                HAL_TIM_ConfigClockSource
 *fill*         0x0000000008001dd6        0x2 
 .text.TIM_Base_SetConfig
                0x0000000008001dd8       0x70 Drivers/STM32F1xx_HAL_Driver/Src/stm32f1xx_hal_tim.o
                0x0000000008001dd8                TIM_Base_SetConfig
 .text.HAL_TIM_Base_Init
                0x0000000008001e48       0x34 Drivers/STM32F1xx_HAL_Driver/Src/stm32f1xx_hal_tim.o
                0x0000000008001e48                HAL_TIM_Base_Init
 .text.HAL_TIM_Encoder_Init
                0x0000000008001e7c       0x92 Drivers/STM32F1xx_HAL_Driver/Src/stm32f1xx_hal_tim.o
                0x0000000008001e7c                HAL_TIM_Encoder_Init
 .text.HAL_TIMEx_MasterConfigSynchronization
                0x0000000008001f0e       0x44 Drivers/STM32F1xx_HAL_Driver/Src/stm32f1xx_hal_tim_ex.o
                0x0000000008001f0e                HAL_TIMEx_MasterConfigSynchronization
 .text.UART_EndRxTransfer
                0x0000000008001f52       0x1a Drivers/STM32F1xx_HAL_Driver/Src/stm32f1xx_hal_uart.o
 .text.UART_SetConfig
                0x0000000008001f6c      0x13c Drivers/STM32F1xx_HAL_Driver/Src/stm32f1xx_hal_uart.o
 .text.HAL_UART_Init
                0x00000000080020a8       0x5c Drivers/STM32F1xx_HAL_Driver/Src/stm32f1xx_hal_uart.o
                0x00000000080020a8                HAL_UART_Init
 .text.HAL_UART_TxCpltCallback
                0x0000000008002104        0x2 Drivers/STM32F1xx_HAL_Driver/Src/stm32f1xx_hal_uart.o
                0x0000000008002104                HAL_UART_TxCpltCallback
 .text.HAL_UART_RxCpltCallback
                0x0000000008002106        0x2 Drivers/STM32F1xx_HAL_Driver/Src/stm32f1xx_hal_uart.o
                0x0000000008002106                HAL_UART_RxCpltCallback
 .text.UART_Receive_IT
                0x0000000008002108       0x76 Drivers/STM32F1xx_HAL_Driver/Src/stm32f1xx_hal_uart.o
 .text.HAL_UART_ErrorCallback
                0x000000000800217e        0x2 Drivers/STM32F1xx_HAL_Driver/Src/stm32f1xx_hal_uart.o
                0x000000000800217e                HAL_UART_ErrorCallback
 .text.HAL_UART_IRQHandler
                0x0000000008002180      0x140 Drivers/STM32F1xx_HAL_Driver/Src/stm32f1xx_hal_uart.o
                0x0000000008002180                HAL_UART_IRQHandler
 .text.UART_DMAAbortOnError
                0x00000000080022c0       0x10 Drivers/STM32F1xx_HAL_Driver/Src/stm32f1xx_hal_uart.o
 .text._ZN7MPU9250C2EP11SPI_TypeDefP12GPIO_TypeDefm
                0x00000000080022d0       0x34 Src/MPU9250.o
                0x00000000080022d0                MPU9250::MPU9250(SPI_TypeDef*, GPIO_TypeDef*, unsigned long)
                0x00000000080022d0                MPU9250::MPU9250(SPI_TypeDef*, GPIO_TypeDef*, unsigned long)
 .text._ZNK7MPU92509_spiWriteEh
                0x0000000008002304       0x5a Src/MPU9250.o
                0x0000000008002304                MPU9250::_spiWrite(unsigned char) const
 .text._ZNK7MPU925014_spiChipSelectEv
                0x000000000800235e       0x1e Src/MPU9250.o
                0x000000000800235e                MPU9250::_spiChipSelect() const
 .text._ZNK7MPU925016_spiChipDeselectEv
                0x000000000800237c       0x1c Src/MPU9250.o
                0x000000000800237c                MPU9250::_spiChipDeselect() const
 .text._ZNK7MPU92509WriteByteEhh
                0x0000000008002398       0x44 Src/MPU9250.o
                0x0000000008002398                MPU9250::WriteByte(unsigned char, unsigned char) const
 .text._ZNK7MPU92509WriteWordEht
                0x00000000080023dc       0x6a Src/MPU9250.o
                0x00000000080023dc                MPU9250::WriteWord(unsigned char, unsigned short) const
 *fill*         0x0000000008002446        0x2 
 .text._ZN8MadgwickC2Ev
                0x0000000008002448       0x50 Src/MadgwickAHRS.o
                0x0000000008002448                Madgwick::Madgwick()
                0x0000000008002448                Madgwick::Madgwick()
 .text._ZN8Madgwick9updateIMUEffffff
                0x0000000008002498      0x768 Src/MadgwickAHRS.o
                0x0000000008002498                Madgwick::updateIMU(float, float, float, float, float, float)
 .text._ZN8Madgwick7invSqrtEf
                0x0000000008002c00       0xb0 Src/MadgwickAHRS.o
                0x0000000008002c00                Madgwick::invSqrt(float)
 .text._ZN8Madgwick13computeAnglesEv
                0x0000000008002cb0      0x158 Src/MadgwickAHRS.o
                0x0000000008002cb0                Madgwick::computeAngles()
 .text._ZN8Madgwick5beginEf
                0x0000000008002e08       0x24 Src/Odometry.o
                0x0000000008002e08                Madgwick::begin(float)
 .text._ZN8Madgwick13getYawRadiansEv
                0x0000000008002e2c       0x24 Src/Odometry.o
                0x0000000008002e2c                Madgwick::getYawRadians()
 .text._ZN8OdometryC2Ev
                0x0000000008002e50       0x54 Src/Odometry.o
                0x0000000008002e50                Odometry::Odometry()
                0x0000000008002e50                Odometry::Odometry()
 .text._ZNK8Odometry7GetBiasEPfS0_
                0x0000000008002ea4      0x344 Src/Odometry.o
                0x0000000008002ea4                Odometry::GetBias(float*, float*) const
 .text._ZN8Odometry8InitGyroEv
                0x00000000080031e8      0x1a0 Src/Odometry.o
                0x00000000080031e8                Odometry::InitGyro()
 .text._ZN8Odometry11ReadEncoderEv
                0x0000000008003388      0x10c Src/Odometry.o
                0x0000000008003388                Odometry::ReadEncoder()
 .text._ZN8Odometry11ReadAccGyroEv
                0x0000000008003494      0x4c0 Src/Odometry.o
                0x0000000008003494                Odometry::ReadAccGyro()
 .text._ZN8Odometry10InitializeEv
                0x0000000008003954       0x18 Src/Odometry.o
                0x0000000008003954                Odometry::Initialize()
 .text._ZN8Odometry6SampleEv
                0x000000000800396c       0x1c Src/Odometry.o
                0x000000000800396c                Odometry::Sample()
 .text._ZN8Odometry7GetPoseEPfS0_S0_
                0x0000000008003988       0x30 Src/Odometry.o
                0x0000000008003988                Odometry::GetPose(float*, float*, float*)
 .text._Z41__static_initialization_and_destruction_0ii
                0x00000000080039b8       0x2c Src/Odometry.o
 .text._GLOBAL__sub_I_MDGF
                0x00000000080039e4       0x10 Src/Odometry.o
 .text.can_init
                0x00000000080039f4       0x30 Src/can.o
                0x00000000080039f4                can_init
 .text.can_set_filter
                0x0000000008003a24       0xb0 Src/can.o
                0x0000000008003a24                can_set_filter
 .text.can_enable
                0x0000000008003ad4       0xb8 Src/can.o
                0x0000000008003ad4                can_enable
 .text.can_set_bitrate
                0x0000000008003b8c       0xa4 Src/can.o
                0x0000000008003b8c                can_set_bitrate
 .text.can_tx   0x0000000008003c30       0x30 Src/can.o
                0x0000000008003c30                can_tx
 .text.led_on   0x0000000008003c60       0x34 Src/led.o
                0x0000000008003c60                led_on
 .text.led_process
                0x0000000008003c94       0x38 Src/led.o
                0x0000000008003c94                led_process
 .text.NVIC_SetPriority
                0x0000000008003ccc       0x58 Src/main.o
 .text.main     0x0000000008003d24      0x174 Src/main.o
                0x0000000008003d24                main
 .text.TIM2_IRQHandler
                0x0000000008003e98       0x44 Src/main.o
                0x0000000008003e98                TIM2_IRQHandler
 .text._ZL9CANtxinitv
                0x0000000008003edc       0x78 Src/main.o
 .text._Z18SystemClock_Configv
                0x0000000008003f54       0x9e Src/main.o
                0x0000000008003f54                SystemClock_Config()
 *fill*         0x0000000008003ff2        0x2 
 .text._ZL12MX_SPI2_Initv
                0x0000000008003ff4       0x78 Src/main.o
 .text._ZL12MX_TIM4_Initv
                0x000000000800406c       0xbc Src/main.o
 .text._ZL12MX_TIM3_Initv
                0x0000000008004128       0xbc Src/main.o
 .text._ZL12MX_TIM2_Initv
                0x00000000080041e4       0xb8 Src/main.o
 .text._ZL19MX_USART1_UART_Initv
                0x000000000800429c       0x5c Src/main.o
 .text._ZL12MX_GPIO_Initv
                0x00000000080042f8       0xdc Src/main.o
 .text.Error_Handler
                0x00000000080043d4        0xc Src/main.o
                0x00000000080043d4                Error_Handler
 .text._Z8can_packIfEvRA8_hT_
                0x00000000080043e0       0x52 Src/main.o
 *fill*         0x0000000008004432        0x2 
 .text._Z41__static_initialization_and_destruction_0ii
                0x0000000008004434       0x3c Src/main.o
 .text._GLOBAL__sub_I_hspi2
                0x0000000008004470       0x10 Src/main.o
 .text.HAL_MspInit
                0x0000000008004480       0x44 Src/stm32f1xx_hal_msp.o
                0x0000000008004480                HAL_MspInit
 .text.HAL_CAN_MspInit
                0x00000000080044c4       0x88 Src/stm32f1xx_hal_msp.o
                0x00000000080044c4                HAL_CAN_MspInit
 .text.HAL_SPI_MspInit
                0x000000000800454c       0x78 Src/stm32f1xx_hal_msp.o
                0x000000000800454c                HAL_SPI_MspInit
 .text.HAL_TIM_Encoder_MspInit
                0x00000000080045c4       0xb8 Src/stm32f1xx_hal_msp.o
                0x00000000080045c4                HAL_TIM_Encoder_MspInit
 .text.HAL_TIM_Base_MspInit
                0x000000000800467c       0x30 Src/stm32f1xx_hal_msp.o
                0x000000000800467c                HAL_TIM_Base_MspInit
 .text.HAL_UART_MspInit
                0x00000000080046ac       0x88 Src/stm32f1xx_hal_msp.o
                0x00000000080046ac                HAL_UART_MspInit
 .text.NMI_Handler
                0x0000000008004734        0x2 Src/stm32f1xx_it.o
                0x0000000008004734                NMI_Handler
 .text.HardFault_Handler
                0x0000000008004736        0x2 Src/stm32f1xx_it.o
                0x0000000008004736                HardFault_Handler
 .text.MemManage_Handler
                0x0000000008004738        0x2 Src/stm32f1xx_it.o
                0x0000000008004738                MemManage_Handler
 .text.BusFault_Handler
                0x000000000800473a        0x2 Src/stm32f1xx_it.o
                0x000000000800473a                BusFault_Handler
 .text.UsageFault_Handler
                0x000000000800473c        0x2 Src/stm32f1xx_it.o
                0x000000000800473c                UsageFault_Handler
 .text.SVC_Handler
                0x000000000800473e        0x2 Src/stm32f1xx_it.o
                0x000000000800473e                SVC_Handler
 .text.DebugMon_Handler
                0x0000000008004740        0x2 Src/stm32f1xx_it.o
                0x0000000008004740                DebugMon_Handler
 .text.PendSV_Handler
                0x0000000008004742        0x2 Src/stm32f1xx_it.o
                0x0000000008004742                PendSV_Handler
 .text.SysTick_Handler
                0x0000000008004744        0x4 Src/stm32f1xx_it.o
                0x0000000008004744                SysTick_Handler
 .text.USART1_IRQHandler
                0x0000000008004748        0xc Src/stm32f1xx_it.o
                0x0000000008004748                USART1_IRQHandler
 .text.SystemInit
                0x0000000008004754       0x4c Src/system_stm32f1xx.o
                0x0000000008004754                SystemInit
 .text.Reset_Handler
                0x00000000080047a0       0x48 startup/startup_stm32f103xb.o
                0x00000000080047a0                Reset_Handler
 .text.Default_Handler
                0x00000000080047e8        0x2 startup/startup_stm32f103xb.o
                0x00000000080047e8                RTC_Alarm_IRQHandler
                0x00000000080047e8                EXTI2_IRQHandler
                0x00000000080047e8                TIM1_CC_IRQHandler
                0x00000000080047e8                PVD_IRQHandler
                0x00000000080047e8                EXTI3_IRQHandler
                0x00000000080047e8                EXTI0_IRQHandler
                0x00000000080047e8                I2C2_EV_IRQHandler
                0x00000000080047e8                ADC1_2_IRQHandler
                0x00000000080047e8                SPI1_IRQHandler
                0x00000000080047e8                TAMPER_IRQHandler
                0x00000000080047e8                DMA1_Channel4_IRQHandler
                0x00000000080047e8                USART3_IRQHandler
                0x00000000080047e8                RTC_IRQHandler
                0x00000000080047e8                DMA1_Channel7_IRQHandler
                0x00000000080047e8                CAN1_RX1_IRQHandler
                0x00000000080047e8                TIM4_IRQHandler
                0x00000000080047e8                I2C1_EV_IRQHandler
                0x00000000080047e8                DMA1_Channel6_IRQHandler
                0x00000000080047e8                TIM3_IRQHandler
                0x00000000080047e8                RCC_IRQHandler
                0x00000000080047e8                TIM1_TRG_COM_IRQHandler
                0x00000000080047e8                DMA1_Channel1_IRQHandler
                0x00000000080047e8                Default_Handler
                0x00000000080047e8                EXTI15_10_IRQHandler
                0x00000000080047e8                EXTI9_5_IRQHandler
                0x00000000080047e8                SPI2_IRQHandler
                0x00000000080047e8                DMA1_Channel5_IRQHandler
                0x00000000080047e8                EXTI4_IRQHandler
                0x00000000080047e8                USB_LP_CAN1_RX0_IRQHandler
                0x00000000080047e8                USB_HP_CAN1_TX_IRQHandler
                0x00000000080047e8                DMA1_Channel3_IRQHandler
                0x00000000080047e8                TIM1_UP_IRQHandler
                0x00000000080047e8                WWDG_IRQHandler
                0x00000000080047e8                TIM1_BRK_IRQHandler
                0x00000000080047e8                EXTI1_IRQHandler
                0x00000000080047e8                USART2_IRQHandler
                0x00000000080047e8                I2C2_ER_IRQHandler
                0x00000000080047e8                DMA1_Channel2_IRQHandler
                0x00000000080047e8                CAN1_SCE_IRQHandler
                0x00000000080047e8                FLASH_IRQHandler
                0x00000000080047e8                I2C1_ER_IRQHandler
                0x00000000080047e8                USBWakeUp_IRQHandler
 .text._ZdlPvj  0x00000000080047ea        0x4 /opt/st/stm32cubeide_1.0.2/plugins/com.st.stm32cube.ide.mcu.externaltools.gnu-tools-for-stm32.7-2018-q2-update.linux64_1.0.0.201904181610/tools/bin/../lib/gcc/arm-none-eabi/7.3.1/../../../../arm-none-eabi/lib/thumb/v7-m/libstdc++_nano.a(del_ops.o)
                0x00000000080047ea                operator delete(void*, unsigned int)
 .text._Znwj    0x00000000080047ee       0x22 /opt/st/stm32cubeide_1.0.2/plugins/com.st.stm32cube.ide.mcu.externaltools.gnu-tools-for-stm32.7-2018-q2-update.linux64_1.0.0.201904181610/tools/bin/../lib/gcc/arm-none-eabi/7.3.1/../../../../arm-none-eabi/lib/thumb/v7-m/libstdc++_nano.a(new_op.o)
                0x00000000080047ee                operator new(unsigned int)
 .text._ZSt15get_new_handlerv
                0x0000000008004810       0x10 /opt/st/stm32cubeide_1.0.2/plugins/com.st.stm32cube.ide.mcu.externaltools.gnu-tools-for-stm32.7-2018-q2-update.linux64_1.0.0.201904181610/tools/bin/../lib/gcc/arm-none-eabi/7.3.1/../../../../arm-none-eabi/lib/thumb/v7-m/libstdc++_nano.a(new_handler.o)
                0x0000000008004810                std::get_new_handler()
 .text._ZdlPv   0x0000000008004820        0x4 /opt/st/stm32cubeide_1.0.2/plugins/com.st.stm32cube.ide.mcu.externaltools.gnu-tools-for-stm32.7-2018-q2-update.linux64_1.0.0.201904181610/tools/bin/../lib/gcc/arm-none-eabi/7.3.1/../../../../arm-none-eabi/lib/thumb/v7-m/libstdc++_nano.a(del_op.o)
                0x0000000008004820                operator delete(void*)
 .text.cosf     0x0000000008004824       0x68 /opt/st/stm32cubeide_1.0.2/plugins/com.st.stm32cube.ide.mcu.externaltools.gnu-tools-for-stm32.7-2018-q2-update.linux64_1.0.0.201904181610/tools/bin/../lib/gcc/arm-none-eabi/7.3.1/../../../../arm-none-eabi/lib/thumb/v7-m/libm.a(lib_a-sf_cos.o)
                0x0000000008004824                cosf
 .text.sinf     0x000000000800488c       0x6c /opt/st/stm32cubeide_1.0.2/plugins/com.st.stm32cube.ide.mcu.externaltools.gnu-tools-for-stm32.7-2018-q2-update.linux64_1.0.0.201904181610/tools/bin/../lib/gcc/arm-none-eabi/7.3.1/../../../../arm-none-eabi/lib/thumb/v7-m/libm.a(lib_a-sf_sin.o)
                0x000000000800488c                sinf
 .text.asinf    0x00000000080048f8       0x9c /opt/st/stm32cubeide_1.0.2/plugins/com.st.stm32cube.ide.mcu.externaltools.gnu-tools-for-stm32.7-2018-q2-update.linux64_1.0.0.201904181610/tools/bin/../lib/gcc/arm-none-eabi/7.3.1/../../../../arm-none-eabi/lib/thumb/v7-m/libm.a(lib_a-wf_asin.o)
                0x00000000080048f8                asinf
 .text.atan2f   0x0000000008004994        0x4 /opt/st/stm32cubeide_1.0.2/plugins/com.st.stm32cube.ide.mcu.externaltools.gnu-tools-for-stm32.7-2018-q2-update.linux64_1.0.0.201904181610/tools/bin/../lib/gcc/arm-none-eabi/7.3.1/../../../../arm-none-eabi/lib/thumb/v7-m/libm.a(lib_a-wf_atan2.o)
                0x0000000008004994                atan2f
 .text.sqrtf    0x0000000008004998       0x94 /opt/st/stm32cubeide_1.0.2/plugins/com.st.stm32cube.ide.mcu.externaltools.gnu-tools-for-stm32.7-2018-q2-update.linux64_1.0.0.201904181610/tools/bin/../lib/gcc/arm-none-eabi/7.3.1/../../../../arm-none-eabi/lib/thumb/v7-m/libm.a(lib_a-wf_sqrt.o)
                0x0000000008004998                sqrtf
 .text.__ieee754_asinf
                0x0000000008004a2c      0x284 /opt/st/stm32cubeide_1.0.2/plugins/com.st.stm32cube.ide.mcu.externaltools.gnu-tools-for-stm32.7-2018-q2-update.linux64_1.0.0.201904181610/tools/bin/../lib/gcc/arm-none-eabi/7.3.1/../../../../arm-none-eabi/lib/thumb/v7-m/libm.a(lib_a-ef_asin.o)
                0x0000000008004a2c                __ieee754_asinf
 .text.__ieee754_atan2f
                0x0000000008004cb0      0x120 /opt/st/stm32cubeide_1.0.2/plugins/com.st.stm32cube.ide.mcu.externaltools.gnu-tools-for-stm32.7-2018-q2-update.linux64_1.0.0.201904181610/tools/bin/../lib/gcc/arm-none-eabi/7.3.1/../../../../arm-none-eabi/lib/thumb/v7-m/libm.a(lib_a-ef_atan2.o)
                0x0000000008004cb0                __ieee754_atan2f
 .text.__ieee754_rem_pio2f
                0x0000000008004dd0      0x2b0 /opt/st/stm32cubeide_1.0.2/plugins/com.st.stm32cube.ide.mcu.externaltools.gnu-tools-for-stm32.7-2018-q2-update.linux64_1.0.0.201904181610/tools/bin/../lib/gcc/arm-none-eabi/7.3.1/../../../../arm-none-eabi/lib/thumb/v7-m/libm.a(lib_a-ef_rem_pio2.o)
                0x0000000008004dd0                __ieee754_rem_pio2f
 .text.__ieee754_sqrtf
                0x0000000008005080       0xa6 /opt/st/stm32cubeide_1.0.2/plugins/com.st.stm32cube.ide.mcu.externaltools.gnu-tools-for-stm32.7-2018-q2-update.linux64_1.0.0.201904181610/tools/bin/../lib/gcc/arm-none-eabi/7.3.1/../../../../arm-none-eabi/lib/thumb/v7-m/libm.a(lib_a-ef_sqrt.o)
                0x0000000008005080                __ieee754_sqrtf
 *fill*         0x0000000008005126        0x2 
 .text.__kernel_cosf
                0x0000000008005128      0x100 /opt/st/stm32cubeide_1.0.2/plugins/com.st.stm32cube.ide.mcu.externaltools.gnu-tools-for-stm32.7-2018-q2-update.linux64_1.0.0.201904181610/tools/bin/../lib/gcc/arm-none-eabi/7.3.1/../../../../arm-none-eabi/lib/thumb/v7-m/libm.a(lib_a-kf_cos.o)
                0x0000000008005128                __kernel_cosf
 .text.__kernel_rem_pio2f
                0x0000000008005228      0x53c /opt/st/stm32cubeide_1.0.2/plugins/com.st.stm32cube.ide.mcu.externaltools.gnu-tools-for-stm32.7-2018-q2-update.linux64_1.0.0.201904181610/tools/bin/../lib/gcc/arm-none-eabi/7.3.1/../../../../arm-none-eabi/lib/thumb/v7-m/libm.a(lib_a-kf_rem_pio2.o)
                0x0000000008005228                __kernel_rem_pio2f
 .text.__kernel_sinf
                0x0000000008005764       0xec /opt/st/stm32cubeide_1.0.2/plugins/com.st.stm32cube.ide.mcu.externaltools.gnu-tools-for-stm32.7-2018-q2-update.linux64_1.0.0.201904181610/tools/bin/../lib/gcc/arm-none-eabi/7.3.1/../../../../arm-none-eabi/lib/thumb/v7-m/libm.a(lib_a-kf_sin.o)
                0x0000000008005764                __kernel_sinf
 .text.matherr  0x0000000008005850        0x4 /opt/st/stm32cubeide_1.0.2/plugins/com.st.stm32cube.ide.mcu.externaltools.gnu-tools-for-stm32.7-2018-q2-update.linux64_1.0.0.201904181610/tools/bin/../lib/gcc/arm-none-eabi/7.3.1/../../../../arm-none-eabi/lib/thumb/v7-m/libm.a(lib_a-s_matherr.o)
                0x0000000008005850                matherr
 .text.nan      0x0000000008005854        0xc /opt/st/stm32cubeide_1.0.2/plugins/com.st.stm32cube.ide.mcu.externaltools.gnu-tools-for-stm32.7-2018-q2-update.linux64_1.0.0.201904181610/tools/bin/../lib/gcc/arm-none-eabi/7.3.1/../../../../arm-none-eabi/lib/thumb/v7-m/libm.a(lib_a-s_nan.o)
                0x0000000008005854                nan
 .text.atanf    0x0000000008005860      0x218 /opt/st/stm32cubeide_1.0.2/plugins/com.st.stm32cube.ide.mcu.externaltools.gnu-tools-for-stm32.7-2018-q2-update.linux64_1.0.0.201904181610/tools/bin/../lib/gcc/arm-none-eabi/7.3.1/../../../../arm-none-eabi/lib/thumb/v7-m/libm.a(lib_a-sf_atan.o)
                0x0000000008005860                atanf
 .text.fabsf    0x0000000008005a78        0x6 /opt/st/stm32cubeide_1.0.2/plugins/com.st.stm32cube.ide.mcu.externaltools.gnu-tools-for-stm32.7-2018-q2-update.linux64_1.0.0.201904181610/tools/bin/../lib/gcc/arm-none-eabi/7.3.1/../../../../arm-none-eabi/lib/thumb/v7-m/libm.a(lib_a-sf_fabs.o)
                0x0000000008005a78                fabsf
 *fill*         0x0000000008005a7e        0x2 
 .text.floorf   0x0000000008005a80       0x80 /opt/st/stm32cubeide_1.0.2/plugins/com.st.stm32cube.ide.mcu.externaltools.gnu-tools-for-stm32.7-2018-q2-update.linux64_1.0.0.201904181610/tools/bin/../lib/gcc/arm-none-eabi/7.3.1/../../../../arm-none-eabi/lib/thumb/v7-m/libm.a(lib_a-sf_floor.o)
                0x0000000008005a80                floorf
 .text.scalbnf  0x0000000008005b00       0x98 /opt/st/stm32cubeide_1.0.2/plugins/com.st.stm32cube.ide.mcu.externaltools.gnu-tools-for-stm32.7-2018-q2-update.linux64_1.0.0.201904181610/tools/bin/../lib/gcc/arm-none-eabi/7.3.1/../../../../arm-none-eabi/lib/thumb/v7-m/libm.a(lib_a-sf_scalbn.o)
                0x0000000008005b00                scalbnf
 .text.copysignf
                0x0000000008005b98        0xc /opt/st/stm32cubeide_1.0.2/plugins/com.st.stm32cube.ide.mcu.externaltools.gnu-tools-for-stm32.7-2018-q2-update.linux64_1.0.0.201904181610/tools/bin/../lib/gcc/arm-none-eabi/7.3.1/../../../../arm-none-eabi/lib/thumb/v7-m/libm.a(lib_a-sf_copysign.o)
                0x0000000008005b98                copysignf
 .text.abort    0x0000000008005ba4        0xe /opt/st/stm32cubeide_1.0.2/plugins/com.st.stm32cube.ide.mcu.externaltools.gnu-tools-for-stm32.7-2018-q2-update.linux64_1.0.0.201904181610/tools/bin/../lib/gcc/arm-none-eabi/7.3.1/../../../../arm-none-eabi/lib/thumb/v7-m/libc.a(lib_a-abort.o)
                0x0000000008005ba4                abort
 *fill*         0x0000000008005bb2        0x2 
 .text.__errno  0x0000000008005bb4        0xc /opt/st/stm32cubeide_1.0.2/plugins/com.st.stm32cube.ide.mcu.externaltools.gnu-tools-for-stm32.7-2018-q2-update.linux64_1.0.0.201904181610/tools/bin/../lib/gcc/arm-none-eabi/7.3.1/../../../../arm-none-eabi/lib/thumb/v7-m/libc.a(lib_a-errno.o)
                0x0000000008005bb4                __errno
 .text.__libc_init_array
                0x0000000008005bc0       0x48 /opt/st/stm32cubeide_1.0.2/plugins/com.st.stm32cube.ide.mcu.externaltools.gnu-tools-for-stm32.7-2018-q2-update.linux64_1.0.0.201904181610/tools/bin/../lib/gcc/arm-none-eabi/7.3.1/../../../../arm-none-eabi/lib/thumb/v7-m/libc.a(lib_a-init.o)
                0x0000000008005bc0                __libc_init_array
 .text.malloc   0x0000000008005c08       0x10 /opt/st/stm32cubeide_1.0.2/plugins/com.st.stm32cube.ide.mcu.externaltools.gnu-tools-for-stm32.7-2018-q2-update.linux64_1.0.0.201904181610/tools/bin/../lib/gcc/arm-none-eabi/7.3.1/../../../../arm-none-eabi/lib/thumb/v7-m/libc.a(lib_a-malloc.o)
                0x0000000008005c08                malloc
 .text.free     0x0000000008005c18       0x10 /opt/st/stm32cubeide_1.0.2/plugins/com.st.stm32cube.ide.mcu.externaltools.gnu-tools-for-stm32.7-2018-q2-update.linux64_1.0.0.201904181610/tools/bin/../lib/gcc/arm-none-eabi/7.3.1/../../../../arm-none-eabi/lib/thumb/v7-m/libc.a(lib_a-malloc.o)
                0x0000000008005c18                free
 .text._malloc_r
                0x0000000008005c28      0x46c /opt/st/stm32cubeide_1.0.2/plugins/com.st.stm32cube.ide.mcu.externaltools.gnu-tools-for-stm32.7-2018-q2-update.linux64_1.0.0.201904181610/tools/bin/../lib/gcc/arm-none-eabi/7.3.1/../../../../arm-none-eabi/lib/thumb/v7-m/libc.a(lib_a-mallocr.o)
                0x0000000008005c28                _malloc_r
 .text.memset   0x0000000008006094       0x10 /opt/st/stm32cubeide_1.0.2/plugins/com.st.stm32cube.ide.mcu.externaltools.gnu-tools-for-stm32.7-2018-q2-update.linux64_1.0.0.201904181610/tools/bin/../lib/gcc/arm-none-eabi/7.3.1/../../../../arm-none-eabi/lib/thumb/v7-m/libc.a(lib_a-memset.o)
                0x0000000008006094                memset
 .text.__malloc_lock
                0x00000000080060a4        0xc /opt/st/stm32cubeide_1.0.2/plugins/com.st.stm32cube.ide.mcu.externaltools.gnu-tools-for-stm32.7-2018-q2-update.linux64_1.0.0.201904181610/tools/bin/../lib/gcc/arm-none-eabi/7.3.1/../../../../arm-none-eabi/lib/thumb/v7-m/libc.a(lib_a-mlock.o)
                0x00000000080060a4                __malloc_lock
 .text.__malloc_unlock
                0x00000000080060b0        0xc /opt/st/stm32cubeide_1.0.2/plugins/com.st.stm32cube.ide.mcu.externaltools.gnu-tools-for-stm32.7-2018-q2-update.linux64_1.0.0.201904181610/tools/bin/../lib/gcc/arm-none-eabi/7.3.1/../../../../arm-none-eabi/lib/thumb/v7-m/libc.a(lib_a-mlock.o)
                0x00000000080060b0                __malloc_unlock
 .text._sbrk_r  0x00000000080060bc       0x20 /opt/st/stm32cubeide_1.0.2/plugins/com.st.stm32cube.ide.mcu.externaltools.gnu-tools-for-stm32.7-2018-q2-update.linux64_1.0.0.201904181610/tools/bin/../lib/gcc/arm-none-eabi/7.3.1/../../../../arm-none-eabi/lib/thumb/v7-m/libc.a(lib_a-sbrkr.o)
                0x00000000080060bc                _sbrk_r
 .text._raise_r
                0x00000000080060dc       0x52 /opt/st/stm32cubeide_1.0.2/plugins/com.st.stm32cube.ide.mcu.externaltools.gnu-tools-for-stm32.7-2018-q2-update.linux64_1.0.0.201904181610/tools/bin/../lib/gcc/arm-none-eabi/7.3.1/../../../../arm-none-eabi/lib/thumb/v7-m/libc.a(lib_a-signal.o)
                0x00000000080060dc                _raise_r
 *fill*         0x000000000800612e        0x2 
 .text.raise    0x0000000008006130       0x10 /opt/st/stm32cubeide_1.0.2/plugins/com.st.stm32cube.ide.mcu.externaltools.gnu-tools-for-stm32.7-2018-q2-update.linux64_1.0.0.201904181610/tools/bin/../lib/gcc/arm-none-eabi/7.3.1/../../../../arm-none-eabi/lib/thumb/v7-m/libc.a(lib_a-signal.o)
                0x0000000008006130                raise
 .text._kill_r  0x0000000008006140       0x24 /opt/st/stm32cubeide_1.0.2/plugins/com.st.stm32cube.ide.mcu.externaltools.gnu-tools-for-stm32.7-2018-q2-update.linux64_1.0.0.201904181610/tools/bin/../lib/gcc/arm-none-eabi/7.3.1/../../../../arm-none-eabi/lib/thumb/v7-m/libc.a(lib_a-signalr.o)
                0x0000000008006140                _kill_r
 .text._getpid_r
                0x0000000008006164        0x4 /opt/st/stm32cubeide_1.0.2/plugins/com.st.stm32cube.ide.mcu.externaltools.gnu-tools-for-stm32.7-2018-q2-update.linux64_1.0.0.201904181610/tools/bin/../lib/gcc/arm-none-eabi/7.3.1/../../../../arm-none-eabi/lib/thumb/v7-m/libc.a(lib_a-signalr.o)
                0x0000000008006164                _getpid_r
 .text.sysconf  0x0000000008006168       0x1a /opt/st/stm32cubeide_1.0.2/plugins/com.st.stm32cube.ide.mcu.externaltools.gnu-tools-for-stm32.7-2018-q2-update.linux64_1.0.0.201904181610/tools/bin/../lib/gcc/arm-none-eabi/7.3.1/../../../../arm-none-eabi/lib/thumb/v7-m/libc.a(lib_a-sysconf.o)
                0x0000000008006168                sysconf
 *fill*         0x0000000008006182        0x2 
 .text.startup.register_fini
                0x0000000008006184       0x14 /opt/st/stm32cubeide_1.0.2/plugins/com.st.stm32cube.ide.mcu.externaltools.gnu-tools-for-stm32.7-2018-q2-update.linux64_1.0.0.201904181610/tools/bin/../lib/gcc/arm-none-eabi/7.3.1/../../../../arm-none-eabi/lib/thumb/v7-m/libc.a(lib_a-__call_atexit.o)
 .text.atexit   0x0000000008006198        0xc /opt/st/stm32cubeide_1.0.2/plugins/com.st.stm32cube.ide.mcu.externaltools.gnu-tools-for-stm32.7-2018-q2-update.linux64_1.0.0.201904181610/tools/bin/../lib/gcc/arm-none-eabi/7.3.1/../../../../arm-none-eabi/lib/thumb/v7-m/libc.a(lib_a-atexit.o)
                0x0000000008006198                atexit
 .text.__libc_fini_array
                0x00000000080061a4       0x28 /opt/st/stm32cubeide_1.0.2/plugins/com.st.stm32cube.ide.mcu.externaltools.gnu-tools-for-stm32.7-2018-q2-update.linux64_1.0.0.201904181610/tools/bin/../lib/gcc/arm-none-eabi/7.3.1/../../../../arm-none-eabi/lib/thumb/v7-m/libc.a(lib_a-fini.o)
                0x00000000080061a4                __libc_fini_array
 .text._malloc_trim_r
                0x00000000080061cc       0xa8 /opt/st/stm32cubeide_1.0.2/plugins/com.st.stm32cube.ide.mcu.externaltools.gnu-tools-for-stm32.7-2018-q2-update.linux64_1.0.0.201904181610/tools/bin/../lib/gcc/arm-none-eabi/7.3.1/../../../../arm-none-eabi/lib/thumb/v7-m/libc.a(lib_a-freer.o)
                0x00000000080061cc                _malloc_trim_r
 .text._free_r  0x0000000008006274      0x178 /opt/st/stm32cubeide_1.0.2/plugins/com.st.stm32cube.ide.mcu.externaltools.gnu-tools-for-stm32.7-2018-q2-update.linux64_1.0.0.201904181610/tools/bin/../lib/gcc/arm-none-eabi/7.3.1/../../../../arm-none-eabi/lib/thumb/v7-m/libc.a(lib_a-freer.o)
                0x0000000008006274                _free_r
 .text.__retarget_lock_acquire_recursive
                0x00000000080063ec        0x2 /opt/st/stm32cubeide_1.0.2/plugins/com.st.stm32cube.ide.mcu.externaltools.gnu-tools-for-stm32.7-2018-q2-update.linux64_1.0.0.201904181610/tools/bin/../lib/gcc/arm-none-eabi/7.3.1/../../../../arm-none-eabi/lib/thumb/v7-m/libc.a(lib_a-lock.o)
                0x00000000080063ec                __retarget_lock_acquire_recursive
 .text.__retarget_lock_release_recursive
                0x00000000080063ee        0x2 /opt/st/stm32cubeide_1.0.2/plugins/com.st.stm32cube.ide.mcu.externaltools.gnu-tools-for-stm32.7-2018-q2-update.linux64_1.0.0.201904181610/tools/bin/../lib/gcc/arm-none-eabi/7.3.1/../../../../arm-none-eabi/lib/thumb/v7-m/libc.a(lib_a-lock.o)
                0x00000000080063ee                __retarget_lock_release_recursive
 .text.__register_exitproc
                0x00000000080063f0       0xac /opt/st/stm32cubeide_1.0.2/plugins/com.st.stm32cube.ide.mcu.externaltools.gnu-tools-for-stm32.7-2018-q2-update.linux64_1.0.0.201904181610/tools/bin/../lib/gcc/arm-none-eabi/7.3.1/../../../../arm-none-eabi/lib/thumb/v7-m/libc.a(lib_a-__atexit.o)
                0x00000000080063f0                __register_exitproc
 .text._getpid  0x000000000800649c       0x10 /opt/st/stm32cubeide_1.0.2/plugins/com.st.stm32cube.ide.mcu.externaltools.gnu-tools-for-stm32.7-2018-q2-update.linux64_1.0.0.201904181610/tools/bin/../lib/gcc/arm-none-eabi/7.3.1/../../../../arm-none-eabi/lib/thumb/v7-m/libnosys.a(getpid.o)
                0x000000000800649c                _getpid
 .text._kill    0x00000000080064ac       0x10 /opt/st/stm32cubeide_1.0.2/plugins/com.st.stm32cube.ide.mcu.externaltools.gnu-tools-for-stm32.7-2018-q2-update.linux64_1.0.0.201904181610/tools/bin/../lib/gcc/arm-none-eabi/7.3.1/../../../../arm-none-eabi/lib/thumb/v7-m/libnosys.a(kill.o)
                0x00000000080064ac                _kill
 .text._sbrk    0x00000000080064bc       0x1c /opt/st/stm32cubeide_1.0.2/plugins/com.st.stm32cube.ide.mcu.externaltools.gnu-tools-for-stm32.7-2018-q2-update.linux64_1.0.0.201904181610/tools/bin/../lib/gcc/arm-none-eabi/7.3.1/../../../../arm-none-eabi/lib/thumb/v7-m/libnosys.a(sbrk.o)
                0x00000000080064bc                _sbrk
 .text._exit    0x00000000080064d8        0x2 /opt/st/stm32cubeide_1.0.2/plugins/com.st.stm32cube.ide.mcu.externaltools.gnu-tools-for-stm32.7-2018-q2-update.linux64_1.0.0.201904181610/tools/bin/../lib/gcc/arm-none-eabi/7.3.1/../../../../arm-none-eabi/lib/thumb/v7-m/libnosys.a(_exit.o)
                0x00000000080064d8                _exit
 *(.glue_7)
 .glue_7        0x00000000080064da        0x0 linker stubs
 *(.glue_7t)
 .glue_7t       0x00000000080064da        0x0 linker stubs
 *(.eh_frame)
 *fill*         0x00000000080064da        0x2 
 .eh_frame      0x00000000080064dc        0x0 /opt/st/stm32cubeide_1.0.2/plugins/com.st.stm32cube.ide.mcu.externaltools.gnu-tools-for-stm32.7-2018-q2-update.linux64_1.0.0.201904181610/tools/bin/../lib/gcc/arm-none-eabi/7.3.1/thumb/v7-m/crtbegin.o
 *(.init)
 .init          0x00000000080064dc        0x4 /opt/st/stm32cubeide_1.0.2/plugins/com.st.stm32cube.ide.mcu.externaltools.gnu-tools-for-stm32.7-2018-q2-update.linux64_1.0.0.201904181610/tools/bin/../lib/gcc/arm-none-eabi/7.3.1/thumb/v7-m/crti.o
                0x00000000080064dc                _init
 .init          0x00000000080064e0        0x8 /opt/st/stm32cubeide_1.0.2/plugins/com.st.stm32cube.ide.mcu.externaltools.gnu-tools-for-stm32.7-2018-q2-update.linux64_1.0.0.201904181610/tools/bin/../lib/gcc/arm-none-eabi/7.3.1/thumb/v7-m/crtn.o
 *(.fini)
 .fini          0x00000000080064e8        0x4 /opt/st/stm32cubeide_1.0.2/plugins/com.st.stm32cube.ide.mcu.externaltools.gnu-tools-for-stm32.7-2018-q2-update.linux64_1.0.0.201904181610/tools/bin/../lib/gcc/arm-none-eabi/7.3.1/thumb/v7-m/crti.o
                0x00000000080064e8                _fini
 .fini          0x00000000080064ec        0x8 /opt/st/stm32cubeide_1.0.2/plugins/com.st.stm32cube.ide.mcu.externaltools.gnu-tools-for-stm32.7-2018-q2-update.linux64_1.0.0.201904181610/tools/bin/../lib/gcc/arm-none-eabi/7.3.1/thumb/v7-m/crtn.o
                0x00000000080064f4                . = ALIGN (0x4)
                0x00000000080064f4                _etext = .

.vfp11_veneer   0x00000000080064f4        0x0
 .vfp11_veneer  0x00000000080064f4        0x0 linker stubs

.v4_bx          0x00000000080064f4        0x0
 .v4_bx         0x00000000080064f4        0x0 linker stubs

.iplt           0x00000000080064f4        0x0
 .iplt          0x00000000080064f4        0x0 /opt/st/stm32cubeide_1.0.2/plugins/com.st.stm32cube.ide.mcu.externaltools.gnu-tools-for-stm32.7-2018-q2-update.linux64_1.0.0.201904181610/tools/bin/../lib/gcc/arm-none-eabi/7.3.1/thumb/v7-m/crtbegin.o

.rodata         0x00000000080064f4      0x440
                0x00000000080064f4                . = ALIGN (0x4)
 *(.rodata)
 .rodata        0x00000000080064f4       0x10 Drivers/STM32F1xx_HAL_Driver/Src/stm32f1xx_hal_rcc.o
 .rodata        0x0000000008006504       0x18 Src/Odometry.o
 *(.rodata*)
 .rodata.AHBPrescTable
                0x000000000800651c       0x10 Src/system_stm32f1xx.o
                0x000000000800651c                AHBPrescTable
 .rodata.APBPrescTable
                0x000000000800652c        0x8 Src/system_stm32f1xx.o
                0x000000000800652c                APBPrescTable
 .rodata.asinf.str1.1
                0x0000000008006534        0x6 /opt/st/stm32cubeide_1.0.2/plugins/com.st.stm32cube.ide.mcu.externaltools.gnu-tools-for-stm32.7-2018-q2-update.linux64_1.0.0.201904181610/tools/bin/../lib/gcc/arm-none-eabi/7.3.1/../../../../arm-none-eabi/lib/thumb/v7-m/libm.a(lib_a-wf_asin.o)
                                          0x7 (size before relaxing)
 .rodata.sqrtf.str1.1
                0x000000000800653a        0x6 /opt/st/stm32cubeide_1.0.2/plugins/com.st.stm32cube.ide.mcu.externaltools.gnu-tools-for-stm32.7-2018-q2-update.linux64_1.0.0.201904181610/tools/bin/../lib/gcc/arm-none-eabi/7.3.1/../../../../arm-none-eabi/lib/thumb/v7-m/libm.a(lib_a-wf_sqrt.o)
 .rodata.npio2_hw
                0x0000000008006540       0x80 /opt/st/stm32cubeide_1.0.2/plugins/com.st.stm32cube.ide.mcu.externaltools.gnu-tools-for-stm32.7-2018-q2-update.linux64_1.0.0.201904181610/tools/bin/../lib/gcc/arm-none-eabi/7.3.1/../../../../arm-none-eabi/lib/thumb/v7-m/libm.a(lib_a-ef_rem_pio2.o)
 .rodata.two_over_pi
                0x00000000080065c0      0x318 /opt/st/stm32cubeide_1.0.2/plugins/com.st.stm32cube.ide.mcu.externaltools.gnu-tools-for-stm32.7-2018-q2-update.linux64_1.0.0.201904181610/tools/bin/../lib/gcc/arm-none-eabi/7.3.1/../../../../arm-none-eabi/lib/thumb/v7-m/libm.a(lib_a-ef_rem_pio2.o)
 .rodata.PIo2   0x00000000080068d8       0x2c /opt/st/stm32cubeide_1.0.2/plugins/com.st.stm32cube.ide.mcu.externaltools.gnu-tools-for-stm32.7-2018-q2-update.linux64_1.0.0.201904181610/tools/bin/../lib/gcc/arm-none-eabi/7.3.1/../../../../arm-none-eabi/lib/thumb/v7-m/libm.a(lib_a-kf_rem_pio2.o)
 .rodata.init_jk
                0x0000000008006904        0xc /opt/st/stm32cubeide_1.0.2/plugins/com.st.stm32cube.ide.mcu.externaltools.gnu-tools-for-stm32.7-2018-q2-update.linux64_1.0.0.201904181610/tools/bin/../lib/gcc/arm-none-eabi/7.3.1/../../../../arm-none-eabi/lib/thumb/v7-m/libm.a(lib_a-kf_rem_pio2.o)
 .rodata.atanhi
                0x0000000008006910       0x10 /opt/st/stm32cubeide_1.0.2/plugins/com.st.stm32cube.ide.mcu.externaltools.gnu-tools-for-stm32.7-2018-q2-update.linux64_1.0.0.201904181610/tools/bin/../lib/gcc/arm-none-eabi/7.3.1/../../../../arm-none-eabi/lib/thumb/v7-m/libm.a(lib_a-sf_atan.o)
 .rodata.atanlo
                0x0000000008006920       0x10 /opt/st/stm32cubeide_1.0.2/plugins/com.st.stm32cube.ide.mcu.externaltools.gnu-tools-for-stm32.7-2018-q2-update.linux64_1.0.0.201904181610/tools/bin/../lib/gcc/arm-none-eabi/7.3.1/../../../../arm-none-eabi/lib/thumb/v7-m/libm.a(lib_a-sf_atan.o)
 .rodata._global_impure_ptr
                0x0000000008006930        0x4 /opt/st/stm32cubeide_1.0.2/plugins/com.st.stm32cube.ide.mcu.externaltools.gnu-tools-for-stm32.7-2018-q2-update.linux64_1.0.0.201904181610/tools/bin/../lib/gcc/arm-none-eabi/7.3.1/../../../../arm-none-eabi/lib/thumb/v7-m/libc.a(lib_a-impure.o)
                0x0000000008006930                _global_impure_ptr
                0x0000000008006934                . = ALIGN (0x4)

.rel.dyn        0x0000000008006934        0x0
 .rel.iplt      0x0000000008006934        0x0 /opt/st/stm32cubeide_1.0.2/plugins/com.st.stm32cube.ide.mcu.externaltools.gnu-tools-for-stm32.7-2018-q2-update.linux64_1.0.0.201904181610/tools/bin/../lib/gcc/arm-none-eabi/7.3.1/thumb/v7-m/crtbegin.o

.ARM.extab
 *(.ARM.extab* .gnu.linkonce.armextab.*)

.ARM            0x0000000008006934        0x0
                0x0000000008006934                __exidx_start = .
 *(.ARM.exidx*)
                0x0000000008006934                __exidx_end = .

.preinit_array  0x0000000008006934        0x0
                0x0000000008006934                PROVIDE (__preinit_array_start = .)
 *(.preinit_array*)
                0x0000000008006934                PROVIDE (__preinit_array_end = .)

.init_array     0x0000000008006934       0x10
                0x0000000008006934                PROVIDE (__init_array_start = .)
 *(SORT_BY_NAME(.init_array.*))
 .init_array.00000
                0x0000000008006934        0x4 /opt/st/stm32cubeide_1.0.2/plugins/com.st.stm32cube.ide.mcu.externaltools.gnu-tools-for-stm32.7-2018-q2-update.linux64_1.0.0.201904181610/tools/bin/../lib/gcc/arm-none-eabi/7.3.1/../../../../arm-none-eabi/lib/thumb/v7-m/libc.a(lib_a-__call_atexit.o)
 *(.init_array*)
 .init_array    0x0000000008006938        0x4 /opt/st/stm32cubeide_1.0.2/plugins/com.st.stm32cube.ide.mcu.externaltools.gnu-tools-for-stm32.7-2018-q2-update.linux64_1.0.0.201904181610/tools/bin/../lib/gcc/arm-none-eabi/7.3.1/thumb/v7-m/crtbegin.o
 .init_array    0x000000000800693c        0x4 Src/Odometry.o
 .init_array    0x0000000008006940        0x4 Src/main.o
                0x0000000008006944                PROVIDE (__init_array_end = .)

.fini_array     0x0000000008006944        0x4
                0x0000000008006944                PROVIDE (__fini_array_start = .)
 *(SORT_BY_NAME(.fini_array.*))
 *(.fini_array*)
 .fini_array    0x0000000008006944        0x4 /opt/st/stm32cubeide_1.0.2/plugins/com.st.stm32cube.ide.mcu.externaltools.gnu-tools-for-stm32.7-2018-q2-update.linux64_1.0.0.201904181610/tools/bin/../lib/gcc/arm-none-eabi/7.3.1/thumb/v7-m/crtbegin.o
                0x0000000008006948                PROVIDE (__fini_array_end = .)
                0x0000000008006948                _sidata = LOADADDR (.data)

.data           0x0000000020000000      0x854 load address 0x0000000008006948
                0x0000000020000000                . = ALIGN (0x4)
                0x0000000020000000                _sdata = .
 *(.data)
 *(.data*)
 .data.uwTickFreq
                0x0000000020000000        0x1 Drivers/STM32F1xx_HAL_Driver/Src/stm32f1xx_hal.o
                0x0000000020000000                uwTickFreq
 *fill*         0x0000000020000001        0x3 
 .data.uwTickPrio
                0x0000000020000004        0x4 Drivers/STM32F1xx_HAL_Driver/Src/stm32f1xx_hal.o
                0x0000000020000004                uwTickPrio
 .data.SystemCoreClock
                0x0000000020000008        0x4 Src/system_stm32f1xx.o
                0x0000000020000008                SystemCoreClock
 .data.__fdlib_version
                0x000000002000000c        0x1 /opt/st/stm32cubeide_1.0.2/plugins/com.st.stm32cube.ide.mcu.externaltools.gnu-tools-for-stm32.7-2018-q2-update.linux64_1.0.0.201904181610/tools/bin/../lib/gcc/arm-none-eabi/7.3.1/../../../../arm-none-eabi/lib/thumb/v7-m/libm.a(lib_a-s_lib_ver.o)
                0x000000002000000c                __fdlib_version
 *fill*         0x000000002000000d        0x3 
 .data._impure_ptr
                0x0000000020000010        0x4 /opt/st/stm32cubeide_1.0.2/plugins/com.st.stm32cube.ide.mcu.externaltools.gnu-tools-for-stm32.7-2018-q2-update.linux64_1.0.0.201904181610/tools/bin/../lib/gcc/arm-none-eabi/7.3.1/../../../../arm-none-eabi/lib/thumb/v7-m/libc.a(lib_a-impure.o)
                0x0000000020000010                _impure_ptr
 *fill*         0x0000000020000014        0x4 
 .data.impure_data
                0x0000000020000018      0x428 /opt/st/stm32cubeide_1.0.2/plugins/com.st.stm32cube.ide.mcu.externaltools.gnu-tools-for-stm32.7-2018-q2-update.linux64_1.0.0.201904181610/tools/bin/../lib/gcc/arm-none-eabi/7.3.1/../../../../arm-none-eabi/lib/thumb/v7-m/libc.a(lib_a-impure.o)
 .data.__malloc_av_
                0x0000000020000440      0x408 /opt/st/stm32cubeide_1.0.2/plugins/com.st.stm32cube.ide.mcu.externaltools.gnu-tools-for-stm32.7-2018-q2-update.linux64_1.0.0.201904181610/tools/bin/../lib/gcc/arm-none-eabi/7.3.1/../../../../arm-none-eabi/lib/thumb/v7-m/libc.a(lib_a-mallocr.o)
                0x0000000020000440                __malloc_av_
 .data.__malloc_sbrk_base
                0x0000000020000848        0x4 /opt/st/stm32cubeide_1.0.2/plugins/com.st.stm32cube.ide.mcu.externaltools.gnu-tools-for-stm32.7-2018-q2-update.linux64_1.0.0.201904181610/tools/bin/../lib/gcc/arm-none-eabi/7.3.1/../../../../arm-none-eabi/lib/thumb/v7-m/libc.a(lib_a-mallocr.o)
                0x0000000020000848                __malloc_sbrk_base
 .data.__malloc_trim_threshold
                0x000000002000084c        0x4 /opt/st/stm32cubeide_1.0.2/plugins/com.st.stm32cube.ide.mcu.externaltools.gnu-tools-for-stm32.7-2018-q2-update.linux64_1.0.0.201904181610/tools/bin/../lib/gcc/arm-none-eabi/7.3.1/../../../../arm-none-eabi/lib/thumb/v7-m/libc.a(lib_a-mallocr.o)
                0x000000002000084c                __malloc_trim_threshold
 .data.__atexit_recursive_mutex
                0x0000000020000850        0x4 /opt/st/stm32cubeide_1.0.2/plugins/com.st.stm32cube.ide.mcu.externaltools.gnu-tools-for-stm32.7-2018-q2-update.linux64_1.0.0.201904181610/tools/bin/../lib/gcc/arm-none-eabi/7.3.1/../../../../arm-none-eabi/lib/thumb/v7-m/libc.a(lib_a-__call_atexit.o)
                0x0000000020000850                __atexit_recursive_mutex
                0x0000000020000854                . = ALIGN (0x4)
                0x0000000020000854                _edata = .

.igot.plt       0x0000000020000854        0x0 load address 0x000000000800719c
 .igot.plt      0x0000000020000854        0x0 /opt/st/stm32cubeide_1.0.2/plugins/com.st.stm32cube.ide.mcu.externaltools.gnu-tools-for-stm32.7-2018-q2-update.linux64_1.0.0.201904181610/tools/bin/../lib/gcc/arm-none-eabi/7.3.1/thumb/v7-m/crtbegin.o
                0x0000000020000854                . = ALIGN (0x4)

.bss            0x0000000020000854      0x2c4 load address 0x000000000800719c
                0x0000000020000854                _sbss = .
                0x0000000020000854                __bss_start__ = _sbss
 *(.bss)
 .bss           0x0000000020000854       0x1c /opt/st/stm32cubeide_1.0.2/plugins/com.st.stm32cube.ide.mcu.externaltools.gnu-tools-for-stm32.7-2018-q2-update.linux64_1.0.0.201904181610/tools/bin/../lib/gcc/arm-none-eabi/7.3.1/thumb/v7-m/crtbegin.o
 *(.bss*)
 .bss.MDGF      0x0000000020000870       0x28 Src/Odometry.o
                0x0000000020000870                MDGF
 .bss._ZZN8Odometry11ReadAccGyroEvE8offset_G
                0x0000000020000898        0x4 Src/Odometry.o
 .bss._ZGVZN8Odometry11ReadAccGyroEvE8offset_G
                0x000000002000089c        0x4 Src/Odometry.o
 .bss.filter    0x00000000200008a0       0x28 Src/can.o
                0x00000000200008a0                filter
 .bss.prescaler
                0x00000000200008c8        0x4 Src/can.o
                0x00000000200008c8                prescaler
 .bss.bus_state
                0x00000000200008cc        0x1 Src/can.o
                0x00000000200008cc                bus_state
 *fill*         0x00000000200008cd        0x3 
 .bss.led_lastoff
                0x00000000200008d0        0x4 Src/led.o
 .bss.led_laston
                0x00000000200008d4        0x4 Src/led.o
 .bss.hspi2     0x00000000200008d8       0x58 Src/main.o
                0x00000000200008d8                hspi2
 .bss.htim2     0x0000000020000930       0x40 Src/main.o
                0x0000000020000930                htim2
 .bss.htim3     0x0000000020000970       0x40 Src/main.o
                0x0000000020000970                htim3
 .bss.htim4     0x00000000200009b0       0x40 Src/main.o
                0x00000000200009b0                htim4
 .bss.huart1    0x00000000200009f0       0x40 Src/main.o
                0x00000000200009f0                huart1
 .bss.hcan      0x0000000020000a30       0x28 Src/main.o
                0x0000000020000a30                hcan
 .bss.tx_header_x
                0x0000000020000a58       0x18 Src/main.o
                0x0000000020000a58                tx_header_x
 .bss.tx_header_y
                0x0000000020000a70       0x18 Src/main.o
                0x0000000020000a70                tx_header_y
 .bss.tx_header_yaw
                0x0000000020000a88       0x18 Src/main.o
                0x0000000020000a88                tx_header_yaw
 .bss.odom      0x0000000020000aa0        0x4 Src/main.o
                0x0000000020000aa0                odom
 .bss.tx_payload_x
                0x0000000020000aa4        0x8 Src/main.o
                0x0000000020000aa4                tx_payload_x
 .bss.tx_payload_y
                0x0000000020000aac        0x8 Src/main.o
                0x0000000020000aac                tx_payload_y
 .bss.tx_payload_yaw
                0x0000000020000ab4        0x8 Src/main.o
                0x0000000020000ab4                tx_payload_yaw
 .bss._ZZ4mainE1X
                0x0000000020000abc        0x4 Src/main.o
 .bss._ZZ4mainE1Y
                0x0000000020000ac0        0x4 Src/main.o
 .bss._ZZ4mainE3Yaw
                0x0000000020000ac4        0x4 Src/main.o
 .bss._ZN12_GLOBAL__N_113__new_handlerE
                0x0000000020000ac8        0x4 /opt/st/stm32cubeide_1.0.2/plugins/com.st.stm32cube.ide.mcu.externaltools.gnu-tools-for-stm32.7-2018-q2-update.linux64_1.0.0.201904181610/tools/bin/../lib/gcc/arm-none-eabi/7.3.1/../../../../arm-none-eabi/lib/thumb/v7-m/libstdc++_nano.a(new_handler.o)
 .bss.__malloc_current_mallinfo
                0x0000000020000acc       0x28 /opt/st/stm32cubeide_1.0.2/plugins/com.st.stm32cube.ide.mcu.externaltools.gnu-tools-for-stm32.7-2018-q2-update.linux64_1.0.0.201904181610/tools/bin/../lib/gcc/arm-none-eabi/7.3.1/../../../../arm-none-eabi/lib/thumb/v7-m/libc.a(lib_a-mallocr.o)
                0x0000000020000acc                __malloc_current_mallinfo
 .bss.__malloc_max_sbrked_mem
                0x0000000020000af4        0x4 /opt/st/stm32cubeide_1.0.2/plugins/com.st.stm32cube.ide.mcu.externaltools.gnu-tools-for-stm32.7-2018-q2-update.linux64_1.0.0.201904181610/tools/bin/../lib/gcc/arm-none-eabi/7.3.1/../../../../arm-none-eabi/lib/thumb/v7-m/libc.a(lib_a-mallocr.o)
                0x0000000020000af4                __malloc_max_sbrked_mem
 .bss.__malloc_max_total_mem
                0x0000000020000af8        0x4 /opt/st/stm32cubeide_1.0.2/plugins/com.st.stm32cube.ide.mcu.externaltools.gnu-tools-for-stm32.7-2018-q2-update.linux64_1.0.0.201904181610/tools/bin/../lib/gcc/arm-none-eabi/7.3.1/../../../../arm-none-eabi/lib/thumb/v7-m/libc.a(lib_a-mallocr.o)
                0x0000000020000af8                __malloc_max_total_mem
 .bss.__malloc_top_pad
                0x0000000020000afc        0x4 /opt/st/stm32cubeide_1.0.2/plugins/com.st.stm32cube.ide.mcu.externaltools.gnu-tools-for-stm32.7-2018-q2-update.linux64_1.0.0.201904181610/tools/bin/../lib/gcc/arm-none-eabi/7.3.1/../../../../arm-none-eabi/lib/thumb/v7-m/libc.a(lib_a-mallocr.o)
                0x0000000020000afc                __malloc_top_pad
 .bss.heap_end.4102
                0x0000000020000b00        0x4 /opt/st/stm32cubeide_1.0.2/plugins/com.st.stm32cube.ide.mcu.externaltools.gnu-tools-for-stm32.7-2018-q2-update.linux64_1.0.0.201904181610/tools/bin/../lib/gcc/arm-none-eabi/7.3.1/../../../../arm-none-eabi/lib/thumb/v7-m/libnosys.a(sbrk.o)
 *(COMMON)
 COMMON         0x0000000020000b04        0x4 Drivers/STM32F1xx_HAL_Driver/Src/stm32f1xx_hal.o
                0x0000000020000b04                uwTick
 COMMON         0x0000000020000b08        0x9 /opt/st/stm32cubeide_1.0.2/plugins/com.st.stm32cube.ide.mcu.externaltools.gnu-tools-for-stm32.7-2018-q2-update.linux64_1.0.0.201904181610/tools/bin/../lib/gcc/arm-none-eabi/7.3.1/../../../../arm-none-eabi/lib/thumb/v7-m/libc.a(lib_a-lock.o)
                0x0000000020000b08                __lock___atexit_recursive_mutex
                0x0000000020000b09                __lock___arc4random_mutex
                0x0000000020000b0a                __lock___env_recursive_mutex
                0x0000000020000b0b                __lock___sinit_recursive_mutex
                0x0000000020000b0c                __lock___malloc_recursive_mutex
                0x0000000020000b0d                __lock___at_quick_exit_mutex
                0x0000000020000b0e                __lock___dd_hash_mutex
                0x0000000020000b0f                __lock___tz_mutex
                0x0000000020000b10                __lock___sfp_recursive_mutex
 *fill*         0x0000000020000b11        0x3 
 COMMON         0x0000000020000b14        0x4 /opt/st/stm32cubeide_1.0.2/plugins/com.st.stm32cube.ide.mcu.externaltools.gnu-tools-for-stm32.7-2018-q2-update.linux64_1.0.0.201904181610/tools/bin/../lib/gcc/arm-none-eabi/7.3.1/../../../../arm-none-eabi/lib/thumb/v7-m/libc.a(lib_a-reent.o)
                0x0000000020000b14                errno
                0x0000000020000b18                . = ALIGN (0x4)
                0x0000000020000b18                _ebss = .
                0x0000000020000b18                __bss_end__ = _ebss

._user_heap_stack
                0x0000000020000b18      0x600 load address 0x000000000800719c
                0x0000000020000b18                . = ALIGN (0x4)
                0x0000000020000b18                PROVIDE (end = .)
                [!provide]                        PROVIDE (_end = .)
                0x0000000020000d18                . = (. + _Min_Heap_Size)
 *fill*         0x0000000020000b18      0x200 
                0x0000000020001118                . = (. + _Min_Stack_Size)
 *fill*         0x0000000020000d18      0x400 
                0x0000000020001118                . = ALIGN (0x4)

/DISCARD/
 libc.a(*)
 libm.a(*)
 libgcc.a(*)

.ARM.attributes
                0x0000000000000000       0x29
 *(.ARM.attributes)
 .ARM.attributes
                0x0000000000000000       0x1d /opt/st/stm32cubeide_1.0.2/plugins/com.st.stm32cube.ide.mcu.externaltools.gnu-tools-for-stm32.7-2018-q2-update.linux64_1.0.0.201904181610/tools/bin/../lib/gcc/arm-none-eabi/7.3.1/thumb/v7-m/crti.o
 .ARM.attributes
                0x000000000000001d       0x2d /opt/st/stm32cubeide_1.0.2/plugins/com.st.stm32cube.ide.mcu.externaltools.gnu-tools-for-stm32.7-2018-q2-update.linux64_1.0.0.201904181610/tools/bin/../lib/gcc/arm-none-eabi/7.3.1/thumb/v7-m/crtbegin.o
 .ARM.attributes
                0x000000000000004a       0x33 Drivers/STM32F1xx_HAL_Driver/Src/stm32f1xx_hal.o
 .ARM.attributes
                0x000000000000007d       0x33 Drivers/STM32F1xx_HAL_Driver/Src/stm32f1xx_hal_can.o
 .ARM.attributes
                0x00000000000000b0       0x33 Drivers/STM32F1xx_HAL_Driver/Src/stm32f1xx_hal_cortex.o
 .ARM.attributes
                0x00000000000000e3       0x33 Drivers/STM32F1xx_HAL_Driver/Src/stm32f1xx_hal_dma.o
 .ARM.attributes
                0x0000000000000116       0x33 Drivers/STM32F1xx_HAL_Driver/Src/stm32f1xx_hal_gpio.o
 .ARM.attributes
                0x0000000000000149       0x33 Drivers/STM32F1xx_HAL_Driver/Src/stm32f1xx_hal_rcc.o
 .ARM.attributes
                0x000000000000017c       0x33 Drivers/STM32F1xx_HAL_Driver/Src/stm32f1xx_hal_spi_ex.o
 .ARM.attributes
                0x00000000000001af       0x33 Drivers/STM32F1xx_HAL_Driver/Src/stm32f1xx_hal_tim.o
 .ARM.attributes
                0x00000000000001e2       0x33 Drivers/STM32F1xx_HAL_Driver/Src/stm32f1xx_hal_tim_ex.o
 .ARM.attributes
                0x0000000000000215       0x33 Drivers/STM32F1xx_HAL_Driver/Src/stm32f1xx_hal_uart.o
 .ARM.attributes
                0x0000000000000248       0x33 Src/MPU9250.o
 .ARM.attributes
                0x000000000000027b       0x33 Src/MadgwickAHRS.o
 .ARM.attributes
                0x00000000000002ae       0x33 Src/Odometry.o
 .ARM.attributes
                0x00000000000002e1       0x33 Src/can.o
 .ARM.attributes
                0x0000000000000314       0x33 Src/led.o
 .ARM.attributes
                0x0000000000000347       0x33 Src/main.o
 .ARM.attributes
                0x000000000000037a       0x33 Src/stm32f1xx_hal_msp.o
 .ARM.attributes
                0x00000000000003ad       0x33 Src/stm32f1xx_it.o
 .ARM.attributes
                0x00000000000003e0       0x33 Src/system_stm32f1xx.o
 .ARM.attributes
                0x0000000000000413       0x21 startup/startup_stm32f103xb.o
 .ARM.attributes
                0x0000000000000434       0x2d /opt/st/stm32cubeide_1.0.2/plugins/com.st.stm32cube.ide.mcu.externaltools.gnu-tools-for-stm32.7-2018-q2-update.linux64_1.0.0.201904181610/tools/bin/../lib/gcc/arm-none-eabi/7.3.1/../../../../arm-none-eabi/lib/thumb/v7-m/libstdc++_nano.a(del_ops.o)
 .ARM.attributes
                0x0000000000000461       0x2d /opt/st/stm32cubeide_1.0.2/plugins/com.st.stm32cube.ide.mcu.externaltools.gnu-tools-for-stm32.7-2018-q2-update.linux64_1.0.0.201904181610/tools/bin/../lib/gcc/arm-none-eabi/7.3.1/../../../../arm-none-eabi/lib/thumb/v7-m/libstdc++_nano.a(new_op.o)
 .ARM.attributes
                0x000000000000048e       0x2d /opt/st/stm32cubeide_1.0.2/plugins/com.st.stm32cube.ide.mcu.externaltools.gnu-tools-for-stm32.7-2018-q2-update.linux64_1.0.0.201904181610/tools/bin/../lib/gcc/arm-none-eabi/7.3.1/../../../../arm-none-eabi/lib/thumb/v7-m/libstdc++_nano.a(new_handler.o)
 .ARM.attributes
                0x00000000000004bb       0x2d /opt/st/stm32cubeide_1.0.2/plugins/com.st.stm32cube.ide.mcu.externaltools.gnu-tools-for-stm32.7-2018-q2-update.linux64_1.0.0.201904181610/tools/bin/../lib/gcc/arm-none-eabi/7.3.1/../../../../arm-none-eabi/lib/thumb/v7-m/libstdc++_nano.a(del_op.o)
 .ARM.attributes
                0x00000000000004e8       0x2d /opt/st/stm32cubeide_1.0.2/plugins/com.st.stm32cube.ide.mcu.externaltools.gnu-tools-for-stm32.7-2018-q2-update.linux64_1.0.0.201904181610/tools/bin/../lib/gcc/arm-none-eabi/7.3.1/../../../../arm-none-eabi/lib/thumb/v7-m/libm.a(lib_a-sf_cos.o)
 .ARM.attributes
                0x0000000000000515       0x2d /opt/st/stm32cubeide_1.0.2/plugins/com.st.stm32cube.ide.mcu.externaltools.gnu-tools-for-stm32.7-2018-q2-update.linux64_1.0.0.201904181610/tools/bin/../lib/gcc/arm-none-eabi/7.3.1/../../../../arm-none-eabi/lib/thumb/v7-m/libm.a(lib_a-sf_sin.o)
 .ARM.attributes
                0x0000000000000542       0x2d /opt/st/stm32cubeide_1.0.2/plugins/com.st.stm32cube.ide.mcu.externaltools.gnu-tools-for-stm32.7-2018-q2-update.linux64_1.0.0.201904181610/tools/bin/../lib/gcc/arm-none-eabi/7.3.1/../../../../arm-none-eabi/lib/thumb/v7-m/libm.a(lib_a-wf_asin.o)
 .ARM.attributes
                0x000000000000056f       0x2d /opt/st/stm32cubeide_1.0.2/plugins/com.st.stm32cube.ide.mcu.externaltools.gnu-tools-for-stm32.7-2018-q2-update.linux64_1.0.0.201904181610/tools/bin/../lib/gcc/arm-none-eabi/7.3.1/../../../../arm-none-eabi/lib/thumb/v7-m/libm.a(lib_a-wf_atan2.o)
 .ARM.attributes
                0x000000000000059c       0x2d /opt/st/stm32cubeide_1.0.2/plugins/com.st.stm32cube.ide.mcu.externaltools.gnu-tools-for-stm32.7-2018-q2-update.linux64_1.0.0.201904181610/tools/bin/../lib/gcc/arm-none-eabi/7.3.1/../../../../arm-none-eabi/lib/thumb/v7-m/libm.a(lib_a-wf_sqrt.o)
 .ARM.attributes
                0x00000000000005c9       0x2d /opt/st/stm32cubeide_1.0.2/plugins/com.st.stm32cube.ide.mcu.externaltools.gnu-tools-for-stm32.7-2018-q2-update.linux64_1.0.0.201904181610/tools/bin/../lib/gcc/arm-none-eabi/7.3.1/../../../../arm-none-eabi/lib/thumb/v7-m/libm.a(lib_a-ef_asin.o)
 .ARM.attributes
                0x00000000000005f6       0x2d /opt/st/stm32cubeide_1.0.2/plugins/com.st.stm32cube.ide.mcu.externaltools.gnu-tools-for-stm32.7-2018-q2-update.linux64_1.0.0.201904181610/tools/bin/../lib/gcc/arm-none-eabi/7.3.1/../../../../arm-none-eabi/lib/thumb/v7-m/libm.a(lib_a-ef_atan2.o)
 .ARM.attributes
                0x0000000000000623       0x2d /opt/st/stm32cubeide_1.0.2/plugins/com.st.stm32cube.ide.mcu.externaltools.gnu-tools-for-stm32.7-2018-q2-update.linux64_1.0.0.201904181610/tools/bin/../lib/gcc/arm-none-eabi/7.3.1/../../../../arm-none-eabi/lib/thumb/v7-m/libm.a(lib_a-ef_rem_pio2.o)
 .ARM.attributes
                0x0000000000000650       0x2d /opt/st/stm32cubeide_1.0.2/plugins/com.st.stm32cube.ide.mcu.externaltools.gnu-tools-for-stm32.7-2018-q2-update.linux64_1.0.0.201904181610/tools/bin/../lib/gcc/arm-none-eabi/7.3.1/../../../../arm-none-eabi/lib/thumb/v7-m/libm.a(lib_a-ef_sqrt.o)
 .ARM.attributes
                0x000000000000067d       0x2d /opt/st/stm32cubeide_1.0.2/plugins/com.st.stm32cube.ide.mcu.externaltools.gnu-tools-for-stm32.7-2018-q2-update.linux64_1.0.0.201904181610/tools/bin/../lib/gcc/arm-none-eabi/7.3.1/../../../../arm-none-eabi/lib/thumb/v7-m/libm.a(lib_a-kf_cos.o)
 .ARM.attributes
                0x00000000000006aa       0x2d /opt/st/stm32cubeide_1.0.2/plugins/com.st.stm32cube.ide.mcu.externaltools.gnu-tools-for-stm32.7-2018-q2-update.linux64_1.0.0.201904181610/tools/bin/../lib/gcc/arm-none-eabi/7.3.1/../../../../arm-none-eabi/lib/thumb/v7-m/libm.a(lib_a-kf_rem_pio2.o)
 .ARM.attributes
                0x00000000000006d7       0x2d /opt/st/stm32cubeide_1.0.2/plugins/com.st.stm32cube.ide.mcu.externaltools.gnu-tools-for-stm32.7-2018-q2-update.linux64_1.0.0.201904181610/tools/bin/../lib/gcc/arm-none-eabi/7.3.1/../../../../arm-none-eabi/lib/thumb/v7-m/libm.a(lib_a-kf_sin.o)
 .ARM.attributes
                0x0000000000000704       0x2d /opt/st/stm32cubeide_1.0.2/plugins/com.st.stm32cube.ide.mcu.externaltools.gnu-tools-for-stm32.7-2018-q2-update.linux64_1.0.0.201904181610/tools/bin/../lib/gcc/arm-none-eabi/7.3.1/../../../../arm-none-eabi/lib/thumb/v7-m/libm.a(lib_a-s_lib_ver.o)
 .ARM.attributes
                0x0000000000000731       0x2d /opt/st/stm32cubeide_1.0.2/plugins/com.st.stm32cube.ide.mcu.externaltools.gnu-tools-for-stm32.7-2018-q2-update.linux64_1.0.0.201904181610/tools/bin/../lib/gcc/arm-none-eabi/7.3.1/../../../../arm-none-eabi/lib/thumb/v7-m/libm.a(lib_a-s_matherr.o)
 .ARM.attributes
                0x000000000000075e       0x2d /opt/st/stm32cubeide_1.0.2/plugins/com.st.stm32cube.ide.mcu.externaltools.gnu-tools-for-stm32.7-2018-q2-update.linux64_1.0.0.201904181610/tools/bin/../lib/gcc/arm-none-eabi/7.3.1/../../../../arm-none-eabi/lib/thumb/v7-m/libm.a(lib_a-s_nan.o)
 .ARM.attributes
                0x000000000000078b       0x2d /opt/st/stm32cubeide_1.0.2/plugins/com.st.stm32cube.ide.mcu.externaltools.gnu-tools-for-stm32.7-2018-q2-update.linux64_1.0.0.201904181610/tools/bin/../lib/gcc/arm-none-eabi/7.3.1/../../../../arm-none-eabi/lib/thumb/v7-m/libm.a(lib_a-sf_atan.o)
 .ARM.attributes
                0x00000000000007b8       0x2d /opt/st/stm32cubeide_1.0.2/plugins/com.st.stm32cube.ide.mcu.externaltools.gnu-tools-for-stm32.7-2018-q2-update.linux64_1.0.0.201904181610/tools/bin/../lib/gcc/arm-none-eabi/7.3.1/../../../../arm-none-eabi/lib/thumb/v7-m/libm.a(lib_a-sf_fabs.o)
 .ARM.attributes
                0x00000000000007e5       0x2d /opt/st/stm32cubeide_1.0.2/plugins/com.st.stm32cube.ide.mcu.externaltools.gnu-tools-for-stm32.7-2018-q2-update.linux64_1.0.0.201904181610/tools/bin/../lib/gcc/arm-none-eabi/7.3.1/../../../../arm-none-eabi/lib/thumb/v7-m/libm.a(lib_a-sf_floor.o)
 .ARM.attributes
                0x0000000000000812       0x2d /opt/st/stm32cubeide_1.0.2/plugins/com.st.stm32cube.ide.mcu.externaltools.gnu-tools-for-stm32.7-2018-q2-update.linux64_1.0.0.201904181610/tools/bin/../lib/gcc/arm-none-eabi/7.3.1/../../../../arm-none-eabi/lib/thumb/v7-m/libm.a(lib_a-sf_scalbn.o)
 .ARM.attributes
                0x000000000000083f       0x2d /opt/st/stm32cubeide_1.0.2/plugins/com.st.stm32cube.ide.mcu.externaltools.gnu-tools-for-stm32.7-2018-q2-update.linux64_1.0.0.201904181610/tools/bin/../lib/gcc/arm-none-eabi/7.3.1/../../../../arm-none-eabi/lib/thumb/v7-m/libm.a(lib_a-sf_copysign.o)
 .ARM.attributes
                0x000000000000086c       0x2d /opt/st/stm32cubeide_1.0.2/plugins/com.st.stm32cube.ide.mcu.externaltools.gnu-tools-for-stm32.7-2018-q2-update.linux64_1.0.0.201904181610/tools/bin/../lib/gcc/arm-none-eabi/7.3.1/../../../../arm-none-eabi/lib/thumb/v7-m/libc.a(lib_a-abort.o)
 .ARM.attributes
                0x0000000000000899       0x2d /opt/st/stm32cubeide_1.0.2/plugins/com.st.stm32cube.ide.mcu.externaltools.gnu-tools-for-stm32.7-2018-q2-update.linux64_1.0.0.201904181610/tools/bin/../lib/gcc/arm-none-eabi/7.3.1/../../../../arm-none-eabi/lib/thumb/v7-m/libc.a(lib_a-errno.o)
 .ARM.attributes
                0x00000000000008c6       0x2d /opt/st/stm32cubeide_1.0.2/plugins/com.st.stm32cube.ide.mcu.externaltools.gnu-tools-for-stm32.7-2018-q2-update.linux64_1.0.0.201904181610/tools/bin/../lib/gcc/arm-none-eabi/7.3.1/../../../../arm-none-eabi/lib/thumb/v7-m/libc.a(lib_a-impure.o)
 .ARM.attributes
                0x00000000000008f3       0x2d /opt/st/stm32cubeide_1.0.2/plugins/com.st.stm32cube.ide.mcu.externaltools.gnu-tools-for-stm32.7-2018-q2-update.linux64_1.0.0.201904181610/tools/bin/../lib/gcc/arm-none-eabi/7.3.1/../../../../arm-none-eabi/lib/thumb/v7-m/libc.a(lib_a-init.o)
 .ARM.attributes
                0x0000000000000920       0x2d /opt/st/stm32cubeide_1.0.2/plugins/com.st.stm32cube.ide.mcu.externaltools.gnu-tools-for-stm32.7-2018-q2-update.linux64_1.0.0.201904181610/tools/bin/../lib/gcc/arm-none-eabi/7.3.1/../../../../arm-none-eabi/lib/thumb/v7-m/libc.a(lib_a-malloc.o)
 .ARM.attributes
                0x000000000000094d       0x2d /opt/st/stm32cubeide_1.0.2/plugins/com.st.stm32cube.ide.mcu.externaltools.gnu-tools-for-stm32.7-2018-q2-update.linux64_1.0.0.201904181610/tools/bin/../lib/gcc/arm-none-eabi/7.3.1/../../../../arm-none-eabi/lib/thumb/v7-m/libc.a(lib_a-mallocr.o)
 .ARM.attributes
                0x000000000000097a       0x2d /opt/st/stm32cubeide_1.0.2/plugins/com.st.stm32cube.ide.mcu.externaltools.gnu-tools-for-stm32.7-2018-q2-update.linux64_1.0.0.201904181610/tools/bin/../lib/gcc/arm-none-eabi/7.3.1/../../../../arm-none-eabi/lib/thumb/v7-m/libc.a(lib_a-memset.o)
 .ARM.attributes
                0x00000000000009a7       0x2d /opt/st/stm32cubeide_1.0.2/plugins/com.st.stm32cube.ide.mcu.externaltools.gnu-tools-for-stm32.7-2018-q2-update.linux64_1.0.0.201904181610/tools/bin/../lib/gcc/arm-none-eabi/7.3.1/../../../../arm-none-eabi/lib/thumb/v7-m/libc.a(lib_a-mlock.o)
 .ARM.attributes
                0x00000000000009d4       0x2d /opt/st/stm32cubeide_1.0.2/plugins/com.st.stm32cube.ide.mcu.externaltools.gnu-tools-for-stm32.7-2018-q2-update.linux64_1.0.0.201904181610/tools/bin/../lib/gcc/arm-none-eabi/7.3.1/../../../../arm-none-eabi/lib/thumb/v7-m/libc.a(lib_a-sbrkr.o)
 .ARM.attributes
                0x0000000000000a01       0x2d /opt/st/stm32cubeide_1.0.2/plugins/com.st.stm32cube.ide.mcu.externaltools.gnu-tools-for-stm32.7-2018-q2-update.linux64_1.0.0.201904181610/tools/bin/../lib/gcc/arm-none-eabi/7.3.1/../../../../arm-none-eabi/lib/thumb/v7-m/libc.a(lib_a-signal.o)
 .ARM.attributes
                0x0000000000000a2e       0x2d /opt/st/stm32cubeide_1.0.2/plugins/com.st.stm32cube.ide.mcu.externaltools.gnu-tools-for-stm32.7-2018-q2-update.linux64_1.0.0.201904181610/tools/bin/../lib/gcc/arm-none-eabi/7.3.1/../../../../arm-none-eabi/lib/thumb/v7-m/libc.a(lib_a-signalr.o)
 .ARM.attributes
                0x0000000000000a5b       0x2d /opt/st/stm32cubeide_1.0.2/plugins/com.st.stm32cube.ide.mcu.externaltools.gnu-tools-for-stm32.7-2018-q2-update.linux64_1.0.0.201904181610/tools/bin/../lib/gcc/arm-none-eabi/7.3.1/../../../../arm-none-eabi/lib/thumb/v7-m/libc.a(lib_a-sysconf.o)
 .ARM.attributes
                0x0000000000000a88       0x2d /opt/st/stm32cubeide_1.0.2/plugins/com.st.stm32cube.ide.mcu.externaltools.gnu-tools-for-stm32.7-2018-q2-update.linux64_1.0.0.201904181610/tools/bin/../lib/gcc/arm-none-eabi/7.3.1/../../../../arm-none-eabi/lib/thumb/v7-m/libc.a(lib_a-__call_atexit.o)
 .ARM.attributes
                0x0000000000000ab5       0x2d /opt/st/stm32cubeide_1.0.2/plugins/com.st.stm32cube.ide.mcu.externaltools.gnu-tools-for-stm32.7-2018-q2-update.linux64_1.0.0.201904181610/tools/bin/../lib/gcc/arm-none-eabi/7.3.1/../../../../arm-none-eabi/lib/thumb/v7-m/libc.a(lib_a-atexit.o)
 .ARM.attributes
                0x0000000000000ae2       0x2d /opt/st/stm32cubeide_1.0.2/plugins/com.st.stm32cube.ide.mcu.externaltools.gnu-tools-for-stm32.7-2018-q2-update.linux64_1.0.0.201904181610/tools/bin/../lib/gcc/arm-none-eabi/7.3.1/../../../../arm-none-eabi/lib/thumb/v7-m/libc.a(lib_a-fini.o)
 .ARM.attributes
                0x0000000000000b0f       0x2d /opt/st/stm32cubeide_1.0.2/plugins/com.st.stm32cube.ide.mcu.externaltools.gnu-tools-for-stm32.7-2018-q2-update.linux64_1.0.0.201904181610/tools/bin/../lib/gcc/arm-none-eabi/7.3.1/../../../../arm-none-eabi/lib/thumb/v7-m/libc.a(lib_a-freer.o)
 .ARM.attributes
                0x0000000000000b3c       0x2d /opt/st/stm32cubeide_1.0.2/plugins/com.st.stm32cube.ide.mcu.externaltools.gnu-tools-for-stm32.7-2018-q2-update.linux64_1.0.0.201904181610/tools/bin/../lib/gcc/arm-none-eabi/7.3.1/../../../../arm-none-eabi/lib/thumb/v7-m/libc.a(lib_a-lock.o)
 .ARM.attributes
                0x0000000000000b69       0x2d /opt/st/stm32cubeide_1.0.2/plugins/com.st.stm32cube.ide.mcu.externaltools.gnu-tools-for-stm32.7-2018-q2-update.linux64_1.0.0.201904181610/tools/bin/../lib/gcc/arm-none-eabi/7.3.1/../../../../arm-none-eabi/lib/thumb/v7-m/libc.a(lib_a-reent.o)
 .ARM.attributes
                0x0000000000000b96       0x2d /opt/st/stm32cubeide_1.0.2/plugins/com.st.stm32cube.ide.mcu.externaltools.gnu-tools-for-stm32.7-2018-q2-update.linux64_1.0.0.201904181610/tools/bin/../lib/gcc/arm-none-eabi/7.3.1/../../../../arm-none-eabi/lib/thumb/v7-m/libc.a(lib_a-__atexit.o)
 .ARM.attributes
                0x0000000000000bc3       0x1d /opt/st/stm32cubeide_1.0.2/plugins/com.st.stm32cube.ide.mcu.externaltools.gnu-tools-for-stm32.7-2018-q2-update.linux64_1.0.0.201904181610/tools/bin/../lib/gcc/arm-none-eabi/7.3.1/thumb/v7-m/libgcc.a(_arm_addsubdf3.o)
 .ARM.attributes
                0x0000000000000be0       0x1d /opt/st/stm32cubeide_1.0.2/plugins/com.st.stm32cube.ide.mcu.externaltools.gnu-tools-for-stm32.7-2018-q2-update.linux64_1.0.0.201904181610/tools/bin/../lib/gcc/arm-none-eabi/7.3.1/thumb/v7-m/libgcc.a(_arm_muldivdf3.o)
 .ARM.attributes
                0x0000000000000bfd       0x1d /opt/st/stm32cubeide_1.0.2/plugins/com.st.stm32cube.ide.mcu.externaltools.gnu-tools-for-stm32.7-2018-q2-update.linux64_1.0.0.201904181610/tools/bin/../lib/gcc/arm-none-eabi/7.3.1/thumb/v7-m/libgcc.a(_arm_truncdfsf2.o)
 .ARM.attributes
                0x0000000000000c1a       0x1d /opt/st/stm32cubeide_1.0.2/plugins/com.st.stm32cube.ide.mcu.externaltools.gnu-tools-for-stm32.7-2018-q2-update.linux64_1.0.0.201904181610/tools/bin/../lib/gcc/arm-none-eabi/7.3.1/thumb/v7-m/libgcc.a(_arm_addsubsf3.o)
 .ARM.attributes
                0x0000000000000c37       0x1d /opt/st/stm32cubeide_1.0.2/plugins/com.st.stm32cube.ide.mcu.externaltools.gnu-tools-for-stm32.7-2018-q2-update.linux64_1.0.0.201904181610/tools/bin/../lib/gcc/arm-none-eabi/7.3.1/thumb/v7-m/libgcc.a(_arm_muldivsf3.o)
 .ARM.attributes
                0x0000000000000c54       0x1d /opt/st/stm32cubeide_1.0.2/plugins/com.st.stm32cube.ide.mcu.externaltools.gnu-tools-for-stm32.7-2018-q2-update.linux64_1.0.0.201904181610/tools/bin/../lib/gcc/arm-none-eabi/7.3.1/thumb/v7-m/libgcc.a(_arm_cmpsf2.o)
 .ARM.attributes
                0x0000000000000c71       0x1d /opt/st/stm32cubeide_1.0.2/plugins/com.st.stm32cube.ide.mcu.externaltools.gnu-tools-for-stm32.7-2018-q2-update.linux64_1.0.0.201904181610/tools/bin/../lib/gcc/arm-none-eabi/7.3.1/thumb/v7-m/libgcc.a(_arm_unordsf2.o)
 .ARM.attributes
                0x0000000000000c8e       0x1d /opt/st/stm32cubeide_1.0.2/plugins/com.st.stm32cube.ide.mcu.externaltools.gnu-tools-for-stm32.7-2018-q2-update.linux64_1.0.0.201904181610/tools/bin/../lib/gcc/arm-none-eabi/7.3.1/thumb/v7-m/libgcc.a(_arm_fixsfsi.o)
 .ARM.attributes
                0x0000000000000cab       0x2d /opt/st/stm32cubeide_1.0.2/plugins/com.st.stm32cube.ide.mcu.externaltools.gnu-tools-for-stm32.7-2018-q2-update.linux64_1.0.0.201904181610/tools/bin/../lib/gcc/arm-none-eabi/7.3.1/../../../../arm-none-eabi/lib/thumb/v7-m/libnosys.a(getpid.o)
 .ARM.attributes
                0x0000000000000cd8       0x2d /opt/st/stm32cubeide_1.0.2/plugins/com.st.stm32cube.ide.mcu.externaltools.gnu-tools-for-stm32.7-2018-q2-update.linux64_1.0.0.201904181610/tools/bin/../lib/gcc/arm-none-eabi/7.3.1/../../../../arm-none-eabi/lib/thumb/v7-m/libnosys.a(kill.o)
 .ARM.attributes
                0x0000000000000d05       0x2d /opt/st/stm32cubeide_1.0.2/plugins/com.st.stm32cube.ide.mcu.externaltools.gnu-tools-for-stm32.7-2018-q2-update.linux64_1.0.0.201904181610/tools/bin/../lib/gcc/arm-none-eabi/7.3.1/../../../../arm-none-eabi/lib/thumb/v7-m/libnosys.a(sbrk.o)
 .ARM.attributes
                0x0000000000000d32       0x2d /opt/st/stm32cubeide_1.0.2/plugins/com.st.stm32cube.ide.mcu.externaltools.gnu-tools-for-stm32.7-2018-q2-update.linux64_1.0.0.201904181610/tools/bin/../lib/gcc/arm-none-eabi/7.3.1/../../../../arm-none-eabi/lib/thumb/v7-m/libnosys.a(_exit.o)
 .ARM.attributes
                0x0000000000000d5f       0x1d /opt/st/stm32cubeide_1.0.2/plugins/com.st.stm32cube.ide.mcu.externaltools.gnu-tools-for-stm32.7-2018-q2-update.linux64_1.0.0.201904181610/tools/bin/../lib/gcc/arm-none-eabi/7.3.1/thumb/v7-m/crtn.o
OUTPUT(odom_node.elf elf32-littlearm)

.debug_info     0x0000000000000000    0x1fe19
 .debug_info    0x0000000000000000      0xfdc Drivers/STM32F1xx_HAL_Driver/Src/stm32f1xx_hal.o
 .debug_info    0x0000000000000fdc     0x190e Drivers/STM32F1xx_HAL_Driver/Src/stm32f1xx_hal_can.o
 .debug_info    0x00000000000028ea     0x14b6 Drivers/STM32F1xx_HAL_Driver/Src/stm32f1xx_hal_cortex.o
 .debug_info    0x0000000000003da0     0x105b Drivers/STM32F1xx_HAL_Driver/Src/stm32f1xx_hal_dma.o
 .debug_info    0x0000000000004dfb      0xed3 Drivers/STM32F1xx_HAL_Driver/Src/stm32f1xx_hal_gpio.o
 .debug_info    0x0000000000005cce     0x1227 Drivers/STM32F1xx_HAL_Driver/Src/stm32f1xx_hal_rcc.o
 .debug_info    0x0000000000006ef5      0xe73 Drivers/STM32F1xx_HAL_Driver/Src/stm32f1xx_hal_spi_ex.o
 .debug_info    0x0000000000007d68     0x3b9f Drivers/STM32F1xx_HAL_Driver/Src/stm32f1xx_hal_tim.o
 .debug_info    0x000000000000b907     0x1991 Drivers/STM32F1xx_HAL_Driver/Src/stm32f1xx_hal_tim_ex.o
 .debug_info    0x000000000000d298     0x1e67 Drivers/STM32F1xx_HAL_Driver/Src/stm32f1xx_hal_uart.o
 .debug_info    0x000000000000f0ff      0xff0 Src/MPU9250.o
 .debug_info    0x00000000000100ef     0x198e Src/MadgwickAHRS.o
 .debug_info    0x0000000000011a7d     0x1ec0 Src/Odometry.o
 .debug_info    0x000000000001393d     0x11dc Src/can.o
 .debug_info    0x0000000000014b19      0xa77 Src/led.o
 .debug_info    0x0000000000015590     0x6ad9 Src/main.o
 .debug_info    0x000000000001c069     0x2035 Src/stm32f1xx_hal_msp.o
 .debug_info    0x000000000001e09e     0x10fd Src/stm32f1xx_it.o
 .debug_info    0x000000000001f19b      0xc5c Src/system_stm32f1xx.o
 .debug_info    0x000000000001fdf7       0x22 startup/startup_stm32f103xb.o

.debug_abbrev   0x0000000000000000     0x42f0
 .debug_abbrev  0x0000000000000000      0x354 Drivers/STM32F1xx_HAL_Driver/Src/stm32f1xx_hal.o
 .debug_abbrev  0x0000000000000354      0x3b6 Drivers/STM32F1xx_HAL_Driver/Src/stm32f1xx_hal_can.o
 .debug_abbrev  0x000000000000070a      0x3d6 Drivers/STM32F1xx_HAL_Driver/Src/stm32f1xx_hal_cortex.o
 .debug_abbrev  0x0000000000000ae0      0x2db Drivers/STM32F1xx_HAL_Driver/Src/stm32f1xx_hal_dma.o
 .debug_abbrev  0x0000000000000dbb      0x2a5 Drivers/STM32F1xx_HAL_Driver/Src/stm32f1xx_hal_gpio.o
 .debug_abbrev  0x0000000000001060      0x397 Drivers/STM32F1xx_HAL_Driver/Src/stm32f1xx_hal_rcc.o
 .debug_abbrev  0x00000000000013f7      0x215 Drivers/STM32F1xx_HAL_Driver/Src/stm32f1xx_hal_spi_ex.o
 .debug_abbrev  0x000000000000160c      0x401 Drivers/STM32F1xx_HAL_Driver/Src/stm32f1xx_hal_tim.o
 .debug_abbrev  0x0000000000001a0d      0x34c Drivers/STM32F1xx_HAL_Driver/Src/stm32f1xx_hal_tim_ex.o
 .debug_abbrev  0x0000000000001d59      0x3a7 Drivers/STM32F1xx_HAL_Driver/Src/stm32f1xx_hal_uart.o