Archive member included to satisfy reference by file (symbol)

/opt/Atollic_TrueSTUDIO_for_STM32_x86_64_9.1.0/ARMTools/bin/../lib/gcc/arm-atollic-eabi/6.3.1/../../../../arm-atollic-eabi/lib/armv7-m/libstdc++_nano.a(new_op.o)
                              Src/Odometry.o (operator new(unsigned int))
/opt/Atollic_TrueSTUDIO_for_STM32_x86_64_9.1.0/ARMTools/bin/../lib/gcc/arm-atollic-eabi/6.3.1/../../../../arm-atollic-eabi/lib/armv7-m/libstdc++_nano.a(eh_arm.o)
                              Src/Odometry.o (__cxa_end_cleanup)
/opt/Atollic_TrueSTUDIO_for_STM32_x86_64_9.1.0/ARMTools/bin/../lib/gcc/arm-atollic-eabi/6.3.1/../../../../arm-atollic-eabi/lib/armv7-m/libstdc++_nano.a(eh_personality.o)
                              Src/Odometry.o (__gxx_personality_v0)
/opt/Atollic_TrueSTUDIO_for_STM32_x86_64_9.1.0/ARMTools/bin/../lib/gcc/arm-atollic-eabi/6.3.1/../../../../arm-atollic-eabi/lib/armv7-m/libstdc++_nano.a(del_ops.o)
                              Src/Odometry.o (operator delete(void*, unsigned int))
/opt/Atollic_TrueSTUDIO_for_STM32_x86_64_9.1.0/ARMTools/bin/../lib/gcc/arm-atollic-eabi/6.3.1/../../../../arm-atollic-eabi/lib/armv7-m/libstdc++_nano.a(new_handler.o)
                              /opt/Atollic_TrueSTUDIO_for_STM32_x86_64_9.1.0/ARMTools/bin/../lib/gcc/arm-atollic-eabi/6.3.1/../../../../arm-atollic-eabi/lib/armv7-m/libstdc++_nano.a(new_op.o) (std::get_new_handler())
/opt/Atollic_TrueSTUDIO_for_STM32_x86_64_9.1.0/ARMTools/bin/../lib/gcc/arm-atollic-eabi/6.3.1/../../../../arm-atollic-eabi/lib/armv7-m/libstdc++_nano.a(eh_exception.o)
                              /opt/Atollic_TrueSTUDIO_for_STM32_x86_64_9.1.0/ARMTools/bin/../lib/gcc/arm-atollic-eabi/6.3.1/../../../../arm-atollic-eabi/lib/armv7-m/libstdc++_nano.a(eh_arm.o) (typeinfo for __cxxabiv1::__forced_unwind)
/opt/Atollic_TrueSTUDIO_for_STM32_x86_64_9.1.0/ARMTools/bin/../lib/gcc/arm-atollic-eabi/6.3.1/../../../../arm-atollic-eabi/lib/armv7-m/libstdc++_nano.a(si_class_type_info.o)
                              /opt/Atollic_TrueSTUDIO_for_STM32_x86_64_9.1.0/ARMTools/bin/../lib/gcc/arm-atollic-eabi/6.3.1/../../../../arm-atollic-eabi/lib/armv7-m/libstdc++_nano.a(eh_exception.o) (vtable for __cxxabiv1::__si_class_type_info)
/opt/Atollic_TrueSTUDIO_for_STM32_x86_64_9.1.0/ARMTools/bin/../lib/gcc/arm-atollic-eabi/6.3.1/../../../../arm-atollic-eabi/lib/armv7-m/libstdc++_nano.a(del_op.o)
                              /opt/Atollic_TrueSTUDIO_for_STM32_x86_64_9.1.0/ARMTools/bin/../lib/gcc/arm-atollic-eabi/6.3.1/../../../../arm-atollic-eabi/lib/armv7-m/libstdc++_nano.a(del_ops.o) (operator delete(void*))
/opt/Atollic_TrueSTUDIO_for_STM32_x86_64_9.1.0/ARMTools/bin/../lib/gcc/arm-atollic-eabi/6.3.1/../../../../arm-atollic-eabi/lib/armv7-m/libstdc++_nano.a(eh_call.o)
                              /opt/Atollic_TrueSTUDIO_for_STM32_x86_64_9.1.0/ARMTools/bin/../lib/gcc/arm-atollic-eabi/6.3.1/../../../../arm-atollic-eabi/lib/armv7-m/libstdc++_nano.a(eh_personality.o) (__cxa_call_terminate)
/opt/Atollic_TrueSTUDIO_for_STM32_x86_64_9.1.0/ARMTools/bin/../lib/gcc/arm-atollic-eabi/6.3.1/../../../../arm-atollic-eabi/lib/armv7-m/libstdc++_nano.a(pure.o)
                              /opt/Atollic_TrueSTUDIO_for_STM32_x86_64_9.1.0/ARMTools/bin/../lib/gcc/arm-atollic-eabi/6.3.1/../../../../arm-atollic-eabi/lib/armv7-m/libstdc++_nano.a(eh_exception.o) (__cxa_pure_virtual)
/opt/Atollic_TrueSTUDIO_for_STM32_x86_64_9.1.0/ARMTools/bin/../lib/gcc/arm-atollic-eabi/6.3.1/../../../../arm-atollic-eabi/lib/armv7-m/libstdc++_nano.a(eh_catch.o)
                              /opt/Atollic_TrueSTUDIO_for_STM32_x86_64_9.1.0/ARMTools/bin/../lib/gcc/arm-atollic-eabi/6.3.1/../../../../arm-atollic-eabi/lib/armv7-m/libstdc++_nano.a(eh_call.o) (__cxa_begin_catch)
/opt/Atollic_TrueSTUDIO_for_STM32_x86_64_9.1.0/ARMTools/bin/../lib/gcc/arm-atollic-eabi/6.3.1/../../../../arm-atollic-eabi/lib/armv7-m/libstdc++_nano.a(eh_terminate.o)
                              /opt/Atollic_TrueSTUDIO_for_STM32_x86_64_9.1.0/ARMTools/bin/../lib/gcc/arm-atollic-eabi/6.3.1/../../../../arm-atollic-eabi/lib/armv7-m/libstdc++_nano.a(eh_call.o) (__cxxabiv1::__terminate(void (*)()))
/opt/Atollic_TrueSTUDIO_for_STM32_x86_64_9.1.0/ARMTools/bin/../lib/gcc/arm-atollic-eabi/6.3.1/../../../../arm-atollic-eabi/lib/armv7-m/libstdc++_nano.a(eh_globals.o)
                              /opt/Atollic_TrueSTUDIO_for_STM32_x86_64_9.1.0/ARMTools/bin/../lib/gcc/arm-atollic-eabi/6.3.1/../../../../arm-atollic-eabi/lib/armv7-m/libstdc++_nano.a(eh_catch.o) (__cxa_get_globals_fast)
/opt/Atollic_TrueSTUDIO_for_STM32_x86_64_9.1.0/ARMTools/bin/../lib/gcc/arm-atollic-eabi/6.3.1/../../../../arm-atollic-eabi/lib/armv7-m/libstdc++_nano.a(eh_term_handler.o)
                              /opt/Atollic_TrueSTUDIO_for_STM32_x86_64_9.1.0/ARMTools/bin/../lib/gcc/arm-atollic-eabi/6.3.1/../../../../arm-atollic-eabi/lib/armv7-m/libstdc++_nano.a(eh_terminate.o) (__cxxabiv1::__terminate_handler)
[...]
Memory Configuration

Name             Origin             Length             Attributes
RAM              0x0000000020000000 0x0000000000005000 xrw
FLASH            0x0000000008000000 0x0000000000010000 xr
*default*        0x0000000000000000 0xffffffffffffffff

Linker script and memory map

LOAD /opt/Atollic_TrueSTUDIO_for_STM32_x86_64_9.1.0/ARMTools/bin/../lib/gcc/arm-atollic-eabi/6.3.1/armv7-m/crti.o
LOAD /opt/Atollic_TrueSTUDIO_for_STM32_x86_64_9.1.0/ARMTools/bin/../lib/gcc/arm-atollic-eabi/6.3.1/armv7-m/crtbegin.o
LOAD Drivers/STM32F1xx_HAL_Driver/Src/stm32f1xx_hal.o
LOAD Drivers/STM32F1xx_HAL_Driver/Src/stm32f1xx_hal_adc.o
LOAD Drivers/STM32F1xx_HAL_Driver/Src/stm32f1xx_hal_adc_ex.o
LOAD Drivers/STM32F1xx_HAL_Driver/Src/stm32f1xx_hal_can.o
LOAD Drivers/STM32F1xx_HAL_Driver/Src/stm32f1xx_hal_cec.o
LOAD Drivers/STM32F1xx_HAL_Driver/Src/stm32f1xx_hal_cortex.o
LOAD Drivers/STM32F1xx_HAL_Driver/Src/stm32f1xx_hal_crc.o
LOAD Drivers/STM32F1xx_HAL_Driver/Src/stm32f1xx_hal_dac.o
LOAD Drivers/STM32F1xx_HAL_Driver/Src/stm32f1xx_hal_dac_ex.o
LOAD Drivers/STM32F1xx_HAL_Driver/Src/stm32f1xx_hal_dma.o
LOAD Drivers/STM32F1xx_HAL_Driver/Src/stm32f1xx_hal_eth.o
LOAD Drivers/STM32F1xx_HAL_Driver/Src/stm32f1xx_hal_flash.o
LOAD Drivers/STM32F1xx_HAL_Driver/Src/stm32f1xx_hal_flash_ex.o
LOAD Drivers/STM32F1xx_HAL_Driver/Src/stm32f1xx_hal_gpio.o
LOAD Drivers/STM32F1xx_HAL_Driver/Src/stm32f1xx_hal_gpio_ex.o
LOAD Drivers/STM32F1xx_HAL_Driver/Src/stm32f1xx_hal_hcd.o
LOAD Drivers/STM32F1xx_HAL_Driver/Src/stm32f1xx_hal_i2c.o
LOAD Drivers/STM32F1xx_HAL_Driver/Src/stm32f1xx_hal_i2s.o
LOAD Drivers/STM32F1xx_HAL_Driver/Src/stm32f1xx_hal_irda.o
LOAD Drivers/STM32F1xx_HAL_Driver/Src/stm32f1xx_hal_iwdg.o
LOAD Drivers/STM32F1xx_HAL_Driver/Src/stm32f1xx_hal_mmc.o
LOAD Drivers/STM32F1xx_HAL_Driver/Src/stm32f1xx_hal_nand.o
LOAD Drivers/STM32F1xx_HAL_Driver/Src/stm32f1xx_hal_nor.o
LOAD Drivers/STM32F1xx_HAL_Driver/Src/stm32f1xx_hal_pccard.o
LOAD Drivers/STM32F1xx_HAL_Driver/Src/stm32f1xx_hal_pcd.o
LOAD Drivers/STM32F1xx_HAL_Driver/Src/stm32f1xx_hal_pcd_ex.o
LOAD Drivers/STM32F1xx_HAL_Driver/Src/stm32f1xx_hal_pwr.o
LOAD Drivers/STM32F1xx_HAL_Driver/Src/stm32f1xx_hal_rcc.o
LOAD Drivers/STM32F1xx_HAL_Driver/Src/stm32f1xx_hal_rcc_ex.o
LOAD Drivers/STM32F1xx_HAL_Driver/Src/stm32f1xx_hal_rtc.o
LOAD Drivers/STM32F1xx_HAL_Driver/Src/stm32f1xx_hal_rtc_ex.o
LOAD Drivers/STM32F1xx_HAL_Driver/Src/stm32f1xx_hal_sd.o
LOAD Drivers/STM32F1xx_HAL_Driver/Src/stm32f1xx_hal_smartcard.o
LOAD Drivers/STM32F1xx_HAL_Driver/Src/stm32f1xx_hal_spi.o
LOAD Drivers/STM32F1xx_HAL_Driver/Src/stm32f1xx_hal_spi_ex.o
LOAD Drivers/STM32F1xx_HAL_Driver/Src/stm32f1xx_hal_sram.o
LOAD Drivers/STM32F1xx_HAL_Driver/Src/stm32f1xx_hal_tim.o
LOAD Drivers/STM32F1xx_HAL_Driver/Src/stm32f1xx_hal_tim_ex.o
LOAD Drivers/STM32F1xx_HAL_Driver/Src/stm32f1xx_hal_uart.o
LOAD Drivers/STM32F1xx_HAL_Driver/Src/stm32f1xx_hal_usart.o
LOAD Drivers/STM32F1xx_HAL_Driver/Src/stm32f1xx_hal_wwdg.o
LOAD Drivers/STM32F1xx_HAL_Driver/Src/stm32f1xx_ll_adc.o
LOAD Drivers/STM32F1xx_HAL_Driver/Src/stm32f1xx_ll_crc.o
LOAD Drivers/STM32F1xx_HAL_Driver/Src/stm32f1xx_ll_dac.o
LOAD Drivers/STM32F1xx_HAL_Driver/Src/stm32f1xx_ll_dma.o
LOAD Drivers/STM32F1xx_HAL_Driver/Src/stm32f1xx_ll_exti.o
LOAD Drivers/STM32F1xx_HAL_Driver/Src/stm32f1xx_ll_fsmc.o
LOAD Drivers/STM32F1xx_HAL_Driver/Src/stm32f1xx_ll_gpio.o
LOAD Drivers/STM32F1xx_HAL_Driver/Src/stm32f1xx_ll_i2c.o
LOAD Drivers/STM32F1xx_HAL_Driver/Src/stm32f1xx_ll_pwr.o
LOAD Drivers/STM32F1xx_HAL_Driver/Src/stm32f1xx_ll_rcc.o
LOAD Drivers/STM32F1xx_HAL_Driver/Src/stm32f1xx_ll_rtc.o
LOAD Drivers/STM32F1xx_HAL_Driver/Src/stm32f1xx_ll_sdmmc.o
LOAD Drivers/STM32F1xx_HAL_Driver/Src/stm32f1xx_ll_spi.o
LOAD Drivers/STM32F1xx_HAL_Driver/Src/stm32f1xx_ll_tim.o
LOAD Drivers/STM32F1xx_HAL_Driver/Src/stm32f1xx_ll_usart.o
LOAD Drivers/STM32F1xx_HAL_Driver/Src/stm32f1xx_ll_usb.o
LOAD Drivers/STM32F1xx_HAL_Driver/Src/stm32f1xx_ll_utils.o
LOAD Src/MPU9250.o
LOAD Src/Odometry.o
LOAD Src/can.o
LOAD Src/led.o
LOAD Src/main.o
LOAD Src/stm32f1xx_hal_msp.o
LOAD Src/stm32f1xx_it.o
LOAD Src/system_stm32f1xx.o
LOAD startup/startup_stm32f103xb.o
                0x0000000000001000                malloc_getpagesize_P = 0x1000
START GROUP
LOAD /opt/Atollic_TrueSTUDIO_for_STM32_x86_64_9.1.0/ARMTools/bin/../lib/gcc/arm-atollic-eabi/6.3.1/../../../../arm-atollic-eabi/lib/armv7-m/libstdc++_nano.a
LOAD /opt/Atollic_TrueSTUDIO_for_STM32_x86_64_9.1.0/ARMTools/bin/../lib/gcc/arm-atollic-eabi/6.3.1/../../../../arm-atollic-eabi/lib/armv7-m/libsupc++_nano.a
END GROUP
LOAD /opt/Atollic_TrueSTUDIO_for_STM32_x86_64_9.1.0/ARMTools/bin/../lib/gcc/arm-atollic-eabi/6.3.1/../../../../arm-atollic-eabi/lib/armv7-m/libstdc++_nano.a
LOAD /opt/Atollic_TrueSTUDIO_for_STM32_x86_64_9.1.0/ARMTools/bin/../lib/gcc/arm-atollic-eabi/6.3.1/../../../../arm-atollic-eabi/lib/armv7-m/libm.a
LOAD /opt/Atollic_TrueSTUDIO_for_STM32_x86_64_9.1.0/ARMTools/bin/../lib/gcc/arm-atollic-eabi/6.3.1/../../../../arm-atollic-eabi/lib/armv7-m/libc.a
START GROUP
LOAD /opt/Atollic_TrueSTUDIO_for_STM32_x86_64_9.1.0/ARMTools/bin/../lib/gcc/arm-atollic-eabi/6.3.1/armv7-m/libgcc.a
LOAD /opt/Atollic_TrueSTUDIO_for_STM32_x86_64_9.1.0/ARMTools/bin/../lib/gcc/arm-atollic-eabi/6.3.1/../../../../arm-atollic-eabi/lib/armv7-m/libc.a
END GROUP
START GROUP
LOAD /opt/Atollic_TrueSTUDIO_for_STM32_x86_64_9.1.0/ARMTools/bin/../lib/gcc/arm-atollic-eabi/6.3.1/armv7-m/libgcc.a
LOAD /opt/Atollic_TrueSTUDIO_for_STM32_x86_64_9.1.0/ARMTools/bin/../lib/gcc/arm-atollic-eabi/6.3.1/../../../../arm-atollic-eabi/lib/armv7-m/libc.a
LOAD /opt/Atollic_TrueSTUDIO_for_STM32_x86_64_9.1.0/ARMTools/bin/../lib/gcc/arm-atollic-eabi/6.3.1/../../../../arm-atollic-eabi/lib/armv7-m/libnosys.a
END GROUP
START GROUP
LOAD /opt/Atollic_TrueSTUDIO_for_STM32_x86_64_9.1.0/ARMTools/bin/../lib/gcc/arm-atollic-eabi/6.3.1/armv7-m/libgcc.a
LOAD /opt/Atollic_TrueSTUDIO_for_STM32_x86_64_9.1.0/ARMTools/bin/../lib/gcc/arm-atollic-eabi/6.3.1/../../../../arm-atollic-eabi/lib/armv7-m/libc.a
LOAD /opt/Atollic_TrueSTUDIO_for_STM32_x86_64_9.1.0/ARMTools/bin/../lib/gcc/arm-atollic-eabi/6.3.1/../../../../arm-atollic-eabi/lib/armv7-m/libnosys.a
END GROUP
LOAD /opt/Atollic_TrueSTUDIO_for_STM32_x86_64_9.1.0/ARMTools/bin/../lib/gcc/arm-atollic-eabi/6.3.1/armv7-m/crtend.o
LOAD /opt/Atollic_TrueSTUDIO_for_STM32_x86_64_9.1.0/ARMTools/bin/../lib/gcc/arm-atollic-eabi/6.3.1/armv7-m/crtn.o
                0x0000000020005000                _estack = 0x20005000
                0x0000000000000200                _Min_Heap_Size = 0x200
                0x0000000000000400                _Min_Stack_Size = 0x400

.isr_vector     0x0000000008000000      0x10c
                0x0000000008000000                . = ALIGN (0x4)
 *(.isr_vector)
 .isr_vector    0x0000000008000000      0x10c startup/startup_stm32f103xb.o
                0x0000000008000000                g_pfnVectors
                0x000000000800010c                . = ALIGN (0x4)

.text           0x000000000800010c     0x664c
                0x000000000800010c                . = ALIGN (0x4)
 *(.text)
 .text          0x000000000800010c       0x40 /opt/Atollic_TrueSTUDIO_for_STM32_x86_64_9.1.0/ARMTools/bin/../lib/gcc/arm-atollic-eabi/6.3.1/armv7-m/crtbegin.o
 .text          0x000000000800014c       0x14 /opt/Atollic_TrueSTUDIO_for_STM32_x86_64_9.1.0/ARMTools/bin/../lib/gcc/arm-atollic-eabi/6.3.1/../../../../arm-atollic-eabi/lib/armv7-m/libc.a(lib_a-strcmp.o)
                0x000000000800014c                strcmp
 .text          0x0000000008000160      0x370 /opt/Atollic_TrueSTUDIO_for_STM32_x86_64_9.1.0/ARMTools/bin/../lib/gcc/arm-atollic-eabi/6.3.1/armv7-m/libgcc.a(_arm_addsubdf3.o)
                0x0000000008000160                __aeabi_drsub
                0x0000000008000168                __aeabi_dsub
                0x0000000008000168                __subdf3
                0x000000000800016c                __adddf3
                0x000000000800016c                __aeabi_dadd
                0x00000000080003e4                __aeabi_ui2d
                0x00000000080003e4                __floatunsidf
                0x0000000008000404                __floatsidf
                0x0000000008000404                __aeabi_i2d
                0x0000000008000428                __extendsfdf2
                0x0000000008000428                __aeabi_f2d
                0x0000000008000464                __aeabi_ul2d
                0x0000000008000464                __floatundidf
                0x0000000008000474                __floatdidf
                0x0000000008000474                __aeabi_l2d
 .text          0x00000000080004d0      0x424 /opt/Atollic_TrueSTUDIO_for_STM32_x86_64_9.1.0/ARMTools/bin/../lib/gcc/arm-atollic-eabi/6.3.1/armv7-m/libgcc.a(_arm_muldivdf3.o)
                0x00000000080004d0                __aeabi_dmul
                0x00000000080004d0                __muldf3
                0x0000000008000724                __aeabi_ddiv
                0x0000000008000724                __divdf3
 .text          0x00000000080008f4      0x110 /opt/Atollic_TrueSTUDIO_for_STM32_x86_64_9.1.0/ARMTools/bin/../lib/gcc/arm-atollic-eabi/6.3.1/armv7-m/libgcc.a(_arm_cmpdf2.o)
                0x00000000080008f4                __gtdf2
                0x00000000080008f4                __gedf2
                0x00000000080008fc                __ltdf2
                0x00000000080008fc                __ledf2
                0x0000000008000904                __cmpdf2
                0x0000000008000904                __eqdf2
                0x0000000008000904                __nedf2
                0x0000000008000980                __aeabi_cdrcmple
                0x0000000008000990                __aeabi_cdcmple
                0x0000000008000990                __aeabi_cdcmpeq
                0x00000000080009a0                __aeabi_dcmpeq
                0x00000000080009b4                __aeabi_dcmplt
                0x00000000080009c8                __aeabi_dcmple
                0x00000000080009dc                __aeabi_dcmpge
                0x00000000080009f0                __aeabi_dcmpgt
 .text          0x0000000008000a04       0xa0 /opt/Atollic_TrueSTUDIO_for_STM32_x86_64_9.1.0/ARMTools/bin/../lib/gcc/arm-atollic-eabi/6.3.1/armv7-m/libgcc.a(_arm_truncdfsf2.o)
                0x0000000008000a04                __aeabi_d2f
                0x0000000008000a04                __truncdfsf2
 .text          0x0000000008000aa4      0x21c /opt/Atollic_TrueSTUDIO_for_STM32_x86_64_9.1.0/ARMTools/bin/../lib/gcc/arm-atollic-eabi/6.3.1/armv7-m/libgcc.a(_arm_addsubsf3.o)
                0x0000000008000aa4                __aeabi_frsub
                0x0000000008000aac                __subsf3
                0x0000000008000aac                __aeabi_fsub
                0x0000000008000ab0                __aeabi_fadd
                0x0000000008000ab0                __addsf3
                0x0000000008000c10                __aeabi_ui2f
                0x0000000008000c10                __floatunsisf
                0x0000000008000c18                __aeabi_i2f
                0x0000000008000c18                __floatsisf
                0x0000000008000c34                __floatundisf
                0x0000000008000c34                __aeabi_ul2f
                0x0000000008000c44                __floatdisf
                0x0000000008000c44                __aeabi_l2f
 .text          0x0000000008000cc0      0x2a0 /opt/Atollic_TrueSTUDIO_for_STM32_x86_64_9.1.0/ARMTools/bin/../lib/gcc/arm-atollic-eabi/6.3.1/armv7-m/libgcc.a(_arm_muldivsf3.o)
                0x0000000008000cc0                __mulsf3
                0x0000000008000cc0                __aeabi_fmul
                0x0000000008000e28                __divsf3
                0x0000000008000e28                __aeabi_fdiv
 .text          0x0000000008000f60       0xec /opt/Atollic_TrueSTUDIO_for_STM32_x86_64_9.1.0/ARMTools/bin/../lib/gcc/arm-atollic-eabi/6.3.1/armv7-m/libgcc.a(_arm_cmpsf2.o)
                0x0000000008000f60                __gtsf2
                0x0000000008000f60                __gesf2
                0x0000000008000f68                __lesf2
                0x0000000008000f68                __ltsf2
                0x0000000008000f70                __nesf2
                0x0000000008000f70                __eqsf2
                0x0000000008000f70                __cmpsf2
                0x0000000008000fd0                __aeabi_cfrcmple
                0x0000000008000fd8                __aeabi_cfcmple
                0x0000000008000fd8                __aeabi_cfcmpeq
                0x0000000008000fe8                __aeabi_fcmpeq
                0x0000000008000ffc                __aeabi_fcmplt
                0x0000000008001010                __aeabi_fcmple
                0x0000000008001024                __aeabi_fcmpge
                0x0000000008001038                __aeabi_fcmpgt
 .text          0x000000000800104c       0x2c /opt/Atollic_TrueSTUDIO_for_STM32_x86_64_9.1.0/ARMTools/bin/../lib/gcc/arm-atollic-eabi/6.3.1/armv7-m/libgcc.a(_arm_unordsf2.o)
                0x000000000800104c                __aeabi_fcmpun
                0x000000000800104c                __unordsf2
 .text          0x0000000008001078       0x4c /opt/Atollic_TrueSTUDIO_for_STM32_x86_64_9.1.0/ARMTools/bin/../lib/gcc/arm-atollic-eabi/6.3.1/armv7-m/libgcc.a(_arm_fixsfsi.o)
                0x0000000008001078                __fixsfsi
                0x0000000008001078                __aeabi_f2iz
 .text          0x00000000080010c4      0x9dc /opt/Atollic_TrueSTUDIO_for_STM32_x86_64_9.1.0/ARMTools/bin/../lib/gcc/arm-atollic-eabi/6.3.1/armv7-m/libgcc.a(unwind-arm.o)
                0x0000000008001388                _Unwind_GetCFA
                0x000000000800138c                __gnu_Unwind_RaiseException
                0x00000000080013ec                __gnu_Unwind_ForcedUnwind
                0x0000000008001400                __gnu_Unwind_Resume
                0x0000000008001444                __gnu_Unwind_Resume_or_Rethrow
                0x0000000008001458                _Unwind_Complete
                0x000000000800145c                _Unwind_DeleteException
                0x0000000008001468                _Unwind_VRS_Get
                0x00000000080014b4                _Unwind_VRS_Set
                0x0000000008001504                __gnu_Unwind_Backtrace
                0x0000000008001848                __aeabi_unwind_cpp_pr0
                0x000000000800184c                __aeabi_unwind_cpp_pr1
                0x0000000008001850                __aeabi_unwind_cpp_pr2
                0x0000000008001854                _Unwind_VRS_Pop
 .text          0x0000000008001aa0      0x1ac /opt/Atollic_TrueSTUDIO_for_STM32_x86_64_9.1.0/ARMTools/bin/../lib/gcc/arm-atollic-eabi/6.3.1/armv7-m/libgcc.a(libunwind.o)
                0x0000000008001aa0                __restore_core_regs
                0x0000000008001aa0                restore_core_regs
                0x0000000008001ab8                __gnu_Unwind_Restore_VFP
                0x0000000008001ac0                __gnu_Unwind_Save_VFP
                0x0000000008001ac8                __gnu_Unwind_Restore_VFP_D
                0x0000000008001ad0                __gnu_Unwind_Save_VFP_D
                0x0000000008001ad8                __gnu_Unwind_Restore_VFP_D_16_to_31
                0x0000000008001ae0                __gnu_Unwind_Save_VFP_D_16_to_31
                0x0000000008001ae8                __gnu_Unwind_Restore_WMMXD
                0x0000000008001b2c                __gnu_Unwind_Save_WMMXD
                0x0000000008001b70                __gnu_Unwind_Restore_WMMXC
                0x0000000008001b84                __gnu_Unwind_Save_WMMXC
                0x0000000008001b98                ___Unwind_RaiseException
                0x0000000008001b98                _Unwind_RaiseException
                0x0000000008001bbc                ___Unwind_Resume
                0x0000000008001bbc                _Unwind_Resume
                0x0000000008001be0                _Unwind_Resume_or_Rethrow
                0x0000000008001be0                ___Unwind_Resume_or_Rethrow
                0x0000000008001c04                ___Unwind_ForcedUnwind
                0x0000000008001c04                _Unwind_ForcedUnwind
                0x0000000008001c28                _Unwind_Backtrace
                0x0000000008001c28                ___Unwind_Backtrace
 .text          0x0000000008001c4c      0x384 /opt/Atollic_TrueSTUDIO_for_STM32_x86_64_9.1.0/ARMTools/bin/../lib/gcc/arm-atollic-eabi/6.3.1/armv7-m/libgcc.a(pr-support.o)
                0x0000000008001ca4                __gnu_unwind_execute
                0x0000000008001f74                __gnu_unwind_frame
                0x0000000008001fa0                _Unwind_GetRegionStart
                0x0000000008001fac                _Unwind_GetLanguageSpecificData
                0x0000000008001fc0                _Unwind_GetTextRelBase
                0x0000000008001fc8                _Unwind_GetDataRelBase
 *(.text*)
 .text.HAL_InitTick
                0x0000000008001fd0       0x48 Drivers/STM32F1xx_HAL_Driver/Src/stm32f1xx_hal.o
                0x0000000008001fd0                HAL_InitTick
 .text.HAL_Init
                0x0000000008002018       0x24 Drivers/STM32F1xx_HAL_Driver/Src/stm32f1xx_hal.o
                0x0000000008002018                HAL_Init
 .text.HAL_IncTick
                0x000000000800203c       0x18 Drivers/STM32F1xx_HAL_Driver/Src/stm32f1xx_hal.o
                0x000000000800203c                HAL_IncTick
 .text.HAL_GetTick
                0x0000000008002054        0xc Drivers/STM32F1xx_HAL_Driver/Src/stm32f1xx_hal.o
                0x0000000008002054                HAL_GetTick
 .text.HAL_Delay
                0x0000000008002060       0x24 Drivers/STM32F1xx_HAL_Driver/Src/stm32f1xx_hal.o
                0x0000000008002060                HAL_Delay
 .text.HAL_CAN_Init
                0x0000000008002084       0xf6 Drivers/STM32F1xx_HAL_Driver/Src/stm32f1xx_hal_can.o
                0x0000000008002084                HAL_CAN_Init
 .text.HAL_CAN_ConfigFilter
                0x000000000800217a       0xd8 Drivers/STM32F1xx_HAL_Driver/Src/stm32f1xx_hal_can.o
                0x000000000800217a                HAL_CAN_ConfigFilter
 .text.HAL_CAN_Start
                0x0000000008002252       0x56 Drivers/STM32F1xx_HAL_Driver/Src/stm32f1xx_hal_can.o
                0x0000000008002252                HAL_CAN_Start
 .text.HAL_CAN_AddTxMessage
                0x00000000080022a8       0x9c Drivers/STM32F1xx_HAL_Driver/Src/stm32f1xx_hal_can.o
                0x00000000080022a8                HAL_CAN_AddTxMessage
 .text.HAL_CAN_ActivateNotification
                0x0000000008002344       0x22 Drivers/STM32F1xx_HAL_Driver/Src/stm32f1xx_hal_can.o
                0x0000000008002344                HAL_CAN_ActivateNotification
 *fill*         0x0000000008002366        0x2 
 .text.HAL_NVIC_SetPriorityGrouping
                0x0000000008002368       0x24 Drivers/STM32F1xx_HAL_Driver/Src/stm32f1xx_hal_cortex.o
                0x0000000008002368                HAL_NVIC_SetPriorityGrouping
 .text.HAL_NVIC_SetPriority
                0x000000000800238c       0x68 Drivers/STM32F1xx_HAL_Driver/Src/stm32f1xx_hal_cortex.o
                0x000000000800238c                HAL_NVIC_SetPriority
 .text.HAL_NVIC_EnableIRQ
                0x00000000080023f4       0x18 Drivers/STM32F1xx_HAL_Driver/Src/stm32f1xx_hal_cortex.o
                0x00000000080023f4                HAL_NVIC_EnableIRQ
 .text.HAL_SYSTICK_Config
                0x000000000800240c       0x2c Drivers/STM32F1xx_HAL_Driver/Src/stm32f1xx_hal_cortex.o
                0x000000000800240c                HAL_SYSTICK_Config
 .text.HAL_DMA_Abort_IT
                0x0000000008002438       0x90 Drivers/STM32F1xx_HAL_Driver/Src/stm32f1xx_hal_dma.o
                0x0000000008002438                HAL_DMA_Abort_IT
 .text.HAL_GPIO_Init
                0x00000000080024c8      0x1c0 Drivers/STM32F1xx_HAL_Driver/Src/stm32f1xx_hal_gpio.o
                0x00000000080024c8                HAL_GPIO_Init
 .text.HAL_GPIO_WritePin
                0x0000000008002688        0xa Drivers/STM32F1xx_HAL_Driver/Src/stm32f1xx_hal_gpio.o
                0x0000000008002688                HAL_GPIO_WritePin
 *fill*         0x0000000008002692        0x2 
 .text.HAL_RCC_OscConfig
                0x0000000008002694      0x318 Drivers/STM32F1xx_HAL_Driver/Src/stm32f1xx_hal_rcc.o
                0x0000000008002694                HAL_RCC_OscConfig
 .text.HAL_RCC_GetSysClockFreq
                0x00000000080029ac       0x78 Drivers/STM32F1xx_HAL_Driver/Src/stm32f1xx_hal_rcc.o
                0x00000000080029ac                HAL_RCC_GetSysClockFreq
 .text.HAL_RCC_ClockConfig
                0x0000000008002a24      0x164 Drivers/STM32F1xx_HAL_Driver/Src/stm32f1xx_hal_rcc.o
                0x0000000008002a24                HAL_RCC_ClockConfig
 .text.HAL_RCC_GetPCLK1Freq
                0x0000000008002b88       0x20 Drivers/STM32F1xx_HAL_Driver/Src/stm32f1xx_hal_rcc.o
                0x0000000008002b88                HAL_RCC_GetPCLK1Freq
 .text.HAL_RCC_GetPCLK2Freq
                0x0000000008002ba8       0x20 Drivers/STM32F1xx_HAL_Driver/Src/stm32f1xx_hal_rcc.o
                0x0000000008002ba8                HAL_RCC_GetPCLK2Freq
 .text.HAL_SPI_Init
                0x0000000008002bc8       0x76 Drivers/STM32F1xx_HAL_Driver/Src/stm32f1xx_hal_spi_ex.o
                0x0000000008002bc8                HAL_SPI_Init
 .text.HAL_TIM_Base_Start_IT
                0x0000000008002c3e       0x16 Drivers/STM32F1xx_HAL_Driver/Src/stm32f1xx_hal_tim.o
                0x0000000008002c3e                HAL_TIM_Base_Start_IT
 .text.HAL_TIM_Encoder_Start
                0x0000000008002c54       0x44 Drivers/STM32F1xx_HAL_Driver/Src/stm32f1xx_hal_tim.o
                0x0000000008002c54                HAL_TIM_Encoder_Start
 .text.HAL_TIM_ConfigClockSource
                0x0000000008002c98      0x172 Drivers/STM32F1xx_HAL_Driver/Src/stm32f1xx_hal_tim.o
                0x0000000008002c98                HAL_TIM_ConfigClockSource
 *fill*         0x0000000008002e0a        0x2 
 .text.TIM_Base_SetConfig
                0x0000000008002e0c       0x70 Drivers/STM32F1xx_HAL_Driver/Src/stm32f1xx_hal_tim.o
                0x0000000008002e0c                TIM_Base_SetConfig
 .text.HAL_TIM_Base_Init
                0x0000000008002e7c       0x34 Drivers/STM32F1xx_HAL_Driver/Src/stm32f1xx_hal_tim.o
                0x0000000008002e7c                HAL_TIM_Base_Init
 .text.HAL_TIM_Encoder_Init
                0x0000000008002eb0       0x92 Drivers/STM32F1xx_HAL_Driver/Src/stm32f1xx_hal_tim.o
                0x0000000008002eb0                HAL_TIM_Encoder_Init
 .text.HAL_TIMEx_MasterConfigSynchronization
                0x0000000008002f42       0x44 Drivers/STM32F1xx_HAL_Driver/Src/stm32f1xx_hal_tim_ex.o
                0x0000000008002f42                HAL_TIMEx_MasterConfigSynchronization
 .text.UART_EndRxTransfer
                0x0000000008002f86       0x1a Drivers/STM32F1xx_HAL_Driver/Src/stm32f1xx_hal_uart.o
 .text.UART_SetConfig
                0x0000000008002fa0      0x13c Drivers/STM32F1xx_HAL_Driver/Src/stm32f1xx_hal_uart.o
 .text.HAL_UART_Init
                0x00000000080030dc       0x5c Drivers/STM32F1xx_HAL_Driver/Src/stm32f1xx_hal_uart.o
                0x00000000080030dc                HAL_UART_Init
 .text.HAL_UART_TxCpltCallback
                0x0000000008003138        0x2 Drivers/STM32F1xx_HAL_Driver/Src/stm32f1xx_hal_uart.o
                0x0000000008003138                HAL_UART_TxCpltCallback
 .text.HAL_UART_RxCpltCallback
                0x000000000800313a        0x2 Drivers/STM32F1xx_HAL_Driver/Src/stm32f1xx_hal_uart.o
                0x000000000800313a                HAL_UART_RxCpltCallback
 .text.UART_Receive_IT
                0x000000000800313c       0x7c Drivers/STM32F1xx_HAL_Driver/Src/stm32f1xx_hal_uart.o
 .text.HAL_UART_ErrorCallback
                0x00000000080031b8        0x2 Drivers/STM32F1xx_HAL_Driver/Src/stm32f1xx_hal_uart.o
                0x00000000080031b8                HAL_UART_ErrorCallback
 *fill*         0x00000000080031ba        0x2 
 .text.HAL_UART_IRQHandler
                0x00000000080031bc      0x140 Drivers/STM32F1xx_HAL_Driver/Src/stm32f1xx_hal_uart.o
                0x00000000080031bc                HAL_UART_IRQHandler
 .text.UART_DMAAbortOnError
                0x00000000080032fc       0x10 Drivers/STM32F1xx_HAL_Driver/Src/stm32f1xx_hal_uart.o
 .text._ZN7MPU9250C2EP11SPI_TypeDefP12GPIO_TypeDefm
                0x000000000800330c       0x34 Src/MPU9250.o
                0x000000000800330c                MPU9250::MPU9250(SPI_TypeDef*, GPIO_TypeDef*, unsigned long)
                0x000000000800330c                MPU9250::MPU9250(SPI_TypeDef*, GPIO_TypeDef*, unsigned long)
 .text._ZNK7MPU92509_spiWriteEh
                0x0000000008003340       0x5a Src/MPU9250.o
                0x0000000008003340                MPU9250::_spiWrite(unsigned char) const
 .text._ZNK7MPU925014_spiChipSelectEv
                0x000000000800339a       0x1e Src/MPU9250.o
                0x000000000800339a                MPU9250::_spiChipSelect() const
 .text._ZNK7MPU925016_spiChipDeselectEv
                0x00000000080033b8       0x1c Src/MPU9250.o
                0x00000000080033b8                MPU9250::_spiChipDeselect() const
 .text._ZNK7MPU92509WriteByteEhh
                0x00000000080033d4       0x44 Src/MPU9250.o
                0x00000000080033d4                MPU9250::WriteByte(unsigned char, unsigned char) const
 .text._ZNK7MPU92509WriteWordEht
                0x0000000008003418       0x6a Src/MPU9250.o
                0x0000000008003418                MPU9250::WriteWord(unsigned char, unsigned short) const
 *fill*         0x0000000008003482        0x2 
 .text._ZN8OdometryC2Ev
                0x0000000008003484       0x68 Src/Odometry.o
                0x0000000008003484                Odometry::Odometry()
                0x0000000008003484                Odometry::Odometry()
 .text._ZNK8Odometry11GetGyroBiasEPfS0_
                0x00000000080034ec       0xe8 Src/Odometry.o
                0x00000000080034ec                Odometry::GetGyroBias(float*, float*) const
 .text._ZN8Odometry8InitGyroEv
                0x00000000080035d4       0xd0 Src/Odometry.o
                0x00000000080035d4                Odometry::InitGyro()
 .text._ZN8Odometry11ReadEncoderEv
                0x00000000080036a4      0x110 Src/Odometry.o
                0x00000000080036a4                Odometry::ReadEncoder()
 .text._ZN8Odometry8ReadGyroEv
                0x00000000080037b4      0x14c Src/Odometry.o
                0x00000000080037b4                Odometry::ReadGyro()
 .text._ZN8Odometry10InitializeEv
                0x0000000008003900       0x18 Src/Odometry.o
                0x0000000008003900                Odometry::Initialize()
 .text._ZN8Odometry6SampleEv
                0x0000000008003918       0x1c Src/Odometry.o
                0x0000000008003918                Odometry::Sample()
 .text.can_init
                0x0000000008003934       0x30 Src/can.o
                0x0000000008003934                can_init
 .text.can_set_filter
                0x0000000008003964       0xb0 Src/can.o
                0x0000000008003964                can_set_filter
 .text.can_enable
                0x0000000008003a14       0xb8 Src/can.o
                0x0000000008003a14                can_enable
 .text.can_set_bitrate
                0x0000000008003acc       0xa4 Src/can.o
                0x0000000008003acc                can_set_bitrate
 .text.can_tx   0x0000000008003b70       0x40 Src/can.o
                0x0000000008003b70                can_tx
 .text.led_process
                0x0000000008003bb0       0x38 Src/led.o
                0x0000000008003bb0                led_process
 .text.NVIC_EnableIRQ
                0x0000000008003be8       0x34 Src/main.o
 .text.NVIC_SetPriority
                0x0000000008003c1c       0x58 Src/main.o
 .text.main     0x0000000008003c74      0x244 Src/main.o
                0x0000000008003c74                main
 .text._Z18SystemClock_Configv
                0x0000000008003eb8       0x9e Src/main.o
                0x0000000008003eb8                SystemClock_Config()
 *fill*         0x0000000008003f56        0x2 
 .text._ZL11MX_CAN_Initv
                0x0000000008003f58       0x78 Src/main.o
 .text._ZL12MX_SPI2_Initv
                0x0000000008003fd0       0x78 Src/main.o
 .text._ZL12MX_TIM2_Initv
                0x0000000008004048       0xbc Src/main.o
 .text._ZL12MX_TIM3_Initv
                0x0000000008004104       0xbc Src/main.o
 .text._ZL12MX_TIM4_Initv
                0x00000000080041c0       0xbc Src/main.o
 .text._ZL19MX_USART1_UART_Initv
                0x000000000800427c       0x5c Src/main.o
 .text._ZL12MX_GPIO_Initv
                0x00000000080042d8       0xdc Src/main.o
 .text.TIM4_IRQHandler
                0x00000000080043b4       0x3c Src/main.o
                0x00000000080043b4                TIM4_IRQHandler
 .text.Error_Handler
                0x00000000080043f0        0xc Src/main.o
                0x00000000080043f0                Error_Handler
 .text._Z8can_packIdEvRA8_hT_
                0x00000000080043fc       0x50 Src/main.o
 .text._Z41__static_initialization_and_destruction_0ii
                0x000000000800444c       0x48 Src/main.o
 .text._GLOBAL__sub_I_rx_header
                0x0000000008004494       0x10 Src/main.o
 .text.HAL_MspInit
                0x00000000080044a4       0x44 Src/stm32f1xx_hal_msp.o
                0x00000000080044a4                HAL_MspInit
 .text.HAL_CAN_MspInit
                0x00000000080044e8       0x88 Src/stm32f1xx_hal_msp.o
                0x00000000080044e8                HAL_CAN_MspInit
 .text.HAL_SPI_MspInit
                0x0000000008004570       0x78 Src/stm32f1xx_hal_msp.o
                0x0000000008004570                HAL_SPI_MspInit
 .text.HAL_TIM_Encoder_MspInit
                0x00000000080045e8       0x90 Src/stm32f1xx_hal_msp.o
                0x00000000080045e8                HAL_TIM_Encoder_MspInit
 .text.HAL_TIM_Base_MspInit
                0x0000000008004678       0x3c Src/stm32f1xx_hal_msp.o
                0x0000000008004678                HAL_TIM_Base_MspInit
 .text.HAL_UART_MspInit
                0x00000000080046b4       0x88 Src/stm32f1xx_hal_msp.o
                0x00000000080046b4                HAL_UART_MspInit
 .text.NMI_Handler
                0x000000000800473c        0x2 Src/stm32f1xx_it.o
                0x000000000800473c                NMI_Handler
 .text.HardFault_Handler
                0x000000000800473e        0x2 Src/stm32f1xx_it.o
                0x000000000800473e                HardFault_Handler
 .text.MemManage_Handler
                0x0000000008004740        0x2 Src/stm32f1xx_it.o
                0x0000000008004740                MemManage_Handler
 .text.BusFault_Handler
                0x0000000008004742        0x2 Src/stm32f1xx_it.o
                0x0000000008004742                BusFault_Handler
 .text.UsageFault_Handler
                0x0000000008004744        0x2 Src/stm32f1xx_it.o
                0x0000000008004744                UsageFault_Handler
 .text.SVC_Handler
                0x0000000008004746        0x2 Src/stm32f1xx_it.o
                0x0000000008004746                SVC_Handler
 .text.DebugMon_Handler
                0x0000000008004748        0x2 Src/stm32f1xx_it.o
                0x0000000008004748                DebugMon_Handler
 .text.PendSV_Handler
                0x000000000800474a        0x2 Src/stm32f1xx_it.o
                0x000000000800474a                PendSV_Handler
 .text.SysTick_Handler
                0x000000000800474c        0x4 Src/stm32f1xx_it.o
                0x000000000800474c                SysTick_Handler
 .text.USART1_IRQHandler
                0x0000000008004750        0xc Src/stm32f1xx_it.o
                0x0000000008004750                USART1_IRQHandler
 .text.SystemInit
                0x000000000800475c       0x4c Src/system_stm32f1xx.o
                0x000000000800475c                SystemInit
 .text.Reset_Handler
                0x00000000080047a8       0x48 startup/startup_stm32f103xb.o
                0x00000000080047a8                Reset_Handler
 .text.Default_Handler
                0x00000000080047f0        0x2 startup/startup_stm32f103xb.o
                0x00000000080047f0                RTC_Alarm_IRQHandler
                0x00000000080047f0                EXTI2_IRQHandler
                0x00000000080047f0                TIM1_CC_IRQHandler
                0x00000000080047f0                PVD_IRQHandler
                0x00000000080047f0                EXTI3_IRQHandler
                0x00000000080047f0                EXTI0_IRQHandler
                0x00000000080047f0                I2C2_EV_IRQHandler
                0x00000000080047f0                ADC1_2_IRQHandler
                0x00000000080047f0                SPI1_IRQHandler
                0x00000000080047f0                TAMPER_IRQHandler
                0x00000000080047f0                DMA1_Channel4_IRQHandler
                0x00000000080047f0                USART3_IRQHandler
                0x00000000080047f0                RTC_IRQHandler
                0x00000000080047f0                DMA1_Channel7_IRQHandler
                0x00000000080047f0                CAN1_RX1_IRQHandler
                0x00000000080047f0                I2C1_EV_IRQHandler
                0x00000000080047f0                DMA1_Channel6_IRQHandler
                0x00000000080047f0                TIM3_IRQHandler
                0x00000000080047f0                RCC_IRQHandler
                0x00000000080047f0                TIM1_TRG_COM_IRQHandler
                0x00000000080047f0                DMA1_Channel1_IRQHandler
                0x00000000080047f0                Default_Handler
                0x00000000080047f0                EXTI15_10_IRQHandler
                0x00000000080047f0                EXTI9_5_IRQHandler
                0x00000000080047f0                SPI2_IRQHandler
                0x00000000080047f0                DMA1_Channel5_IRQHandler
                0x00000000080047f0                EXTI4_IRQHandler
                0x00000000080047f0                USB_LP_CAN1_RX0_IRQHandler
                0x00000000080047f0                USB_HP_CAN1_TX_IRQHandler
                0x00000000080047f0                DMA1_Channel3_IRQHandler
                0x00000000080047f0                TIM1_UP_IRQHandler
                0x00000000080047f0                WWDG_IRQHandler
                0x00000000080047f0                TIM2_IRQHandler
                0x00000000080047f0                TIM1_BRK_IRQHandler
                0x00000000080047f0                EXTI1_IRQHandler
                0x00000000080047f0                USART2_IRQHandler
                0x00000000080047f0                I2C2_ER_IRQHandler
                0x00000000080047f0                DMA1_Channel2_IRQHandler
                0x00000000080047f0                CAN1_SCE_IRQHandler
                0x00000000080047f0                FLASH_IRQHandler
                0x00000000080047f0                I2C1_ER_IRQHandler
                0x00000000080047f0                USBWakeUp_IRQHandler
 .text._Znwj    0x00000000080047f2       0x22 /opt/Atollic_TrueSTUDIO_for_STM32_x86_64_9.1.0/ARMTools/bin/../lib/gcc/arm-atollic-eabi/6.3.1/../../../../arm-atollic-eabi/lib/armv7-m/libstdc++_nano.a(new_op.o)
                0x00000000080047f2                operator new(unsigned int)
 .text.__cxa_end_cleanup
                0x0000000008004814        0xc /opt/Atollic_TrueSTUDIO_for_STM32_x86_64_9.1.0/ARMTools/bin/../lib/gcc/arm-atollic-eabi/6.3.1/../../../../arm-atollic-eabi/lib/armv7-m/libstdc++_nano.a(eh_arm.o)
                0x0000000008004814                __cxa_end_cleanup
 .text._ZN10__cxxabiv1L24__is_gxx_exception_classEPc
                0x0000000008004820       0x3a /opt/Atollic_TrueSTUDIO_for_STM32_x86_64_9.1.0/ARMTools/bin/../lib/gcc/arm-atollic-eabi/6.3.1/../../../../arm-atollic-eabi/lib/armv7-m/libstdc++_nano.a(eh_arm.o)
 *fill*         0x000000000800485a        0x2 
 .text.__cxa_type_match
                0x000000000800485c       0xbc /opt/Atollic_TrueSTUDIO_for_STM32_x86_64_9.1.0/ARMTools/bin/../lib/gcc/arm-atollic-eabi/6.3.1/../../../../arm-atollic-eabi/lib/armv7-m/libstdc++_nano.a(eh_arm.o)
                0x000000000800485c                __cxa_type_match
 .text.__cxa_begin_cleanup
                0x0000000008004918       0x3a /opt/Atollic_TrueSTUDIO_for_STM32_x86_64_9.1.0/ARMTools/bin/../lib/gcc/arm-atollic-eabi/6.3.1/../../../../arm-atollic-eabi/lib/armv7-m/libstdc++_nano.a(eh_arm.o)
                0x0000000008004918                __cxa_begin_cleanup
 .text.__gnu_end_cleanup
                0x0000000008004952       0x32 /opt/Atollic_TrueSTUDIO_for_STM32_x86_64_9.1.0/ARMTools/bin/../lib/gcc/arm-atollic-eabi/6.3.1/../../../../arm-atollic-eabi/lib/armv7-m/libstdc++_nano.a(eh_arm.o)
                0x0000000008004952                __gnu_end_cleanup
 .text._ZL12read_uleb128PKhPm
                0x0000000008004984       0x22 /opt/Atollic_TrueSTUDIO_for_STM32_x86_64_9.1.0/ARMTools/bin/../lib/gcc/arm-atollic-eabi/6.3.1/../../../../arm-atollic-eabi/lib/armv7-m/libstdc++_nano.a(eh_personality.o)
 .text._ZL12read_sleb128PKhPl
                0x00000000080049a6       0x30 /opt/Atollic_TrueSTUDIO_for_STM32_x86_64_9.1.0/ARMTools/bin/../lib/gcc/arm-atollic-eabi/6.3.1/../../../../arm-atollic-eabi/lib/armv7-m/libstdc++_nano.a(eh_personality.o)
 .text._ZL28read_encoded_value_with_basehjPKhPj
                0x00000000080049d6       0x88 /opt/Atollic_TrueSTUDIO_for_STM32_x86_64_9.1.0/ARMTools/bin/../lib/gcc/arm-atollic-eabi/6.3.1/../../../../arm-atollic-eabi/lib/armv7-m/libstdc++_nano.a(eh_personality.o)
 .text._ZL21base_of_encoded_valuehP15_Unwind_Context
                0x0000000008004a5e       0x46 /opt/Atollic_TrueSTUDIO_for_STM32_x86_64_9.1.0/ARMTools/bin/../lib/gcc/arm-atollic-eabi/6.3.1/../../../../arm-atollic-eabi/lib/armv7-m/libstdc++_nano.a(eh_personality.o)
 .text._ZL18read_encoded_valueP15_Unwind_ContexthPKhPj
                0x0000000008004aa4       0x20 /opt/Atollic_TrueSTUDIO_for_STM32_x86_64_9.1.0/ARMTools/bin/../lib/gcc/arm-atollic-eabi/6.3.1/../../../../arm-atollic-eabi/lib/armv7-m/libstdc++_nano.a(eh_personality.o)
 .text._ZL17parse_lsda_headerP15_Unwind_ContextPKhP16lsda_header_info
                0x0000000008004ac4       0x5c /opt/Atollic_TrueSTUDIO_for_STM32_x86_64_9.1.0/ARMTools/bin/../lib/gcc/arm-atollic-eabi/6.3.1/../../../../arm-atollic-eabi/lib/armv7-m/libstdc++_nano.a(eh_personality.o)
 .text._Unwind_GetGR
                0x0000000008004b20       0x18 /opt/Atollic_TrueSTUDIO_for_STM32_x86_64_9.1.0/ARMTools/bin/../lib/gcc/arm-atollic-eabi/6.3.1/../../../../arm-atollic-eabi/lib/armv7-m/libstdc++_nano.a(eh_personality.o)
 .text.__gxx_personality_v0
                0x0000000008004b38      0x370 /opt/Atollic_TrueSTUDIO_for_STM32_x86_64_9.1.0/ARMTools/bin/../lib/gcc/arm-atollic-eabi/6.3.1/../../../../arm-atollic-eabi/lib/armv7-m/libstdc++_nano.a(eh_personality.o)
                0x0000000008004b38                __gxx_personality_v0
 .text._ZdlPvj  0x0000000008004ea8        0x4 /opt/Atollic_TrueSTUDIO_for_STM32_x86_64_9.1.0/ARMTools/bin/../lib/gcc/arm-atollic-eabi/6.3.1/../../../../arm-atollic-eabi/lib/armv7-m/libstdc++_nano.a(del_ops.o)
                0x0000000008004ea8                operator delete(void*, unsigned int)
 .text._ZSt15get_new_handlerv
                0x0000000008004eac       0x10 /opt/Atollic_TrueSTUDIO_for_STM32_x86_64_9.1.0/ARMTools/bin/../lib/gcc/arm-atollic-eabi/6.3.1/../../../../arm-atollic-eabi/lib/armv7-m/libstdc++_nano.a(new_handler.o)
                0x0000000008004eac                std::get_new_handler()
 .text._ZN10__cxxabiv120__si_class_type_infoD2Ev
                0x0000000008004ebc       0x14 /opt/Atollic_TrueSTUDIO_for_STM32_x86_64_9.1.0/ARMTools/bin/../lib/gcc/arm-atollic-eabi/6.3.1/../../../../arm-atollic-eabi/lib/armv7-m/libstdc++_nano.a(si_class_type_info.o)
                0x0000000008004ebc                __cxxabiv1::__si_class_type_info::~__si_class_type_info()
                0x0000000008004ebc                __cxxabiv1::__si_class_type_info::~__si_class_type_info()
 .text._ZN10__cxxabiv120__si_class_type_infoD0Ev
                0x0000000008004ed0       0x14 /opt/Atollic_TrueSTUDIO_for_STM32_x86_64_9.1.0/ARMTools/bin/../lib/gcc/arm-atollic-eabi/6.3.1/../../../../arm-atollic-eabi/lib/armv7-m/libstdc++_nano.a(si_class_type_info.o)
                0x0000000008004ed0                __cxxabiv1::__si_class_type_info::~__si_class_type_info()
 .text._ZNK10__cxxabiv120__si_class_type_info20__do_find_public_srcEiPKvPKNS_17__class_type_infoES2_
                0x0000000008004ee4       0x38 /opt/Atollic_TrueSTUDIO_for_STM32_x86_64_9.1.0/ARMTools/bin/../lib/gcc/arm-atollic-eabi/6.3.1/../../../../arm-atollic-eabi/lib/armv7-m/libstdc++_nano.a(si_class_type_info.o)
                0x0000000008004ee4                __cxxabiv1::__si_class_type_info::__do_find_public_src(int, void const*, __cxxabiv1::__class_type_info const*, void const*) const
 .text._ZNK10__cxxabiv120__si_class_type_info12__do_dyncastEiNS_17__class_type_info10__sub_kindEPKS1_PKvS4_S6_RNS1_16__dyncast_resultE
                0x0000000008004f1c       0x7c /opt/Atollic_TrueSTUDIO_for_STM32_x86_64_9.1.0/ARMTools/bin/../lib/gcc/arm-atollic-eabi/6.3.1/../../../../arm-atollic-eabi/lib/armv7-m/libstdc++_nano.a(si_class_type_info.o)
                0x0000000008004f1c                __cxxabiv1::__si_class_type_info::__do_dyncast(int, __cxxabiv1::__class_type_info::__sub_kind, __cxxabiv1::__class_type_info const*, void const*, __cxxabiv1::__class_type_info const*, void const*, __cxxabiv1::__class_type_info::__dyncast_result&) const
 .text._ZNK10__cxxabiv120__si_class_type_info11__do_upcastEPKNS_17__class_type_infoEPKvRNS1_15__upcast_resultE
                0x0000000008004f98       0x2a /opt/Atollic_TrueSTUDIO_for_STM32_x86_64_9.1.0/ARMTools/bin/../lib/gcc/arm-atollic-eabi/6.3.1/../../../../arm-atollic-eabi/lib/armv7-m/libstdc++_nano.a(si_class_type_info.o)
                0x0000000008004f98                __cxxabiv1::__si_class_type_info::__do_upcast(__cxxabiv1::__class_type_info const*, void const*, __cxxabiv1::__class_type_info::__upcast_result&) const
 .text._ZdlPv   0x0000000008004fc2        0x4 /opt/Atollic_TrueSTUDIO_for_STM32_x86_64_9.1.0/ARMTools/bin/../lib/gcc/arm-atollic-eabi/6.3.1/../../../../arm-atollic-eabi/lib/armv7-m/libstdc++_nano.a(del_op.o)
                0x0000000008004fc2                operator delete(void*)
 .text._ZN10__cxxabiv1L24__is_gxx_exception_classEPc
                0x0000000008004fc6       0x3a /opt/Atollic_TrueSTUDIO_for_STM32_x86_64_9.1.0/ARMTools/bin/../lib/gcc/arm-atollic-eabi/6.3.1/../../../../arm-atollic-eabi/lib/armv7-m/libstdc++_nano.a(eh_call.o)
 .text.__cxa_call_terminate
                0x0000000008005000       0x1e /opt/Atollic_TrueSTUDIO_for_STM32_x86_64_9.1.0/ARMTools/bin/../lib/gcc/arm-atollic-eabi/6.3.1/../../../../arm-atollic-eabi/lib/armv7-m/libstdc++_nano.a(eh_call.o)
                0x0000000008005000                __cxa_call_terminate
 .text.__cxa_call_unexpected
                0x000000000800501e       0x28 /opt/Atollic_TrueSTUDIO_for_STM32_x86_64_9.1.0/ARMTools/bin/../lib/gcc/arm-atollic-eabi/6.3.1/../../../../arm-atollic-eabi/lib/armv7-m/libstdc++_nano.a(eh_call.o)
                0x000000000800501e                __cxa_call_unexpected
 .text._ZN10__cxxabiv1L24__is_gxx_exception_classEPc
                0x0000000008005046       0x3a /opt/Atollic_TrueSTUDIO_for_STM32_x86_64_9.1.0/ARMTools/bin/../lib/gcc/arm-atollic-eabi/6.3.1/../../../../arm-atollic-eabi/lib/armv7-m/libstdc++_nano.a(eh_catch.o)
 .text.__cxa_begin_catch
                0x0000000008005080       0x54 /opt/Atollic_TrueSTUDIO_for_STM32_x86_64_9.1.0/ARMTools/bin/../lib/gcc/arm-atollic-eabi/6.3.1/../../../../arm-atollic-eabi/lib/armv7-m/libstdc++_nano.a(eh_catch.o)
                0x0000000008005080                __cxa_begin_catch
 .text._ZN10__cxxabiv111__terminateEPFvvE
                0x00000000080050d4        0x8 /opt/Atollic_TrueSTUDIO_for_STM32_x86_64_9.1.0/ARMTools/bin/../lib/gcc/arm-atollic-eabi/6.3.1/../../../../arm-atollic-eabi/lib/armv7-m/libstdc++_nano.a(eh_terminate.o)
                0x00000000080050d4                __cxxabiv1::__terminate(void (*)())
 .text._ZSt13get_terminatev
                0x00000000080050dc       0x10 /opt/Atollic_TrueSTUDIO_for_STM32_x86_64_9.1.0/ARMTools/bin/../lib/gcc/arm-atollic-eabi/6.3.1/../../../../arm-atollic-eabi/lib/armv7-m/libstdc++_nano.a(eh_terminate.o)
                0x00000000080050dc                std::get_terminate()
 .text._ZSt9terminatev
                0x00000000080050ec        0xa /opt/Atollic_TrueSTUDIO_for_STM32_x86_64_9.1.0/ARMTools/bin/../lib/gcc/arm-atollic-eabi/6.3.1/../../../../arm-atollic-eabi/lib/armv7-m/libstdc++_nano.a(eh_terminate.o)
                0x00000000080050ec                std::terminate()
 .text._ZN10__cxxabiv112__unexpectedEPFvvE
                0x00000000080050f6        0x8 /opt/Atollic_TrueSTUDIO_for_STM32_x86_64_9.1.0/ARMTools/bin/../lib/gcc/arm-atollic-eabi/6.3.1/../../../../arm-atollic-eabi/lib/armv7-m/libstdc++_nano.a(eh_terminate.o)
                0x00000000080050f6                __cxxabiv1::__unexpected(void (*)())
 *fill*         0x00000000080050fe        0x2 
 .text._ZSt14get_unexpectedv
                0x0000000008005100       0x10 /opt/Atollic_TrueSTUDIO_for_STM32_x86_64_9.1.0/ARMTools/bin/../lib/gcc/arm-atollic-eabi/6.3.1/../../../../arm-atollic-eabi/lib/armv7-m/libstdc++_nano.a(eh_terminate.o)
                0x0000000008005100                std::get_unexpected()
 .text._ZSt10unexpectedv
                0x0000000008005110        0xa /opt/Atollic_TrueSTUDIO_for_STM32_x86_64_9.1.0/ARMTools/bin/../lib/gcc/arm-atollic-eabi/6.3.1/../../../../arm-atollic-eabi/lib/armv7-m/libstdc++_nano.a(eh_terminate.o)
                0x0000000008005110                std::unexpected()
 *fill*         0x000000000800511a        0x2 
 .text.__cxa_get_globals
                0x000000000800511c        0x8 /opt/Atollic_TrueSTUDIO_for_STM32_x86_64_9.1.0/ARMTools/bin/../lib/gcc/arm-atollic-eabi/6.3.1/../../../../arm-atollic-eabi/lib/armv7-m/libstdc++_nano.a(eh_globals.o)
                0x000000000800511c                __cxa_get_globals
 .text._ZNK10__cxxabiv117__class_type_info11__do_upcastEPKS0_PPv
                0x0000000008005124       0x34 /opt/Atollic_TrueSTUDIO_for_STM32_x86_64_9.1.0/ARMTools/bin/../lib/gcc/arm-atollic-eabi/6.3.1/../../../../arm-atollic-eabi/lib/armv7-m/libstdc++_nano.a(class_type_info.o)
                0x0000000008005124                __cxxabiv1::__class_type_info::__do_upcast(__cxxabiv1::__class_type_info const*, void**) const
 .text._ZNK10__cxxabiv117__class_type_info20__do_find_public_srcEiPKvPKS0_S2_
                0x0000000008005158        0xc /opt/Atollic_TrueSTUDIO_for_STM32_x86_64_9.1.0/ARMTools/bin/../lib/gcc/arm-atollic-eabi/6.3.1/../../../../arm-atollic-eabi/lib/armv7-m/libstdc++_nano.a(class_type_info.o)
                0x0000000008005158                __cxxabiv1::__class_type_info::__do_find_public_src(int, void const*, __cxxabiv1::__class_type_info const*, void const*) const
 .text._ZN10__cxxabiv117__class_type_infoD2Ev
                0x0000000008005164       0x14 /opt/Atollic_TrueSTUDIO_for_STM32_x86_64_9.1.0/ARMTools/bin/../lib/gcc/arm-atollic-eabi/6.3.1/../../../../arm-atollic-eabi/lib/armv7-m/libstdc++_nano.a(class_type_info.o)
                0x0000000008005164                __cxxabiv1::__class_type_info::~__class_type_info()
                0x0000000008005164                __cxxabiv1::__class_type_info::~__class_type_info()
 .text._ZN10__cxxabiv117__class_type_infoD0Ev
                0x0000000008005178       0x14 /opt/Atollic_TrueSTUDIO_for_STM32_x86_64_9.1.0/ARMTools/bin/../lib/gcc/arm-atollic-eabi/6.3.1/../../../../arm-atollic-eabi/lib/armv7-m/libstdc++_nano.a(class_type_info.o)
                0x0000000008005178                __cxxabiv1::__class_type_info::~__class_type_info()
 .text._ZNK10__cxxabiv117__class_type_info11__do_upcastEPKS0_PKvRNS0_15__upcast_resultE
                0x000000000800518c       0x18 /opt/Atollic_TrueSTUDIO_for_STM32_x86_64_9.1.0/ARMTools/bin/../lib/gcc/arm-atollic-eabi/6.3.1/../../../../arm-atollic-eabi/lib/armv7-m/libstdc++_nano.a(class_type_info.o)
                0x000000000800518c                __cxxabiv1::__class_type_info::__do_upcast(__cxxabiv1::__class_type_info const*, void const*, __cxxabiv1::__class_type_info::__upcast_result&) const
 .text._ZNK10__cxxabiv117__class_type_info10__do_catchEPKSt9type_infoPPvj
                0x00000000080051a4       0x2a /opt/Atollic_TrueSTUDIO_for_STM32_x86_64_9.1.0/ARMTools/bin/../lib/gcc/arm-atollic-eabi/6.3.1/../../../../arm-atollic-eabi/lib/armv7-m/libstdc++_nano.a(class_type_info.o)
                0x00000000080051a4                __cxxabiv1::__class_type_info::__do_catch(std::type_info const*, void**, unsigned int) const
 .text._ZNK10__cxxabiv117__class_type_info12__do_dyncastEiNS0_10__sub_kindEPKS0_PKvS3_S5_RNS0_16__dyncast_resultE
                0x00000000080051ce       0x38 /opt/Atollic_TrueSTUDIO_for_STM32_x86_64_9.1.0/ARMTools/bin/../lib/gcc/arm-atollic-eabi/6.3.1/../../../../arm-atollic-eabi/lib/armv7-m/libstdc++_nano.a(class_type_info.o)
                0x00000000080051ce                __cxxabiv1::__class_type_info::__do_dyncast(int, __cxxabiv1::__class_type_info::__sub_kind, __cxxabiv1::__class_type_info const*, void const*, __cxxabiv1::__class_type_info const*, void const*, __cxxabiv1::__class_type_info::__dyncast_result&) const
 .text._ZNSt9type_infoD2Ev
                0x0000000008005206        0x2 /opt/Atollic_TrueSTUDIO_for_STM32_x86_64_9.1.0/ARMTools/bin/../lib/gcc/arm-atollic-eabi/6.3.1/../../../../arm-atollic-eabi/lib/armv7-m/libstdc++_nano.a(tinfo.o)
                0x0000000008005206                std::type_info::~type_info()
                0x0000000008005206                std::type_info::~type_info()
 .text._ZNKSt9type_info15__is_function_pEv
                0x0000000008005208        0x4 /opt/Atollic_TrueSTUDIO_for_STM32_x86_64_9.1.0/ARMTools/bin/../lib/gcc/arm-atollic-eabi/6.3.1/../../../../arm-atollic-eabi/lib/armv7-m/libstdc++_nano.a(tinfo.o)
                0x0000000008005208                std::type_info::__is_function_p() const
                0x0000000008005208                std::type_info::__is_pointer_p() const
 .text._ZNKSt9type_infoeqERKS_
                0x000000000800520c       0x2c /opt/Atollic_TrueSTUDIO_for_STM32_x86_64_9.1.0/ARMTools/bin/../lib/gcc/arm-atollic-eabi/6.3.1/../../../../arm-atollic-eabi/lib/armv7-m/libstdc++_nano.a(tinfo.o)
                0x000000000800520c                std::type_info::operator==(std::type_info const&) const
 .text.cosf     0x0000000008005238       0x68 /opt/Atollic_TrueSTUDIO_for_STM32_x86_64_9.1.0/ARMTools/bin/../lib/gcc/arm-atollic-eabi/6.3.1/../../../../arm-atollic-eabi/lib/armv7-m/libm.a(lib_a-sf_cos.o)
                0x0000000008005238                cosf
 .text.sinf     0x00000000080052a0       0x6c /opt/Atollic_TrueSTUDIO_for_STM32_x86_64_9.1.0/ARMTools/bin/../lib/gcc/arm-atollic-eabi/6.3.1/../../../../arm-atollic-eabi/lib/armv7-m/libm.a(lib_a-sf_sin.o)
                0x00000000080052a0                sinf
 .text.sqrtf    0x000000000800530c       0x94 /opt/Atollic_TrueSTUDIO_for_STM32_x86_64_9.1.0/ARMTools/bin/../lib/gcc/arm-atollic-eabi/6.3.1/../../../../arm-atollic-eabi/lib/armv7-m/libm.a(lib_a-wf_sqrt.o)
                0x000000000800530c                sqrtf
 .text.__ieee754_rem_pio2f
                0x00000000080053a0      0x2b0 /opt/Atollic_TrueSTUDIO_for_STM32_x86_64_9.1.0/ARMTools/bin/../lib/gcc/arm-atollic-eabi/6.3.1/../../../../arm-atollic-eabi/lib/armv7-m/libm.a(lib_a-ef_rem_pio2.o)
                0x00000000080053a0                __ieee754_rem_pio2f
 .text.__ieee754_sqrtf
                0x0000000008005650       0xa4 /opt/Atollic_TrueSTUDIO_for_STM32_x86_64_9.1.0/ARMTools/bin/../lib/gcc/arm-atollic-eabi/6.3.1/../../../../arm-atollic-eabi/lib/armv7-m/libm.a(lib_a-ef_sqrt.o)
                0x0000000008005650                __ieee754_sqrtf
 .text.__kernel_cosf
                0x00000000080056f4      0x128 /opt/Atollic_TrueSTUDIO_for_STM32_x86_64_9.1.0/ARMTools/bin/../lib/gcc/arm-atollic-eabi/6.3.1/../../../../arm-atollic-eabi/lib/armv7-m/libm.a(lib_a-kf_cos.o)
                0x00000000080056f4                __kernel_cosf
 .text.__kernel_rem_pio2f
                0x000000000800581c      0x51c /opt/Atollic_TrueSTUDIO_for_STM32_x86_64_9.1.0/ARMTools/bin/../lib/gcc/arm-atollic-eabi/6.3.1/../../../../arm-atollic-eabi/lib/armv7-m/libm.a(lib_a-kf_rem_pio2.o)
                0x000000000800581c                __kernel_rem_pio2f
 .text.__kernel_sinf
                0x0000000008005d38       0xec /opt/Atollic_TrueSTUDIO_for_STM32_x86_64_9.1.0/ARMTools/bin/../lib/gcc/arm-atollic-eabi/6.3.1/../../../../arm-atollic-eabi/lib/armv7-m/libm.a(lib_a-kf_sin.o)
                0x0000000008005d38                __kernel_sinf
 .text.matherr  0x0000000008005e24        0x4 /opt/Atollic_TrueSTUDIO_for_STM32_x86_64_9.1.0/ARMTools/bin/../lib/gcc/arm-atollic-eabi/6.3.1/../../../../arm-atollic-eabi/lib/armv7-m/libm.a(lib_a-s_matherr.o)
                0x0000000008005e24                matherr
 .text.fabsf    0x0000000008005e28        0x6 /opt/Atollic_TrueSTUDIO_for_STM32_x86_64_9.1.0/ARMTools/bin/../lib/gcc/arm-atollic-eabi/6.3.1/../../../../arm-atollic-eabi/lib/armv7-m/libm.a(lib_a-sf_fabs.o)
                0x0000000008005e28                fabsf
 *fill*         0x0000000008005e2e        0x2 
 .text.floorf   0x0000000008005e30       0x80 /opt/Atollic_TrueSTUDIO_for_STM32_x86_64_9.1.0/ARMTools/bin/../lib/gcc/arm-atollic-eabi/6.3.1/../../../../arm-atollic-eabi/lib/armv7-m/libm.a(lib_a-sf_floor.o)
                0x0000000008005e30                floorf
 .text.scalbnf  0x0000000008005eb0       0x98 /opt/Atollic_TrueSTUDIO_for_STM32_x86_64_9.1.0/ARMTools/bin/../lib/gcc/arm-atollic-eabi/6.3.1/../../../../arm-atollic-eabi/lib/armv7-m/libm.a(lib_a-sf_scalbn.o)
                0x0000000008005eb0                scalbnf
 .text.copysignf
                0x0000000008005f48        0xc /opt/Atollic_TrueSTUDIO_for_STM32_x86_64_9.1.0/ARMTools/bin/../lib/gcc/arm-atollic-eabi/6.3.1/../../../../arm-atollic-eabi/lib/armv7-m/libm.a(lib_a-sf_copysign.o)
                0x0000000008005f48                copysignf
 .text.abort    0x0000000008005f54        0xe /opt/Atollic_TrueSTUDIO_for_STM32_x86_64_9.1.0/ARMTools/bin/../lib/gcc/arm-atollic-eabi/6.3.1/../../../../arm-atollic-eabi/lib/armv7-m/libc.a(lib_a-abort.o)
                0x0000000008005f54                abort
 *fill*         0x0000000008005f62        0x2 
 .text.__errno  0x0000000008005f64        0xc /opt/Atollic_TrueSTUDIO_for_STM32_x86_64_9.1.0/ARMTools/bin/../lib/gcc/arm-atollic-eabi/6.3.1/../../../../arm-atollic-eabi/lib/armv7-m/libc.a(lib_a-errno.o)
                0x0000000008005f64                __errno
 .text.__libc_init_array
                0x0000000008005f70       0x48 /opt/Atollic_TrueSTUDIO_for_STM32_x86_64_9.1.0/ARMTools/bin/../lib/gcc/arm-atollic-eabi/6.3.1/../../../../arm-atollic-eabi/lib/armv7-m/libc.a(lib_a-init.o)
                0x0000000008005f70                __libc_init_array
 .text.malloc   0x0000000008005fb8       0x10 /opt/Atollic_TrueSTUDIO_for_STM32_x86_64_9.1.0/ARMTools/bin/../lib/gcc/arm-atollic-eabi/6.3.1/../../../../arm-atollic-eabi/lib/armv7-m/libc.a(lib_a-malloc.o)
                0x0000000008005fb8                malloc
 .text.free     0x0000000008005fc8       0x10 /opt/Atollic_TrueSTUDIO_for_STM32_x86_64_9.1.0/ARMTools/bin/../lib/gcc/arm-atollic-eabi/6.3.1/../../../../arm-atollic-eabi/lib/armv7-m/libc.a(lib_a-malloc.o)
                0x0000000008005fc8                free
 .text._malloc_r
                0x0000000008005fd8      0x418 /opt/Atollic_TrueSTUDIO_for_STM32_x86_64_9.1.0/ARMTools/bin/../lib/gcc/arm-atollic-eabi/6.3.1/../../../../arm-atollic-eabi/lib/armv7-m/libc.a(lib_a-mallocr.o)
                0x0000000008005fd8                _malloc_r
 .text.memset   0x00000000080063f0       0x10 /opt/Atollic_TrueSTUDIO_for_STM32_x86_64_9.1.0/ARMTools/bin/../lib/gcc/arm-atollic-eabi/6.3.1/../../../../arm-atollic-eabi/lib/armv7-m/libc.a(lib_a-memset.o)
                0x00000000080063f0                memset
 .text.__malloc_lock
                0x0000000008006400        0xc /opt/Atollic_TrueSTUDIO_for_STM32_x86_64_9.1.0/ARMTools/bin/../lib/gcc/arm-atollic-eabi/6.3.1/../../../../arm-atollic-eabi/lib/armv7-m/libc.a(lib_a-mlock.o)
                0x0000000008006400                __malloc_lock
 .text.__malloc_unlock
                0x000000000800640c        0xc /opt/Atollic_TrueSTUDIO_for_STM32_x86_64_9.1.0/ARMTools/bin/../lib/gcc/arm-atollic-eabi/6.3.1/../../../../arm-atollic-eabi/lib/armv7-m/libc.a(lib_a-mlock.o)
                0x000000000800640c                __malloc_unlock
 .text._sbrk_r  0x0000000008006418       0x20 /opt/Atollic_TrueSTUDIO_for_STM32_x86_64_9.1.0/ARMTools/bin/../lib/gcc/arm-atollic-eabi/6.3.1/../../../../arm-atollic-eabi/lib/armv7-m/libc.a(lib_a-sbrkr.o)
                0x0000000008006418                _sbrk_r
 .text._raise_r
                0x0000000008006438       0x50 /opt/Atollic_TrueSTUDIO_for_STM32_x86_64_9.1.0/ARMTools/bin/../lib/gcc/arm-atollic-eabi/6.3.1/../../../../arm-atollic-eabi/lib/armv7-m/libc.a(lib_a-signal.o)
                0x0000000008006438                _raise_r
 .text.raise    0x0000000008006488       0x10 /opt/Atollic_TrueSTUDIO_for_STM32_x86_64_9.1.0/ARMTools/bin/../lib/gcc/arm-atollic-eabi/6.3.1/../../../../arm-atollic-eabi/lib/armv7-m/libc.a(lib_a-signal.o)
                0x0000000008006488                raise
 .text._kill_r  0x0000000008006498       0x24 /opt/Atollic_TrueSTUDIO_for_STM32_x86_64_9.1.0/ARMTools/bin/../lib/gcc/arm-atollic-eabi/6.3.1/../../../../arm-atollic-eabi/lib/armv7-m/libc.a(lib_a-signalr.o)
                0x0000000008006498                _kill_r
 .text._getpid_r
                0x00000000080064bc        0x4 /opt/Atollic_TrueSTUDIO_for_STM32_x86_64_9.1.0/ARMTools/bin/../lib/gcc/arm-atollic-eabi/6.3.1/../../../../arm-atollic-eabi/lib/armv7-m/libc.a(lib_a-signalr.o)
                0x00000000080064bc                _getpid_r
 .text._malloc_trim_r
                0x00000000080064c0       0xac /opt/Atollic_TrueSTUDIO_for_STM32_x86_64_9.1.0/ARMTools/bin/../lib/gcc/arm-atollic-eabi/6.3.1/../../../../arm-atollic-eabi/lib/armv7-m/libc.a(lib_a-freer.o)
                0x00000000080064c0                _malloc_trim_r
 .text._free_r  0x000000000800656c      0x178 /opt/Atollic_TrueSTUDIO_for_STM32_x86_64_9.1.0/ARMTools/bin/../lib/gcc/arm-atollic-eabi/6.3.1/../../../../arm-atollic-eabi/lib/armv7-m/libc.a(lib_a-freer.o)
                0x000000000800656c                _free_r
 .text.__retarget_lock_acquire_recursive
                0x00000000080066e4        0x2 /opt/Atollic_TrueSTUDIO_for_STM32_x86_64_9.1.0/ARMTools/bin/../lib/gcc/arm-atollic-eabi/6.3.1/../../../../arm-atollic-eabi/lib/armv7-m/libc.a(lib_a-lock.o)
                0x00000000080066e4                __retarget_lock_acquire_recursive
 .text.__retarget_lock_release_recursive
                0x00000000080066e6        0x2 /opt/Atollic_TrueSTUDIO_for_STM32_x86_64_9.1.0/ARMTools/bin/../lib/gcc/arm-atollic-eabi/6.3.1/../../../../arm-atollic-eabi/lib/armv7-m/libc.a(lib_a-lock.o)
                0x00000000080066e6                __retarget_lock_release_recursive
 .text.memcpy   0x00000000080066e8       0x16 /opt/Atollic_TrueSTUDIO_for_STM32_x86_64_9.1.0/ARMTools/bin/../lib/gcc/arm-atollic-eabi/6.3.1/../../../../arm-atollic-eabi/lib/armv7-m/libc.a(lib_a-memcpy-stub.o)
                0x00000000080066e8                memcpy
 *fill*         0x00000000080066fe        0x2 
 .text._getpid  0x0000000008006700       0x10 /opt/Atollic_TrueSTUDIO_for_STM32_x86_64_9.1.0/ARMTools/bin/../lib/gcc/arm-atollic-eabi/6.3.1/../../../../arm-atollic-eabi/lib/armv7-m/libnosys.a(getpid.o)
                0x0000000008006700                _getpid
 .text._kill    0x0000000008006710       0x10 /opt/Atollic_TrueSTUDIO_for_STM32_x86_64_9.1.0/ARMTools/bin/../lib/gcc/arm-atollic-eabi/6.3.1/../../../../arm-atollic-eabi/lib/armv7-m/libnosys.a(kill.o)
                0x0000000008006710                _kill
 .text._sbrk    0x0000000008006720       0x1c /opt/Atollic_TrueSTUDIO_for_STM32_x86_64_9.1.0/ARMTools/bin/../lib/gcc/arm-atollic-eabi/6.3.1/../../../../arm-atollic-eabi/lib/armv7-m/libnosys.a(sbrk.o)
                0x0000000008006720                _sbrk
 .text._exit    0x000000000800673c        0x2 /opt/Atollic_TrueSTUDIO_for_STM32_x86_64_9.1.0/ARMTools/bin/../lib/gcc/arm-atollic-eabi/6.3.1/../../../../arm-atollic-eabi/lib/armv7-m/libnosys.a(_exit.o)
                0x000000000800673c                _exit
 *(.glue_7)
 .glue_7        0x000000000800673e        0x0 linker stubs
 *(.glue_7t)
 .glue_7t       0x000000000800673e        0x0 linker stubs
 *(.eh_frame)
 *fill*         0x000000000800673e        0x2 
 .eh_frame      0x0000000008006740        0x0 /opt/Atollic_TrueSTUDIO_for_STM32_x86_64_9.1.0/ARMTools/bin/../lib/gcc/arm-atollic-eabi/6.3.1/armv7-m/crtbegin.o
 *(.init)
 .init          0x0000000008006740        0x4 /opt/Atollic_TrueSTUDIO_for_STM32_x86_64_9.1.0/ARMTools/bin/../lib/gcc/arm-atollic-eabi/6.3.1/armv7-m/crti.o
                0x0000000008006740                _init
 .init          0x0000000008006744        0x8 /opt/Atollic_TrueSTUDIO_for_STM32_x86_64_9.1.0/ARMTools/bin/../lib/gcc/arm-atollic-eabi/6.3.1/armv7-m/crtn.o
 *(.fini)
 .fini          0x000000000800674c        0x4 /opt/Atollic_TrueSTUDIO_for_STM32_x86_64_9.1.0/ARMTools/bin/../lib/gcc/arm-atollic-eabi/6.3.1/armv7-m/crti.o
                0x000000000800674c                _fini
 .fini          0x0000000008006750        0x8 /opt/Atollic_TrueSTUDIO_for_STM32_x86_64_9.1.0/ARMTools/bin/../lib/gcc/arm-atollic-eabi/6.3.1/armv7-m/crtn.o
                0x0000000008006758                . = ALIGN (0x4)
                0x0000000008006758                _etext = .

.vfp11_veneer   0x0000000008006758        0x0
 .vfp11_veneer  0x0000000008006758        0x0 linker stubs

.v4_bx          0x0000000008006758        0x0
 .v4_bx         0x0000000008006758        0x0 linker stubs

.iplt           0x0000000008006758        0x0
 .iplt          0x0000000008006758        0x0 /opt/Atollic_TrueSTUDIO_for_STM32_x86_64_9.1.0/ARMTools/bin/../lib/gcc/arm-atollic-eabi/6.3.1/armv7-m/crtbegin.o

.rodata         0x0000000008006758      0x524
                0x0000000008006758                . = ALIGN (0x4)
 *(.rodata)
 .rodata        0x0000000008006758       0x10 Drivers/STM32F1xx_HAL_Driver/Src/stm32f1xx_hal_rcc.o
 *(.rodata*)
 .rodata.AHBPrescTable
                0x0000000008006768       0x10 Src/system_stm32f1xx.o
                0x0000000008006768                AHBPrescTable
 .rodata.APBPrescTable
                0x0000000008006778        0x8 Src/system_stm32f1xx.o
                0x0000000008006778                APBPrescTable
 .rodata._ZTIN10__cxxabiv115__forced_unwindE
                0x0000000008006780        0x8 /opt/Atollic_TrueSTUDIO_for_STM32_x86_64_9.1.0/ARMTools/bin/../lib/gcc/arm-atollic-eabi/6.3.1/../../../../arm-atollic-eabi/lib/armv7-m/libstdc++_nano.a(eh_exception.o)
                0x0000000008006780                typeinfo for __cxxabiv1::__forced_unwind
 .rodata._ZTIN10__cxxabiv119__foreign_exceptionE
                0x0000000008006788        0x8 /opt/Atollic_TrueSTUDIO_for_STM32_x86_64_9.1.0/ARMTools/bin/../lib/gcc/arm-atollic-eabi/6.3.1/../../../../arm-atollic-eabi/lib/armv7-m/libstdc++_nano.a(eh_exception.o)
                0x0000000008006788                typeinfo for __cxxabiv1::__foreign_exception
 .rodata._ZTSN10__cxxabiv115__forced_unwindE
                0x0000000008006790       0x20 /opt/Atollic_TrueSTUDIO_for_STM32_x86_64_9.1.0/ARMTools/bin/../lib/gcc/arm-atollic-eabi/6.3.1/../../../../arm-atollic-eabi/lib/armv7-m/libstdc++_nano.a(eh_exception.o)
                0x0000000008006790                typeinfo name for __cxxabiv1::__forced_unwind
 .rodata._ZTSN10__cxxabiv119__foreign_exceptionE
                0x00000000080067b0       0x24 /opt/Atollic_TrueSTUDIO_for_STM32_x86_64_9.1.0/ARMTools/bin/../lib/gcc/arm-atollic-eabi/6.3.1/../../../../arm-atollic-eabi/lib/armv7-m/libstdc++_nano.a(eh_exception.o)
                0x00000000080067b0                typeinfo name for __cxxabiv1::__foreign_exception
 .rodata._ZTIN10__cxxabiv120__si_class_type_infoE
                0x00000000080067d4        0xc /opt/Atollic_TrueSTUDIO_for_STM32_x86_64_9.1.0/ARMTools/bin/../lib/gcc/arm-atollic-eabi/6.3.1/../../../../arm-atollic-eabi/lib/armv7-m/libstdc++_nano.a(si_class_type_info.o)
                0x00000000080067d4                typeinfo for __cxxabiv1::__si_class_type_info
 .rodata._ZTSN10__cxxabiv120__si_class_type_infoE
                0x00000000080067e0       0x25 /opt/Atollic_TrueSTUDIO_for_STM32_x86_64_9.1.0/ARMTools/bin/../lib/gcc/arm-atollic-eabi/6.3.1/../../../../arm-atollic-eabi/lib/armv7-m/libstdc++_nano.a(si_class_type_info.o)
                0x00000000080067e0                typeinfo name for __cxxabiv1::__si_class_type_info
 *fill*         0x0000000008006805        0x3 
 .rodata._ZTVN10__cxxabiv120__si_class_type_infoE
                0x0000000008006808       0x2c /opt/Atollic_TrueSTUDIO_for_STM32_x86_64_9.1.0/ARMTools/bin/../lib/gcc/arm-atollic-eabi/6.3.1/../../../../arm-atollic-eabi/lib/armv7-m/libstdc++_nano.a(si_class_type_info.o)
                0x0000000008006808                vtable for __cxxabiv1::__si_class_type_info
 .rodata._ZTIN10__cxxabiv117__class_type_infoE
                0x0000000008006834        0xc /opt/Atollic_TrueSTUDIO_for_STM32_x86_64_9.1.0/ARMTools/bin/../lib/gcc/arm-atollic-eabi/6.3.1/../../../../arm-atollic-eabi/lib/armv7-m/libstdc++_nano.a(class_type_info.o)
                0x0000000008006834                typeinfo for __cxxabiv1::__class_type_info
 .rodata._ZTSN10__cxxabiv117__class_type_infoE
                0x0000000008006840       0x22 /opt/Atollic_TrueSTUDIO_for_STM32_x86_64_9.1.0/ARMTools/bin/../lib/gcc/arm-atollic-eabi/6.3.1/../../../../arm-atollic-eabi/lib/armv7-m/libstdc++_nano.a(class_type_info.o)
                0x0000000008006840                typeinfo name for __cxxabiv1::__class_type_info
 *fill*         0x0000000008006862        0x2 
 .rodata._ZTVN10__cxxabiv117__class_type_infoE
                0x0000000008006864       0x2c /opt/Atollic_TrueSTUDIO_for_STM32_x86_64_9.1.0/ARMTools/bin/../lib/gcc/arm-atollic-eabi/6.3.1/../../../../arm-atollic-eabi/lib/armv7-m/libstdc++_nano.a(class_type_info.o)
                0x0000000008006864                vtable for __cxxabiv1::__class_type_info
 .rodata._ZTISt9type_info
                0x0000000008006890        0x8 /opt/Atollic_TrueSTUDIO_for_STM32_x86_64_9.1.0/ARMTools/bin/../lib/gcc/arm-atollic-eabi/6.3.1/../../../../arm-atollic-eabi/lib/armv7-m/libstdc++_nano.a(tinfo.o)
                0x0000000008006890                typeinfo for std::type_info
 .rodata._ZTSSt9type_info
                0x0000000008006898        0xd /opt/Atollic_TrueSTUDIO_for_STM32_x86_64_9.1.0/ARMTools/bin/../lib/gcc/arm-atollic-eabi/6.3.1/../../../../arm-atollic-eabi/lib/armv7-m/libstdc++_nano.a(tinfo.o)
                0x0000000008006898                typeinfo name for std::type_info
 .rodata.sqrtf.str1.1
                0x00000000080068a5        0x6 /opt/Atollic_TrueSTUDIO_for_STM32_x86_64_9.1.0/ARMTools/bin/../lib/gcc/arm-atollic-eabi/6.3.1/../../../../arm-atollic-eabi/lib/armv7-m/libm.a(lib_a-wf_sqrt.o)
 *fill*         0x00000000080068ab        0x1 
 .rodata.npio2_hw
                0x00000000080068ac       0x80 /opt/Atollic_TrueSTUDIO_for_STM32_x86_64_9.1.0/ARMTools/bin/../lib/gcc/arm-atollic-eabi/6.3.1/../../../../arm-atollic-eabi/lib/armv7-m/libm.a(lib_a-ef_rem_pio2.o)
 .rodata.two_over_pi
                0x000000000800692c      0x318 /opt/Atollic_TrueSTUDIO_for_STM32_x86_64_9.1.0/ARMTools/bin/../lib/gcc/arm-atollic-eabi/6.3.1/../../../../arm-atollic-eabi/lib/armv7-m/libm.a(lib_a-ef_rem_pio2.o)
 .rodata.PIo2   0x0000000008006c44       0x2c /opt/Atollic_TrueSTUDIO_for_STM32_x86_64_9.1.0/ARMTools/bin/../lib/gcc/arm-atollic-eabi/6.3.1/../../../../arm-atollic-eabi/lib/armv7-m/libm.a(lib_a-kf_rem_pio2.o)
 .rodata.init_jk
                0x0000000008006c70        0xc /opt/Atollic_TrueSTUDIO_for_STM32_x86_64_9.1.0/ARMTools/bin/../lib/gcc/arm-atollic-eabi/6.3.1/../../../../arm-atollic-eabi/lib/armv7-m/libm.a(lib_a-kf_rem_pio2.o)
                0x0000000008006c7c                . = ALIGN (0x4)

.ARM.extab      0x0000000008006c7c       0xf8
 *(.ARM.extab* .gnu.linkonce.armextab.*)
 .ARM.extab.text._ZNK7MPU925014_spiChipSelectEv
                0x0000000008006c7c        0x0 Src/MPU9250.o
 .ARM.extab.text._ZNK7MPU925016_spiChipDeselectEv
                0x0000000008006c7c        0x0 Src/MPU9250.o
 .ARM.extab.text._ZN8OdometryC2Ev
                0x0000000008006c7c       0x1c Src/Odometry.o
 .ARM.extab.text._ZNK8Odometry11GetGyroBiasEPfS0_
                0x0000000008006c98        0xc Src/Odometry.o
 .ARM.extab.text._ZN8Odometry8InitGyroEv
                0x0000000008006ca4        0xc Src/Odometry.o
 .ARM.extab.text._ZN8Odometry11ReadEncoderEv
                0x0000000008006cb0        0xc Src/Odometry.o
 .ARM.extab.text._ZN8Odometry8ReadGyroEv
                0x0000000008006cbc        0xc Src/Odometry.o
 .ARM.extab.text._ZN8Odometry10InitializeEv
                0x0000000008006cc8        0xc Src/Odometry.o
 .ARM.extab.text._ZN8Odometry6SampleEv
                0x0000000008006cd4        0xc Src/Odometry.o
 .ARM.extab.text.can_set_filter
                0x0000000008006ce0        0xc Src/can.o
 .ARM.extab.text.can_tx
                0x0000000008006cec        0xc Src/can.o
 .ARM.extab.text.main
                0x0000000008006cf8        0xc Src/main.o
 .ARM.extab.text._Z18SystemClock_Configv
                0x0000000008006d04        0xc Src/main.o
 .ARM.extab.text._ZL12MX_TIM2_Initv
                0x0000000008006d10        0xc Src/main.o
 .ARM.extab.text._ZL12MX_TIM3_Initv
                0x0000000008006d1c        0xc Src/main.o
 .ARM.extab.text._ZL12MX_TIM4_Initv
                0x0000000008006d28        0xc Src/main.o
 .ARM.extab.text._ZL12MX_GPIO_Initv
                0x0000000008006d34        0xc Src/main.o
 .ARM.extab.text._Z41__static_initialization_and_destruction_0ii
                0x0000000008006d40       0x1c Src/main.o
 .ARM.extab     0x0000000008006d5c       0x18 /opt/Atollic_TrueSTUDIO_for_STM32_x86_64_9.1.0/ARMTools/bin/../lib/gcc/arm-atollic-eabi/6.3.1/armv7-m/libgcc.a(pr-support.o)

.ARM            0x0000000008006d74      0x180
                0x0000000008006d74                __exidx_start = .
 *(.ARM.exidx*)
 .ARM.exidx.text._ZN7MPU9250C2EP11SPI_TypeDefP12GPIO_TypeDefm
                0x0000000008006e2c        0x0 Src/MPU9250.o
                                          0x8 (size before relaxing)
 .ARM.exidx.text._ZNK7MPU92509_spiWriteEh
                0x0000000008006e2c        0x0 Src/MPU9250.o
                                          0x8 (size before relaxing)
 .ARM.exidx.text._ZNK7MPU925014_spiChipSelectEv
                0x0000000008006e2c        0x0 Src/MPU9250.o
                                          0x8 (size before relaxing)
 .ARM.exidx.text._ZNK7MPU925016_spiChipDeselectEv
                0x0000000008006e2c        0x0 Src/MPU9250.o
                                          0x8 (size before relaxing)
 .ARM.exidx.text._ZNK7MPU92509WriteByteEhh
                0x0000000008006e2c        0x0 Src/MPU9250.o
                                          0x8 (size before relaxing)
 .ARM.exidx.text._ZNK7MPU92509WriteWordEht
                0x0000000008006e2c        0x0 Src/MPU9250.o
                                          0x8 (size before relaxing)
 .ARM.exidx.text._ZN8OdometryC2Ev
                0x0000000008006e2c        0x8 Src/Odometry.o
 .ARM.exidx.text._ZNK8Odometry11GetGyroBiasEPfS0_
                0x0000000008006e34        0x8 Src/Odometry.o
 .ARM.exidx.text._ZN8Odometry8InitGyroEv
                0x0000000008006e3c        0x8 Src/Odometry.o
 .ARM.exidx.text._ZN8Odometry11ReadEncoderEv
                0x0000000008006e44        0x8 Src/Odometry.o
 .ARM.exidx.text._ZN8Odometry8ReadGyroEv
                0x0000000008006e4c        0x8 Src/Odometry.o
 .ARM.exidx.text._ZN8Odometry10InitializeEv
                0x0000000008006e54        0x8 Src/Odometry.o
 .ARM.exidx.text._ZN8Odometry6SampleEv
                0x0000000008006e5c        0x8 Src/Odometry.o
 .ARM.exidx.text.can_init
                0x0000000008006e64        0x8 Src/can.o
 .ARM.exidx.text.can_set_filter
                0x0000000008006e6c        0x8 Src/can.o
 .ARM.exidx.text.can_enable
                0x0000000008006e74        0x8 Src/can.o
 .ARM.exidx.text.can_set_bitrate
                0x0000000008006e7c        0x8 Src/can.o
 .ARM.exidx.text.can_tx
                0x0000000008006e84       0x10 Src/can.o
                                          0x8 (size before relaxing)
 .ARM.exidx.text.NVIC_EnableIRQ
                0x0000000008006e94        0x0 Src/main.o
                                          0x8 (size before relaxing)
 .ARM.exidx.text.NVIC_SetPriority
                0x0000000008006e94        0x0 Src/main.o
                                          0x8 (size before relaxing)
 .ARM.exidx.text.main
                0x0000000008006e94        0x8 Src/main.o
 .ARM.exidx.text._Z18SystemClock_Configv
                0x0000000008006e9c        0x8 Src/main.o
 .ARM.exidx.text._ZL11MX_CAN_Initv
                0x0000000008006ea4        0x8 Src/main.o
 .ARM.exidx.text._ZL12MX_SPI2_Initv
                0x0000000008006eac        0x0 Src/main.o
                                          0x8 (size before relaxing)
 .ARM.exidx.text._ZL12MX_TIM2_Initv
                0x0000000008006eac        0x8 Src/main.o
 .ARM.exidx.text._ZL12MX_TIM3_Initv
                0x0000000008006eb4        0x8 Src/main.o
 .ARM.exidx.text._ZL12MX_TIM4_Initv
                0x0000000008006ebc        0x8 Src/main.o
 .ARM.exidx.text._ZL19MX_USART1_UART_Initv
                0x0000000008006ec4        0x8 Src/main.o
 .ARM.exidx.text._ZL12MX_GPIO_Initv
                0x0000000008006ecc        0x8 Src/main.o
 .ARM.exidx.text.TIM4_IRQHandler
                0x0000000008006ed4        0x8 Src/main.o
 .ARM.exidx.text.Error_Handler
                0x0000000008006edc        0x8 Src/main.o
 .ARM.exidx.text._Z8can_packIdEvRA8_hT_
                0x0000000008006ee4        0x0 Src/main.o
                                          0x8 (size before relaxing)
 .ARM.exidx.text._Z41__static_initialization_and_destruction_0ii
                0x0000000008006ee4        0x8 Src/main.o
 .ARM.exidx.text._GLOBAL__sub_I_rx_header
                0x0000000008006eec        0x8 Src/main.o
 .ARM.exidx     0x0000000008006d74       0x80 /opt/Atollic_TrueSTUDIO_for_STM32_x86_64_9.1.0/ARMTools/bin/../lib/gcc/arm-atollic-eabi/6.3.1/armv7-m/libgcc.a(unwind-arm.o)
                                         0xd8 (size before relaxing)
 .ARM.exidx     0x0000000008006df4       0x38 /opt/Atollic_TrueSTUDIO_for_STM32_x86_64_9.1.0/ARMTools/bin/../lib/gcc/arm-atollic-eabi/6.3.1/armv7-m/libgcc.a(pr-support.o)
                                         0x48 (size before relaxing)
                0x0000000008006ef4                __exidx_end = .

.rel.dyn        0x0000000008006ef4        0x0
 .rel.iplt      0x0000000008006ef4        0x0 /opt/Atollic_TrueSTUDIO_for_STM32_x86_64_9.1.0/ARMTools/bin/../lib/gcc/arm-atollic-eabi/6.3.1/armv7-m/crtbegin.o

.preinit_array  0x0000000008006ef4        0x0
                0x0000000008006ef4                PROVIDE (__preinit_array_start, .)
 *(.preinit_array*)
                0x0000000008006ef4                PROVIDE (__preinit_array_end, .)

.init_array     0x0000000008006ef4        0x8
                0x0000000008006ef4                PROVIDE (__init_array_start, .)
 *(SORT(.init_array.*))
 *(.init_array*)
 .init_array    0x0000000008006ef4        0x4 /opt/Atollic_TrueSTUDIO_for_STM32_x86_64_9.1.0/ARMTools/bin/../lib/gcc/arm-atollic-eabi/6.3.1/armv7-m/crtbegin.o
 .init_array    0x0000000008006ef8        0x4 Src/main.o
                0x0000000008006efc                PROVIDE (__init_array_end, .)

.fini_array     0x0000000008006efc        0x4
                [!provide]                        PROVIDE (__fini_array_start, .)
 *(SORT(.fini_array.*))
 *(.fini_array*)
 .fini_array    0x0000000008006efc        0x4 /opt/Atollic_TrueSTUDIO_for_STM32_x86_64_9.1.0/ARMTools/bin/../lib/gcc/arm-atollic-eabi/6.3.1/armv7-m/crtbegin.o
                [!provide]                        PROVIDE (__fini_array_end, .)
                0x0000000008006f00                _sidata = LOADADDR (.data)

.data           0x0000000020000000      0x51c load address 0x0000000008006f00
                0x0000000020000000                . = ALIGN (0x4)
                0x0000000020000000                _sdata = .
 *(.data)
 *(.data*)
 .data.uwTickFreq
                0x0000000020000000        0x1 Drivers/STM32F1xx_HAL_Driver/Src/stm32f1xx_hal.o
                0x0000000020000000                uwTickFreq
 *fill*         0x0000000020000001        0x3 
 .data.uwTickPrio
                0x0000000020000004        0x4 Drivers/STM32F1xx_HAL_Driver/Src/stm32f1xx_hal.o
                0x0000000020000004                uwTickPrio
 .data.SystemCoreClock
                0x0000000020000008        0x4 Src/system_stm32f1xx.o
                0x0000000020000008                SystemCoreClock
 .data._ZN10__cxxabiv119__terminate_handlerE
                0x000000002000000c        0x4 /opt/Atollic_TrueSTUDIO_for_STM32_x86_64_9.1.0/ARMTools/bin/../lib/gcc/arm-atollic-eabi/6.3.1/../../../../arm-atollic-eabi/lib/armv7-m/libstdc++_nano.a(eh_term_handler.o)
                0x000000002000000c                __cxxabiv1::__terminate_handler
 .data._ZN10__cxxabiv120__unexpected_handlerE
                0x0000000020000010        0x4 /opt/Atollic_TrueSTUDIO_for_STM32_x86_64_9.1.0/ARMTools/bin/../lib/gcc/arm-atollic-eabi/6.3.1/../../../../arm-atollic-eabi/lib/armv7-m/libstdc++_nano.a(eh_unex_handler.o)
                0x0000000020000010                __cxxabiv1::__unexpected_handler
 .data.__fdlib_version
                0x0000000020000014        0x1 /opt/Atollic_TrueSTUDIO_for_STM32_x86_64_9.1.0/ARMTools/bin/../lib/gcc/arm-atollic-eabi/6.3.1/../../../../arm-atollic-eabi/lib/armv7-m/libm.a(lib_a-s_lib_ver.o)
                0x0000000020000014                __fdlib_version
 *fill*         0x0000000020000015        0x3 
 .data._impure_ptr
                0x0000000020000018        0x4 /opt/Atollic_TrueSTUDIO_for_STM32_x86_64_9.1.0/ARMTools/bin/../lib/gcc/arm-atollic-eabi/6.3.1/../../../../arm-atollic-eabi/lib/armv7-m/libc.a(lib_a-impure.o)
                0x0000000020000018                _impure_ptr
 .data.impure_data
                0x000000002000001c       0xf0 /opt/Atollic_TrueSTUDIO_for_STM32_x86_64_9.1.0/ARMTools/bin/../lib/gcc/arm-atollic-eabi/6.3.1/../../../../arm-atollic-eabi/lib/armv7-m/libc.a(lib_a-impure.o)
 .data.__malloc_av_
                0x000000002000010c      0x408 /opt/Atollic_TrueSTUDIO_for_STM32_x86_64_9.1.0/ARMTools/bin/../lib/gcc/arm-atollic-eabi/6.3.1/../../../../arm-atollic-eabi/lib/armv7-m/libc.a(lib_a-mallocr.o)
                0x000000002000010c                __malloc_av_
 .data.__malloc_sbrk_base
                0x0000000020000514        0x4 /opt/Atollic_TrueSTUDIO_for_STM32_x86_64_9.1.0/ARMTools/bin/../lib/gcc/arm-atollic-eabi/6.3.1/../../../../arm-atollic-eabi/lib/armv7-m/libc.a(lib_a-mallocr.o)
                0x0000000020000514                __malloc_sbrk_base
 .data.__malloc_trim_threshold
                0x0000000020000518        0x4 /opt/Atollic_TrueSTUDIO_for_STM32_x86_64_9.1.0/ARMTools/bin/../lib/gcc/arm-atollic-eabi/6.3.1/../../../../arm-atollic-eabi/lib/armv7-m/libc.a(lib_a-mallocr.o)
                0x0000000020000518                __malloc_trim_threshold
                0x000000002000051c                . = ALIGN (0x4)
                0x000000002000051c                _edata = .

.igot.plt       0x000000002000051c        0x0 load address 0x000000000800741c
 .igot.plt      0x000000002000051c        0x0 /opt/Atollic_TrueSTUDIO_for_STM32_x86_64_9.1.0/ARMTools/bin/../lib/gcc/arm-atollic-eabi/6.3.1/armv7-m/crtbegin.o
                0x000000002000051c                . = ALIGN (0x4)

.bss            0x000000002000051c      0x28c load address 0x000000000800741c
                0x000000002000051c                _sbss = .
                0x000000002000051c                __bss_start__ = _sbss
 *(.bss)
 .bss           0x000000002000051c       0x1c /opt/Atollic_TrueSTUDIO_for_STM32_x86_64_9.1.0/ARMTools/bin/../lib/gcc/arm-atollic-eabi/6.3.1/armv7-m/crtbegin.o
 .bss           0x0000000020000538       0x2d Src/can.o
                0x0000000020000538                filter
                0x0000000020000560                prescaler
                0x0000000020000564                bus_state
 *fill*         0x0000000020000565        0x3 
 .bss           0x0000000020000568      0x1dc Src/main.o
                0x0000000020000568                rx_header
                0x0000000020000584                rx_payload
                0x000000002000058c                status
                0x0000000020000590                msg_buf
                0x00000000200005b0                hspi2
                0x0000000020000608                htim2
                0x0000000020000648                htim3
                0x0000000020000688                htim4
                0x00000000200006c8                hcan
                0x00000000200006f0                huart1
                0x0000000020000730                odom
                0x0000000020000734                led_last
                0x0000000020000738                led_stat
                0x000000002000073c                current_time
                0x0000000020000740                last_time
 *(.bss*)
 .bss.led_lastoff
                0x0000000020000744        0x4 Src/led.o
 .bss.led_laston
                0x0000000020000748        0x4 Src/led.o
 .bss._ZN12_GLOBAL__N_113__new_handlerE
                0x000000002000074c        0x4 /opt/Atollic_TrueSTUDIO_for_STM32_x86_64_9.1.0/ARMTools/bin/../lib/gcc/arm-atollic-eabi/6.3.1/../../../../arm-atollic-eabi/lib/armv7-m/libstdc++_nano.a(new_handler.o)
 .bss._ZL10eh_globals
                0x0000000020000750        0xc /opt/Atollic_TrueSTUDIO_for_STM32_x86_64_9.1.0/ARMTools/bin/../lib/gcc/arm-atollic-eabi/6.3.1/../../../../arm-atollic-eabi/lib/armv7-m/libstdc++_nano.a(eh_globals.o)
 .bss.__malloc_current_mallinfo
                0x000000002000075c       0x28 /opt/Atollic_TrueSTUDIO_for_STM32_x86_64_9.1.0/ARMTools/bin/../lib/gcc/arm-atollic-eabi/6.3.1/../../../../arm-atollic-eabi/lib/armv7-m/libc.a(lib_a-mallocr.o)
                0x000000002000075c                __malloc_current_mallinfo
 .bss.__malloc_max_sbrked_mem
                0x0000000020000784        0x4 /opt/Atollic_TrueSTUDIO_for_STM32_x86_64_9.1.0/ARMTools/bin/../lib/gcc/arm-atollic-eabi/6.3.1/../../../../arm-atollic-eabi/lib/armv7-m/libc.a(lib_a-mallocr.o)
                0x0000000020000784                __malloc_max_sbrked_mem
 .bss.__malloc_max_total_mem
                0x0000000020000788        0x4 /opt/Atollic_TrueSTUDIO_for_STM32_x86_64_9.1.0/ARMTools/bin/../lib/gcc/arm-atollic-eabi/6.3.1/../../../../arm-atollic-eabi/lib/armv7-m/libc.a(lib_a-mallocr.o)
                0x0000000020000788                __malloc_max_total_mem
 .bss.__malloc_top_pad
                0x000000002000078c        0x4 /opt/Atollic_TrueSTUDIO_for_STM32_x86_64_9.1.0/ARMTools/bin/../lib/gcc/arm-atollic-eabi/6.3.1/../../../../arm-atollic-eabi/lib/armv7-m/libc.a(lib_a-mallocr.o)
                0x000000002000078c                __malloc_top_pad
 .bss.heap_end.4116
                0x0000000020000790        0x4 /opt/Atollic_TrueSTUDIO_for_STM32_x86_64_9.1.0/ARMTools/bin/../lib/gcc/arm-atollic-eabi/6.3.1/../../../../arm-atollic-eabi/lib/armv7-m/libnosys.a(sbrk.o)
 *(COMMON)
 COMMON         0x0000000020000794        0x4 Drivers/STM32F1xx_HAL_Driver/Src/stm32f1xx_hal.o
                0x0000000020000794                uwTick
 COMMON         0x0000000020000798        0x9 /opt/Atollic_TrueSTUDIO_for_STM32_x86_64_9.1.0/ARMTools/bin/../lib/gcc/arm-atollic-eabi/6.3.1/../../../../arm-atollic-eabi/lib/armv7-m/libc.a(lib_a-lock.o)
                0x0000000020000798                __lock___atexit_recursive_mutex
                0x0000000020000799                __lock___arc4random_mutex
                0x000000002000079a                __lock___env_recursive_mutex
                0x000000002000079b                __lock___sinit_recursive_mutex
                0x000000002000079c                __lock___malloc_recursive_mutex
                0x000000002000079d                __lock___at_quick_exit_mutex
                0x000000002000079e                __lock___dd_hash_mutex
                0x000000002000079f                __lock___tz_mutex
                0x00000000200007a0                __lock___sfp_recursive_mutex
 *fill*         0x00000000200007a1        0x3 
 COMMON         0x00000000200007a4        0x4 /opt/Atollic_TrueSTUDIO_for_STM32_x86_64_9.1.0/ARMTools/bin/../lib/gcc/arm-atollic-eabi/6.3.1/../../../../arm-atollic-eabi/lib/armv7-m/libc.a(lib_a-reent.o)
                0x00000000200007a4                errno
                0x00000000200007a8                . = ALIGN (0x4)
                0x00000000200007a8                _ebss = .
                0x00000000200007a8                __bss_end__ = _ebss

._user_heap_stack
                0x00000000200007a8      0x600 load address 0x000000000800741c
                0x00000000200007a8                . = ALIGN (0x4)
                0x00000000200007a8                PROVIDE (end, .)
                [!provide]                        PROVIDE (_end, .)
                0x00000000200009a8                . = (. + _Min_Heap_Size)
 *fill*         0x00000000200007a8      0x200 
                0x0000000020000da8                . = (. + _Min_Stack_Size)
 *fill*         0x00000000200009a8      0x400 
                0x0000000020000da8                . = ALIGN (0x4)

/DISCARD/
 libc.a(*)
 libm.a(*)
 libgcc.a(*)

.ARM.attributes
                0x0000000000000000       0x29
 *(.ARM.attributes)
 .ARM.attributes
                0x0000000000000000       0x1d /opt/Atollic_TrueSTUDIO_for_STM32_x86_64_9.1.0/ARMTools/bin/../lib/gcc/arm-atollic-eabi/6.3.1/armv7-m/crti.o
 .ARM.attributes
                0x000000000000001d       0x2d /opt/Atollic_TrueSTUDIO_for_STM32_x86_64_9.1.0/ARMTools/bin/../lib/gcc/arm-atollic-eabi/6.3.1/armv7-m/crtbegin.o
 .ARM.attributes
                0x000000000000004a       0x33 Drivers/STM32F1xx_HAL_Driver/Src/stm32f1xx_hal.o
 .ARM.attributes
                0x000000000000007d       0x33 Drivers/STM32F1xx_HAL_Driver/Src/stm32f1xx_hal_can.o
 .ARM.attributes
                0x00000000000000b0       0x33 Drivers/STM32F1xx_HAL_Driver/Src/stm32f1xx_hal_cortex.o
 .ARM.attributes
                0x00000000000000e3       0x33 Drivers/STM32F1xx_HAL_Driver/Src/stm32f1xx_hal_dma.o
 .ARM.attributes
                0x0000000000000116       0x33 Drivers/STM32F1xx_HAL_Driver/Src/stm32f1xx_hal_gpio.o
 .ARM.attributes
                0x0000000000000149       0x33 Drivers/STM32F1xx_HAL_Driver/Src/stm32f1xx_hal_rcc.o
 .ARM.attributes
                0x000000000000017c       0x33 Drivers/STM32F1xx_HAL_Driver/Src/stm32f1xx_hal_spi_ex.o
 .ARM.attributes
                0x00000000000001af       0x33 Drivers/STM32F1xx_HAL_Driver/Src/stm32f1xx_hal_tim.o
 .ARM.attributes
                0x00000000000001e2       0x33 Drivers/STM32F1xx_HAL_Driver/Src/stm32f1xx_hal_tim_ex.o
 .ARM.attributes
                0x0000000000000215       0x33 Drivers/STM32F1xx_HAL_Driver/Src/stm32f1xx_hal_uart.o
 .ARM.attributes
                0x0000000000000248       0x33 Src/MPU9250.o
 .ARM.attributes
                0x000000000000027b       0x33 Src/Odometry.o
 .ARM.attributes
                0x00000000000002ae       0x33 Src/can.o
 .ARM.attributes
                0x00000000000002e1       0x33 Src/led.o
 .ARM.attributes
                0x0000000000000314       0x33 Src/main.o
 .ARM.attributes
                0x0000000000000347       0x33 Src/stm32f1xx_hal_msp.o
 .ARM.attributes
                0x000000000000037a       0x33 Src/stm32f1xx_it.o
 .ARM.attributes
                0x00000000000003ad       0x33 Src/system_stm32f1xx.o
 .ARM.attributes
                0x00000000000003e0       0x21 startup/startup_stm32f103xb.o
 .ARM.attributes
                0x0000000000000401       0x2d /opt/Atollic_TrueSTUDIO_for_STM32_x86_64_9.1.0/ARMTools/bin/../lib/gcc/arm-atollic-eabi/6.3.1/../../../../arm-atollic-eabi/lib/armv7-m/libstdc++_nano.a(new_op.o)
 .ARM.attributes
                0x000000000000042e       0x2d /opt/Atollic_TrueSTUDIO_for_STM32_x86_64_9.1.0/ARMTools/bin/../lib/gcc/arm-atollic-eabi/6.3.1/../../../../arm-atollic-eabi/lib/armv7-m/libstdc++_nano.a(eh_arm.o)
 .ARM.attributes
                0x000000000000045b       0x2d /opt/Atollic_TrueSTUDIO_for_STM32_x86_64_9.1.0/ARMTools/bin/../lib/gcc/arm-atollic-eabi/6.3.1/../../../../arm-atollic-eabi/lib/armv7-m/libstdc++_nano.a(del_ops.o)
 .ARM.attributes
                0x0000000000000488       0x2d /opt/Atollic_TrueSTUDIO_for_STM32_x86_64_9.1.0/ARMTools/bin/../lib/gcc/arm-atollic-eabi/6.3.1/../../../../arm-atollic-eabi/lib/armv7-m/libstdc++_nano.a(new_handler.o)
 .ARM.attributes
                0x00000000000004b5       0x2d /opt/Atollic_TrueSTUDIO_for_STM32_x86_64_9.1.0/ARMTools/bin/../lib/gcc/arm-atollic-eabi/6.3.1/../../../../arm-atollic-eabi/lib/armv7-m/libstdc++_nano.a(eh_exception.o)
 .ARM.attributes
                0x00000000000004e2       0x2d /opt/Atollic_TrueSTUDIO_for_STM32_x86_64_9.1.0/ARMTools/bin/../lib/gcc/arm-atollic-eabi/6.3.1/../../../../arm-atollic-eabi/lib/armv7-m/libstdc++_nano.a(si_class_type_info.o)
 .ARM.attributes
                0x000000000000050f       0x2d /opt/Atollic_TrueSTUDIO_for_STM32_x86_64_9.1.0/ARMTools/bin/../lib/gcc/arm-atollic-eabi/6.3.1/../../../../arm-atollic-eabi/lib/armv7-m/libstdc++_nano.a(del_op.o)
 .ARM.attributes
                0x000000000000053c       0x2d /opt/Atollic_TrueSTUDIO_for_STM32_x86_64_9.1.0/ARMTools/bin/../lib/gcc/arm-atollic-eabi/6.3.1/../../../../arm-atollic-eabi/lib/armv7-m/libstdc++_nano.a(eh_call.o)
 .ARM.attributes
                0x0000000000000569       0x2d /opt/Atollic_TrueSTUDIO_for_STM32_x86_64_9.1.0/ARMTools/bin/../lib/gcc/arm-atollic-eabi/6.3.1/../../../../arm-atollic-eabi/lib/armv7-m/libstdc++_nano.a(eh_catch.o)
 .ARM.attributes
                0x0000000000000596       0x2d /opt/Atollic_TrueSTUDIO_for_STM32_x86_64_9.1.0/ARMTools/bin/../lib/gcc/arm-atollic-eabi/6.3.1/../../../../arm-atollic-eabi/lib/armv7-m/libstdc++_nano.a(eh_terminate.o)
 .ARM.attributes
                0x00000000000005c3       0x2d /opt/Atollic_TrueSTUDIO_for_STM32_x86_64_9.1.0/ARMTools/bin/../lib/gcc/arm-atollic-eabi/6.3.1/../../../../arm-atollic-eabi/lib/armv7-m/libstdc++_nano.a(eh_globals.o)
 .ARM.attributes
                0x00000000000005f0       0x2d /opt/Atollic_TrueSTUDIO_for_STM32_x86_64_9.1.0/ARMTools/bin/../lib/gcc/arm-atollic-eabi/6.3.1/../../../../arm-atollic-eabi/lib/armv7-m/libstdc++_nano.a(eh_term_handler.o)
 .ARM.attributes
                0x000000000000061d       0x2d /opt/Atollic_TrueSTUDIO_for_STM32_x86_64_9.1.0/ARMTools/bin/../lib/gcc/arm-atollic-eabi/6.3.1/../../../../arm-atollic-eabi/lib/armv7-m/libstdc++_nano.a(class_type_info.o)
 .ARM.attributes
                0x000000000000064a       0x2d /opt/Atollic_TrueSTUDIO_for_STM32_x86_64_9.1.0/ARMTools/bin/../lib/gcc/arm-atollic-eabi/6.3.1/../../../../arm-atollic-eabi/lib/armv7-m/libstdc++_nano.a(eh_unex_handler.o)
 .ARM.attributes
                0x0000000000000677       0x2d /opt/Atollic_TrueSTUDIO_for_STM32_x86_64_9.1.0/ARMTools/bin/../lib/gcc/arm-atollic-eabi/6.3.1/../../../../arm-atollic-eabi/lib/armv7-m/libstdc++_nano.a(tinfo.o)
 .ARM.attributes
                0x00000000000006a4       0x2d /opt/Atollic_TrueSTUDIO_for_STM32_x86_64_9.1.0/ARMTools/bin/../lib/gcc/arm-atollic-eabi/6.3.1/../../../../arm-atollic-eabi/lib/armv7-m/libm.a(lib_a-sf_cos.o)
 .ARM.attributes
                0x00000000000006d1       0x2d /opt/Atollic_TrueSTUDIO_for_STM32_x86_64_9.1.0/ARMTools/bin/../lib/gcc/arm-atollic-eabi/6.3.1/../../../../arm-atollic-eabi/lib/armv7-m/libm.a(lib_a-sf_sin.o)
 .ARM.attributes
                0x00000000000006fe       0x2d /opt/Atollic_TrueSTUDIO_for_STM32_x86_64_9.1.0/ARMTools/bin/../lib/gcc/arm-atollic-eabi/6.3.1/../../../../arm-atollic-eabi/lib/armv7-m/libm.a(lib_a-wf_sqrt.o)
 .ARM.attributes
                0x000000000000072b       0x2d /opt/Atollic_TrueSTUDIO_for_STM32_x86_64_9.1.0/ARMTools/bin/../lib/gcc/arm-atollic-eabi/6.3.1/../../../../arm-atollic-eabi/lib/armv7-m/libm.a(lib_a-ef_rem_pio2.o)
 .ARM.attributes
                0x0000000000000758       0x2d /opt/Atollic_TrueSTUDIO_for_STM32_x86_64_9.1.0/ARMTools/bin/../lib/gcc/arm-atollic-eabi/6.3.1/../../../../arm-atollic-eabi/lib/armv7-m/libm.a(lib_a-ef_sqrt.o)
 .ARM.attributes
                0x0000000000000785       0x2d /opt/Atollic_TrueSTUDIO_for_STM32_x86_64_9.1.0/ARMTools/bin/../lib/gcc/arm-atollic-eabi/6.3.1/../../../../arm-atollic-eabi/lib/armv7-m/libm.a(lib_a-kf_cos.o)
 .ARM.attributes
                0x00000000000007b2       0x2d /opt/Atollic_TrueSTUDIO_for_STM32_x86_64_9.1.0/ARMTools/bin/../lib/gcc/arm-atollic-eabi/6.3.1/../../../../arm-atollic-eabi/lib/armv7-m/libm.a(lib_a-kf_rem_pio2.o)
 .ARM.attributes
                0x00000000000007df       0x2d /opt/Atollic_TrueSTUDIO_for_STM32_x86_64_9.1.0/ARMTools/bin/../lib/gcc/arm-atollic-eabi/6.3.1/../../../../arm-atollic-eabi/lib/armv7-m/libm.a(lib_a-kf_sin.o)
 .ARM.attributes
                0x000000000000080c       0x2d /opt/Atollic_TrueSTUDIO_for_STM32_x86_64_9.1.0/ARMTools/bin/../lib/gcc/arm-atollic-eabi/6.3.1/../../../../arm-atollic-eabi/lib/armv7-m/libm.a(lib_a-s_lib_ver.o)
 .ARM.attributes
                0x0000000000000839       0x2d /opt/Atollic_TrueSTUDIO_for_STM32_x86_64_9.1.0/ARMTools/bin/../lib/gcc/arm-atollic-eabi/6.3.1/../../../../arm-atollic-eabi/lib/armv7-m/libm.a(lib_a-s_matherr.o)
 .ARM.attributes
                0x0000000000000866       0x2d /opt/Atollic_TrueSTUDIO_for_STM32_x86_64_9.1.0/ARMTools/bin/../lib/gcc/arm-atollic-eabi/6.3.1/../../../../arm-atollic-eabi/lib/armv7-m/libm.a(lib_a-sf_fabs.o)
 .ARM.attributes