core_cm3.h:1524:22:void NVIC_SetPriority(IRQn_Type, uint32_t)	16	static
gthr-default.h:229:1:int __gthread_key_delete(__gthread_key_t)	16	static
main.cpp:115:5:int main()	16	static
main.cpp:216:17:void TIM2_IRQHandler()	16	static
main.cpp:235:6:void CANtxinit()	4	static
main.cpp:259:6:void SystemClock_Config()	72	static
main.cpp:294:13:void MX_CAN_Init()	8	static
main.cpp:326:13:void MX_SPI2_Init()	8	static
main.cpp:362:13:void MX_TIM4_Init()	56	static
main.cpp:409:13:void MX_TIM3_Init()	56	static
main.cpp:456:13:void MX_TIM2_Init()	32	static
main.cpp:498:13:void MX_USART1_UART_Init()	8	static
main.cpp:528:13:void MX_GPIO_Init()	40	static
main.cpp:578:6:void Error_Handler()	4	static
can.hpp:73:7:void can_pack(uint8_t (&)[8], T) [with T = double]	48	static
main.cpp:583:1:void __static_initialization_and_destruction_0(int, int)	24	static
main.cpp:583:1:cpp)	8	static
