stm32f1xx_hal_msp.c:87:6:HAL_MspInit	8	static
stm32f1xx_hal_msp.c:113:6:HAL_CAN_MspInit	32	static
stm32f1xx_hal_msp.c:154:6:HAL_CAN_MspDeInit	0	static
stm32f1xx_hal_msp.c:184:6:HAL_CRC_MspInit	8	static
stm32f1xx_hal_msp.c:208:6:HAL_CRC_MspDeInit	0	static
stm32f1xx_hal_msp.c:231:6:HAL_SPI_MspInit	32	static
stm32f1xx_hal_msp.c:277:6:HAL_SPI_MspDeInit	8	static
stm32f1xx_hal_msp.c:311:6:HAL_TIM_Encoder_MspInit	40	static
stm32f1xx_hal_msp.c:371:6:HAL_TIM_Base_MspInit	16	static
stm32f1xx_hal_msp.c:398:6:HAL_TIM_Encoder_MspDeInit	0	static
stm32f1xx_hal_msp.c:447:6:HAL_TIM_Base_MspDeInit	0	static
stm32f1xx_hal_msp.c:473:6:HAL_UART_MspInit	32	static
stm32f1xx_hal_msp.c:515:6:HAL_UART_MspDeInit	8	static
