stm32f1xx_hal_msp.c:87:6:HAL_MspInit	8	static
stm32f1xx_hal_msp.c:113:6:HAL_CAN_MspInit	32	static
stm32f1xx_hal_msp.c:154:6:HAL_CAN_MspDeInit	0	static
stm32f1xx_hal_msp.c:184:6:HAL_CRC_MspInit	8	static
stm32f1xx_hal_msp.c:208:6:HAL_CRC_MspDeInit	0	static
stm32f1xx_hal_msp.c:231:6:HAL_SPI_MspInit	32	static
stm32f1xx_hal_msp.c:306:6:HAL_SPI_MspDeInit	8	static
stm32f1xx_hal_msp.c:340:6:HAL_TIM_Encoder_MspInit	40	static
stm32f1xx_hal_msp.c:400:6:HAL_TIM_Base_MspInit	16	static
stm32f1xx_hal_msp.c:427:6:HAL_TIM_Encoder_MspDeInit	0	static
stm32f1xx_hal_msp.c:476:6:HAL_TIM_Base_MspDeInit	0	static
stm32f1xx_hal_msp.c:502:6:HAL_UART_MspInit	32	static
stm32f1xx_hal_msp.c:544:6:HAL_UART_MspDeInit	8	static
